../Core/Src/main.c:85:6:push_audio_fifo	24	static
../Core/Src/main.c:94:10:get_audio_fifo_count	4	static
../Core/Src/main.c:102:9:pop_audio_fifo	16	static
../Core/Src/main.c:116:6:Setup_Tayloe_Mixer_LO	56	static
../Core/Src/main.c:158:5:main	16	static,ignoring_inline_asm
../Core/Src/main.c:222:6:SystemClock_Config	88	static
../Core/Src/main.c:269:13:MX_ADC1_Init	40	static
../Core/Src/main.c:332:13:MX_ADC2_Init	24	static
../Core/Src/main.c:382:13:MX_I2C1_Init	8	static
../Core/Src/main.c:416:13:MX_TIM3_Init	32	static
../Core/Src/main.c:461:13:MX_USB_OTG_FS_PCD_Init	8	static
../Core/Src/main.c:494:13:MX_DMA_Init	16	static
../Core/Src/main.c:512:13:MX_GPIO_Init	24	static
../Core/Src/main.c:530:6:process_adc_buffer	32	static
../Core/Src/main.c:549:6:HAL_ADC_ConvHalfCpltCallback	16	static
../Core/Src/main.c:555:6:HAL_ADC_ConvCpltCallback	16	static
../Core/Src/main.c:566:6:Error_Handler	4	static,ignoring_inline_asm
