../Core/Src/main.c:86:6:push_audio_fifo	24	static
../Core/Src/main.c:95:10:get_audio_fifo_count	4	static
../Core/Src/main.c:103:9:pop_audio_fifo	16	static
../Core/Src/main.c:117:6:Setup_Tayloe_Mixer_LO	56	static
../Core/Src/main.c:159:5:main	16	static,ignoring_inline_asm
../Core/Src/main.c:223:6:SystemClock_Config	88	static
../Core/Src/main.c:270:13:MX_ADC1_Init	40	static
../Core/Src/main.c:333:13:MX_ADC2_Init	24	static
../Core/Src/main.c:383:13:MX_I2C1_Init	8	static
../Core/Src/main.c:417:13:MX_TIM3_Init	32	static
../Core/Src/main.c:462:13:MX_USB_OTG_FS_PCD_Init	8	static
../Core/Src/main.c:495:13:MX_DMA_Init	16	static
../Core/Src/main.c:513:13:MX_GPIO_Init	24	static
../Core/Src/main.c:531:6:process_adc_buffer	32	static
../Core/Src/main.c:550:6:HAL_ADC_ConvHalfCpltCallback	16	static
../Core/Src/main.c:556:6:HAL_ADC_ConvCpltCallback	16	static
../Core/Src/main.c:567:6:Error_Handler	4	static,ignoring_inline_asm
