Archive member included to satisfy reference by file (symbol)

C:/ST/STM32CubeIDE_2.0.0/STM32CubeIDE/plugins/com.st.stm32cube.ide.mcu.externaltools.gnu-tools-for-stm32.14.3.rel1.win32_1.0.100.202602081740/tools/bin/../lib/gcc/arm-none-eabi/14.3.1/../../../../arm-none-eabi/lib/thumb/v7e-m+fp/hard\libc_nano.a(libc_a-exit.o)
                              C:/ST/STM32CubeIDE_2.0.0/STM32CubeIDE/plugins/com.st.stm32cube.ide.mcu.externaltools.gnu-tools-for-stm32.14.3.rel1.win32_1.0.100.202602081740/tools/bin/../lib/gcc/arm-none-eabi/14.3.1/../../../../arm-none-eabi/lib/thumb/v7e-m+fp/hard/crt0.o (exit)
C:/ST/STM32CubeIDE_2.0.0/STM32CubeIDE/plugins/com.st.stm32cube.ide.mcu.externaltools.gnu-tools-for-stm32.14.3.rel1.win32_1.0.100.202602081740/tools/bin/../lib/gcc/arm-none-eabi/14.3.1/../../../../arm-none-eabi/lib/thumb/v7e-m+fp/hard\libc_nano.a(libc_a-findfp.o)
                              C:/ST/STM32CubeIDE_2.0.0/STM32CubeIDE/plugins/com.st.stm32cube.ide.mcu.externaltools.gnu-tools-for-stm32.14.3.rel1.win32_1.0.100.202602081740/tools/bin/../lib/gcc/arm-none-eabi/14.3.1/../../../../arm-none-eabi/lib/thumb/v7e-m+fp/hard\libc_nano.a(libc_a-exit.o) (__stdio_exit_handler)
C:/ST/STM32CubeIDE_2.0.0/STM32CubeIDE/plugins/com.st.stm32cube.ide.mcu.externaltools.gnu-tools-for-stm32.14.3.rel1.win32_1.0.100.202602081740/tools/bin/../lib/gcc/arm-none-eabi/14.3.1/../../../../arm-none-eabi/lib/thumb/v7e-m+fp/hard\libc_nano.a(libc_a-fwalk.o)
                              C:/ST/STM32CubeIDE_2.0.0/STM32CubeIDE/plugins/com.st.stm32cube.ide.mcu.externaltools.gnu-tools-for-stm32.14.3.rel1.win32_1.0.100.202602081740/tools/bin/../lib/gcc/arm-none-eabi/14.3.1/../../../../arm-none-eabi/lib/thumb/v7e-m+fp/hard\libc_nano.a(libc_a-findfp.o) (_fwalk_sglue)
C:/ST/STM32CubeIDE_2.0.0/STM32CubeIDE/plugins/com.st.stm32cube.ide.mcu.externaltools.gnu-tools-for-stm32.14.3.rel1.win32_1.0.100.202602081740/tools/bin/../lib/gcc/arm-none-eabi/14.3.1/../../../../arm-none-eabi/lib/thumb/v7e-m+fp/hard\libc_nano.a(libc_a-sprintf.o)
                              ./Core/Src/cdc_app.o (sprintf)
C:/ST/STM32CubeIDE_2.0.0/STM32CubeIDE/plugins/com.st.stm32cube.ide.mcu.externaltools.gnu-tools-for-stm32.14.3.rel1.win32_1.0.100.202602081740/tools/bin/../lib/gcc/arm-none-eabi/14.3.1/../../../../arm-none-eabi/lib/thumb/v7e-m+fp/hard\libc_nano.a(libc_a-stdio.o)
                              C:/ST/STM32CubeIDE_2.0.0/STM32CubeIDE/plugins/com.st.stm32cube.ide.mcu.externaltools.gnu-tools-for-stm32.14.3.rel1.win32_1.0.100.202602081740/tools/bin/../lib/gcc/arm-none-eabi/14.3.1/../../../../arm-none-eabi/lib/thumb/v7e-m+fp/hard\libc_nano.a(libc_a-findfp.o) (__sread)
C:/ST/STM32CubeIDE_2.0.0/STM32CubeIDE/plugins/com.st.stm32cube.ide.mcu.externaltools.gnu-tools-for-stm32.14.3.rel1.win32_1.0.100.202602081740/tools/bin/../lib/gcc/arm-none-eabi/14.3.1/../../../../arm-none-eabi/lib/thumb/v7e-m+fp/hard\libc_nano.a(libc_a-memset.o)
                              C:/ST/STM32CubeIDE_2.0.0/STM32CubeIDE/plugins/com.st.stm32cube.ide.mcu.externaltools.gnu-tools-for-stm32.14.3.rel1.win32_1.0.100.202602081740/tools/bin/../lib/gcc/arm-none-eabi/14.3.1/../../../../arm-none-eabi/lib/thumb/v7e-m+fp/hard/crt0.o (memset)
C:/ST/STM32CubeIDE_2.0.0/STM32CubeIDE/plugins/com.st.stm32cube.ide.mcu.externaltools.gnu-tools-for-stm32.14.3.rel1.win32_1.0.100.202602081740/tools/bin/../lib/gcc/arm-none-eabi/14.3.1/../../../../arm-none-eabi/lib/thumb/v7e-m+fp/hard\libc_nano.a(libc_a-closer.o)
                              C:/ST/STM32CubeIDE_2.0.0/STM32CubeIDE/plugins/com.st.stm32cube.ide.mcu.externaltools.gnu-tools-for-stm32.14.3.rel1.win32_1.0.100.202602081740/tools/bin/../lib/gcc/arm-none-eabi/14.3.1/../../../../arm-none-eabi/lib/thumb/v7e-m+fp/hard\libc_nano.a(libc_a-stdio.o) (_close_r)
C:/ST/STM32CubeIDE_2.0.0/STM32CubeIDE/plugins/com.st.stm32cube.ide.mcu.externaltools.gnu-tools-for-stm32.14.3.rel1.win32_1.0.100.202602081740/tools/bin/../lib/gcc/arm-none-eabi/14.3.1/../../../../arm-none-eabi/lib/thumb/v7e-m+fp/hard\libc_nano.a(libc_a-reent.o)
                              C:/ST/STM32CubeIDE_2.0.0/STM32CubeIDE/plugins/com.st.stm32cube.ide.mcu.externaltools.gnu-tools-for-stm32.14.3.rel1.win32_1.0.100.202602081740/tools/bin/../lib/gcc/arm-none-eabi/14.3.1/../../../../arm-none-eabi/lib/thumb/v7e-m+fp/hard\libc_nano.a(libc_a-closer.o) (errno)
C:/ST/STM32CubeIDE_2.0.0/STM32CubeIDE/plugins/com.st.stm32cube.ide.mcu.externaltools.gnu-tools-for-stm32.14.3.rel1.win32_1.0.100.202602081740/tools/bin/../lib/gcc/arm-none-eabi/14.3.1/../../../../arm-none-eabi/lib/thumb/v7e-m+fp/hard\libc_nano.a(libc_a-impure.o)
                              C:/ST/STM32CubeIDE_2.0.0/STM32CubeIDE/plugins/com.st.stm32cube.ide.mcu.externaltools.gnu-tools-for-stm32.14.3.rel1.win32_1.0.100.202602081740/tools/bin/../lib/gcc/arm-none-eabi/14.3.1/../../../../arm-none-eabi/lib/thumb/v7e-m+fp/hard\libc_nano.a(libc_a-sprintf.o) (_impure_ptr)
[...]
Memory Configuration

Name             Origin             Length             Attributes
RAM              0x20000000         0x00020000         xrw
FLASH            0x08000000         0x00080000         xr
*default*        0x00000000         0xffffffff

Linker script and memory map

LOAD C:/ST/STM32CubeIDE_2.0.0/STM32CubeIDE/plugins/com.st.stm32cube.ide.mcu.externaltools.gnu-tools-for-stm32.14.3.rel1.win32_1.0.100.202602081740/tools/bin/../lib/gcc/arm-none-eabi/14.3.1/thumb/v7e-m+fp/hard/crti.o
LOAD C:/ST/STM32CubeIDE_2.0.0/STM32CubeIDE/plugins/com.st.stm32cube.ide.mcu.externaltools.gnu-tools-for-stm32.14.3.rel1.win32_1.0.100.202602081740/tools/bin/../lib/gcc/arm-none-eabi/14.3.1/thumb/v7e-m+fp/hard/crtbegin.o
LOAD C:/ST/STM32CubeIDE_2.0.0/STM32CubeIDE/plugins/com.st.stm32cube.ide.mcu.externaltools.gnu-tools-for-stm32.14.3.rel1.win32_1.0.100.202602081740/tools/bin/../lib/gcc/arm-none-eabi/14.3.1/../../../../arm-none-eabi/lib/thumb/v7e-m+fp/hard/crt0.o
LOAD ./Core/Src/cdc_app.o
LOAD ./Core/Src/main.o
LOAD ./Core/Src/si5351.o
LOAD ./Core/Src/stm32f4xx_hal_msp.o
LOAD ./Core/Src/stm32f4xx_it.o
LOAD ./Core/Src/syscalls.o
LOAD ./Core/Src/sysmem.o
LOAD ./Core/Src/system_stm32f4xx.o
LOAD ./Core/Src/uac2_app.o
LOAD ./Core/Src/usb_descriptors.o
LOAD ./Core/Startup/startup_stm32f411ceux.o
LOAD ./Drivers/STM32F4xx_HAL_Driver/Src/stm32f4xx_hal.o
LOAD ./Drivers/STM32F4xx_HAL_Driver/Src/stm32f4xx_hal_cortex.o
LOAD ./Drivers/STM32F4xx_HAL_Driver/Src/stm32f4xx_hal_dma.o
LOAD ./Drivers/STM32F4xx_HAL_Driver/Src/stm32f4xx_hal_dma_ex.o
LOAD ./Drivers/STM32F4xx_HAL_Driver/Src/stm32f4xx_hal_exti.o
LOAD ./Drivers/STM32F4xx_HAL_Driver/Src/stm32f4xx_hal_flash.o
LOAD ./Drivers/STM32F4xx_HAL_Driver/Src/stm32f4xx_hal_flash_ex.o
LOAD ./Drivers/STM32F4xx_HAL_Driver/Src/stm32f4xx_hal_flash_ramfunc.o
LOAD ./Drivers/STM32F4xx_HAL_Driver/Src/stm32f4xx_hal_gpio.o
LOAD ./Drivers/STM32F4xx_HAL_Driver/Src/stm32f4xx_hal_i2c.o
LOAD ./Drivers/STM32F4xx_HAL_Driver/Src/stm32f4xx_hal_i2c_ex.o
LOAD ./Drivers/STM32F4xx_HAL_Driver/Src/stm32f4xx_hal_pcd.o
LOAD ./Drivers/STM32F4xx_HAL_Driver/Src/stm32f4xx_hal_pcd_ex.o
LOAD ./Drivers/STM32F4xx_HAL_Driver/Src/stm32f4xx_hal_pwr.o
LOAD ./Drivers/STM32F4xx_HAL_Driver/Src/stm32f4xx_hal_pwr_ex.o
LOAD ./Drivers/STM32F4xx_HAL_Driver/Src/stm32f4xx_hal_rcc.o
LOAD ./Drivers/STM32F4xx_HAL_Driver/Src/stm32f4xx_hal_rcc_ex.o
LOAD ./Drivers/STM32F4xx_HAL_Driver/Src/stm32f4xx_ll_usb.o
LOAD ./tinyusb-0.20.0/src/class/audio/audio_device.o
LOAD ./tinyusb-0.20.0/src/class/bth/bth_device.o
LOAD ./tinyusb-0.20.0/src/class/cdc/cdc_device.o
LOAD ./tinyusb-0.20.0/src/class/cdc/cdc_host.o
LOAD ./tinyusb-0.20.0/src/class/cdc/cdc_rndis_host.o
LOAD ./tinyusb-0.20.0/src/class/dfu/dfu_device.o
LOAD ./tinyusb-0.20.0/src/class/dfu/dfu_rt_device.o
LOAD ./tinyusb-0.20.0/src/class/hid/hid_device.o
LOAD ./tinyusb-0.20.0/src/class/hid/hid_host.o
LOAD ./tinyusb-0.20.0/src/class/midi/midi_device.o
LOAD ./tinyusb-0.20.0/src/class/midi/midi_host.o
LOAD ./tinyusb-0.20.0/src/class/msc/msc_device.o
LOAD ./tinyusb-0.20.0/src/class/msc/msc_host.o
LOAD ./tinyusb-0.20.0/src/class/mtp/mtp_device.o
LOAD ./tinyusb-0.20.0/src/class/net/ecm_rndis_device.o
LOAD ./tinyusb-0.20.0/src/class/net/ncm_device.o
LOAD ./tinyusb-0.20.0/src/class/usbtmc/usbtmc_device.o
LOAD ./tinyusb-0.20.0/src/class/vendor/vendor_device.o
LOAD ./tinyusb-0.20.0/src/class/vendor/vendor_host.o
LOAD ./tinyusb-0.20.0/src/class/video/video_device.o
LOAD ./tinyusb-0.20.0/src/common/tusb_fifo.o
LOAD ./tinyusb-0.20.0/src/device/usbd.o
LOAD ./tinyusb-0.20.0/src/device/usbd_control.o
LOAD ./tinyusb-0.20.0/src/host/hub.o
LOAD ./tinyusb-0.20.0/src/host/usbh.o
LOAD ./tinyusb-0.20.0/src/portable/analog/max3421/hcd_max3421.o
LOAD ./tinyusb-0.20.0/src/portable/bridgetek/ft9xx/dcd_ft9xx.o
LOAD ./tinyusb-0.20.0/src/portable/chipidea/ci_fs/dcd_ci_fs.o
LOAD ./tinyusb-0.20.0/src/portable/chipidea/ci_hs/dcd_ci_hs.o
LOAD ./tinyusb-0.20.0/src/portable/chipidea/ci_hs/hcd_ci_hs.o
LOAD ./tinyusb-0.20.0/src/portable/dialog/da146xx/dcd_da146xx.o
LOAD ./tinyusb-0.20.0/src/portable/ehci/ehci.o
LOAD ./tinyusb-0.20.0/src/portable/mentor/musb/dcd_musb.o
LOAD ./tinyusb-0.20.0/src/portable/mentor/musb/hcd_musb.o
LOAD ./tinyusb-0.20.0/src/portable/microchip/pic/dcd_pic.o
LOAD ./tinyusb-0.20.0/src/portable/microchip/pic32mz/dcd_pic32mz.o
LOAD ./tinyusb-0.20.0/src/portable/microchip/samd/dcd_samd.o
LOAD ./tinyusb-0.20.0/src/portable/microchip/samd/hcd_samd.o
LOAD ./tinyusb-0.20.0/src/portable/microchip/samg/dcd_samg.o
LOAD ./tinyusb-0.20.0/src/portable/microchip/samx7x/dcd_samx7x.o
LOAD ./tinyusb-0.20.0/src/portable/mindmotion/mm32/dcd_mm32f327x_otg.o
LOAD ./tinyusb-0.20.0/src/portable/nordic/nrf5x/dcd_nrf5x.o
LOAD ./tinyusb-0.20.0/src/portable/nuvoton/nuc120/dcd_nuc120.o
LOAD ./tinyusb-0.20.0/src/portable/nuvoton/nuc121/dcd_nuc121.o
LOAD ./tinyusb-0.20.0/src/portable/nuvoton/nuc505/dcd_nuc505.o
LOAD ./tinyusb-0.20.0/src/portable/nxp/khci/dcd_khci.o
LOAD ./tinyusb-0.20.0/src/portable/nxp/khci/hcd_khci.o
LOAD ./tinyusb-0.20.0/src/portable/nxp/lpc17_40/dcd_lpc17_40.o
LOAD ./tinyusb-0.20.0/src/portable/nxp/lpc_ip3511/dcd_lpc_ip3511.o
LOAD ./tinyusb-0.20.0/src/portable/ohci/ohci.o
LOAD ./tinyusb-0.20.0/src/portable/raspberrypi/pio_usb/dcd_pio_usb.o
LOAD ./tinyusb-0.20.0/src/portable/raspberrypi/pio_usb/hcd_pio_usb.o
LOAD ./tinyusb-0.20.0/src/portable/raspberrypi/rp2040/dcd_rp2040.o
LOAD ./tinyusb-0.20.0/src/portable/raspberrypi/rp2040/hcd_rp2040.o
LOAD ./tinyusb-0.20.0/src/portable/raspberrypi/rp2040/rp2040_usb.o
LOAD ./tinyusb-0.20.0/src/portable/renesas/rusb2/dcd_rusb2.o
LOAD ./tinyusb-0.20.0/src/portable/renesas/rusb2/hcd_rusb2.o
LOAD ./tinyusb-0.20.0/src/portable/renesas/rusb2/rusb2_common.o
LOAD ./tinyusb-0.20.0/src/portable/sony/cxd56/dcd_cxd56.o
LOAD ./tinyusb-0.20.0/src/portable/st/stm32_fsdev/dcd_stm32_fsdev.o
LOAD ./tinyusb-0.20.0/src/portable/st/typec/typec_stm32.o
LOAD ./tinyusb-0.20.0/src/portable/sunxi/dcd_sunxi_musb.o
LOAD ./tinyusb-0.20.0/src/portable/synopsys/dwc2/dcd_dwc2.o
LOAD ./tinyusb-0.20.0/src/portable/synopsys/dwc2/dwc2_common.o
LOAD ./tinyusb-0.20.0/src/portable/synopsys/dwc2/hcd_dwc2.o
LOAD ./tinyusb-0.20.0/src/portable/template/dcd_template.o
LOAD ./tinyusb-0.20.0/src/portable/template/hcd_template.o
LOAD ./tinyusb-0.20.0/src/portable/ti/msp430x5xx/dcd_msp430x5xx.o
LOAD ./tinyusb-0.20.0/src/portable/valentyusb/eptri/dcd_eptri.o
LOAD ./tinyusb-0.20.0/src/portable/wch/dcd_ch32_usbfs.o
LOAD ./tinyusb-0.20.0/src/portable/wch/dcd_ch32_usbhs.o
LOAD ./tinyusb-0.20.0/src/portable/wch/hcd_ch32_usbfs.o
LOAD ./tinyusb-0.20.0/src/tusb.o
LOAD ./tinyusb-0.20.0/src/typec/usbc.o
START GROUP
LOAD C:/ST/STM32CubeIDE_2.0.0/STM32CubeIDE/plugins/com.st.stm32cube.ide.mcu.externaltools.gnu-tools-for-stm32.14.3.rel1.win32_1.0.100.202602081740/tools/bin/../lib/gcc/arm-none-eabi/14.3.1/../../../../arm-none-eabi/lib/thumb/v7e-m+fp/hard\libc_nano.a
LOAD C:/ST/STM32CubeIDE_2.0.0/STM32CubeIDE/plugins/com.st.stm32cube.ide.mcu.externaltools.gnu-tools-for-stm32.14.3.rel1.win32_1.0.100.202602081740/tools/bin/../lib/gcc/arm-none-eabi/14.3.1/../../../../arm-none-eabi/lib/thumb/v7e-m+fp/hard\libm.a
END GROUP
START GROUP
LOAD C:/ST/STM32CubeIDE_2.0.0/STM32CubeIDE/plugins/com.st.stm32cube.ide.mcu.externaltools.gnu-tools-for-stm32.14.3.rel1.win32_1.0.100.202602081740/tools/bin/../lib/gcc/arm-none-eabi/14.3.1/thumb/v7e-m+fp/hard\libgcc.a
LOAD C:/ST/STM32CubeIDE_2.0.0/STM32CubeIDE/plugins/com.st.stm32cube.ide.mcu.externaltools.gnu-tools-for-stm32.14.3.rel1.win32_1.0.100.202602081740/tools/bin/../lib/gcc/arm-none-eabi/14.3.1/../../../../arm-none-eabi/lib/thumb/v7e-m+fp/hard\libc_nano.a
END GROUP
START GROUP
LOAD C:/ST/STM32CubeIDE_2.0.0/STM32CubeIDE/plugins/com.st.stm32cube.ide.mcu.externaltools.gnu-tools-for-stm32.14.3.rel1.win32_1.0.100.202602081740/tools/bin/../lib/gcc/arm-none-eabi/14.3.1/thumb/v7e-m+fp/hard\libgcc.a
LOAD C:/ST/STM32CubeIDE_2.0.0/STM32CubeIDE/plugins/com.st.stm32cube.ide.mcu.externaltools.gnu-tools-for-stm32.14.3.rel1.win32_1.0.100.202602081740/tools/bin/../lib/gcc/arm-none-eabi/14.3.1/../../../../arm-none-eabi/lib/thumb/v7e-m+fp/hard\libc_nano.a
LOAD C:/ST/STM32CubeIDE_2.0.0/STM32CubeIDE/plugins/com.st.stm32cube.ide.mcu.externaltools.gnu-tools-for-stm32.14.3.rel1.win32_1.0.100.202602081740/tools/bin/../lib/gcc/arm-none-eabi/14.3.1/../../../../arm-none-eabi/lib/thumb/v7e-m+fp/hard\libnosys.a
END GROUP
START GROUP
LOAD C:/ST/STM32CubeIDE_2.0.0/STM32CubeIDE/plugins/com.st.stm32cube.ide.mcu.externaltools.gnu-tools-for-stm32.14.3.rel1.win32_1.0.100.202602081740/tools/bin/../lib/gcc/arm-none-eabi/14.3.1/thumb/v7e-m+fp/hard\libgcc.a
LOAD C:/ST/STM32CubeIDE_2.0.0/STM32CubeIDE/plugins/com.st.stm32cube.ide.mcu.externaltools.gnu-tools-for-stm32.14.3.rel1.win32_1.0.100.202602081740/tools/bin/../lib/gcc/arm-none-eabi/14.3.1/../../../../arm-none-eabi/lib/thumb/v7e-m+fp/hard\libc_nano.a
LOAD C:/ST/STM32CubeIDE_2.0.0/STM32CubeIDE/plugins/com.st.stm32cube.ide.mcu.externaltools.gnu-tools-for-stm32.14.3.rel1.win32_1.0.100.202602081740/tools/bin/../lib/gcc/arm-none-eabi/14.3.1/../../../../arm-none-eabi/lib/thumb/v7e-m+fp/hard\libnosys.a
END GROUP
LOAD C:/ST/STM32CubeIDE_2.0.0/STM32CubeIDE/plugins/com.st.stm32cube.ide.mcu.externaltools.gnu-tools-for-stm32.14.3.rel1.win32_1.0.100.202602081740/tools/bin/../lib/gcc/arm-none-eabi/14.3.1/thumb/v7e-m+fp/hard/crtend.o
LOAD C:/ST/STM32CubeIDE_2.0.0/STM32CubeIDE/plugins/com.st.stm32cube.ide.mcu.externaltools.gnu-tools-for-stm32.14.3.rel1.win32_1.0.100.202602081740/tools/bin/../lib/gcc/arm-none-eabi/14.3.1/thumb/v7e-m+fp/hard/crtn.o
                0x20020000                        _estack = (ORIGIN (RAM) + LENGTH (RAM))
                0x00000600                        _Min_Heap_Size = 0x600
                0x00001000                        _Min_Stack_Size = 0x1000

.isr_vector     0x08000000      0x198
                0x08000000                        . = ALIGN (0x4)
 *(.isr_vector)
 .isr_vector    0x08000000      0x198 ./Core/Startup/startup_stm32f411ceux.o
                0x08000000                g_pfnVectors
                0x08000198                        . = ALIGN (0x4)

.text           0x080001a0     0xc0c0
                0x080001a0                        . = ALIGN (0x4)
 *(.text)
 .text          0x080001a0       0x40 C:/ST/STM32CubeIDE_2.0.0/STM32CubeIDE/plugins/com.st.stm32cube.ide.mcu.externaltools.gnu-tools-for-stm32.14.3.rel1.win32_1.0.100.202602081740/tools/bin/../lib/gcc/arm-none-eabi/14.3.1/thumb/v7e-m+fp/hard/crtbegin.o
 .text          0x080001e0       0x10 C:/ST/STM32CubeIDE_2.0.0/STM32CubeIDE/plugins/com.st.stm32cube.ide.mcu.externaltools.gnu-tools-for-stm32.14.3.rel1.win32_1.0.100.202602081740/tools/bin/../lib/gcc/arm-none-eabi/14.3.1/../../../../arm-none-eabi/lib/thumb/v7e-m+fp/hard\libc_nano.a(libc_a-strlen.o)
                0x080001e0                strlen
 .text          0x080001f0       0xa0 C:/ST/STM32CubeIDE_2.0.0/STM32CubeIDE/plugins/com.st.stm32cube.ide.mcu.externaltools.gnu-tools-for-stm32.14.3.rel1.win32_1.0.100.202602081740/tools/bin/../lib/gcc/arm-none-eabi/14.3.1/../../../../arm-none-eabi/lib/thumb/v7e-m+fp/hard\libc_nano.a(libc_a-memchr.o)
                0x080001f0                memchr
 .text          0x08000290       0x30 C:/ST/STM32CubeIDE_2.0.0/STM32CubeIDE/plugins/com.st.stm32cube.ide.mcu.externaltools.gnu-tools-for-stm32.14.3.rel1.win32_1.0.100.202602081740/tools/bin/../lib/gcc/arm-none-eabi/14.3.1/thumb/v7e-m+fp/hard\libgcc.a(_aeabi_uldivmod.o)
                0x08000290                __aeabi_uldivmod
 .text          0x080002c0      0x2f8 C:/ST/STM32CubeIDE_2.0.0/STM32CubeIDE/plugins/com.st.stm32cube.ide.mcu.externaltools.gnu-tools-for-stm32.14.3.rel1.win32_1.0.100.202602081740/tools/bin/../lib/gcc/arm-none-eabi/14.3.1/thumb/v7e-m+fp/hard\libgcc.a(_udivmoddi4.o)
                0x080002c0                __udivmoddi4
 .text          0x080005b8        0x4 C:/ST/STM32CubeIDE_2.0.0/STM32CubeIDE/plugins/com.st.stm32cube.ide.mcu.externaltools.gnu-tools-for-stm32.14.3.rel1.win32_1.0.100.202602081740/tools/bin/../lib/gcc/arm-none-eabi/14.3.1/thumb/v7e-m+fp/hard\libgcc.a(_dvmd_tls.o)
                0x080005b8                __aeabi_idiv0
                0x080005b8                __aeabi_ldiv0
 *(.text*)
 .text.tud_cdc_line_state_cb
                0x080005bc       0x1e ./Core/Src/cdc_app.o
                0x080005bc                tud_cdc_line_state_cb
 *fill*         0x080005da        0x2 
 .text.tud_cdc_rx_cb
                0x080005dc      0x128 ./Core/Src/cdc_app.o
                0x080005dc                tud_cdc_rx_cb
 .text.Setup_Tayloe_Mixer_LO
                0x08000704       0x60 ./Core/Src/main.o
                0x08000704                Setup_Tayloe_Mixer_LO
 .text.main     0x08000764       0x70 ./Core/Src/main.o
                0x08000764                main
 .text.SystemClock_Config
                0x080007d4       0xd0 ./Core/Src/main.o
                0x080007d4                SystemClock_Config
 .text.MX_I2C1_Init
                0x080008a4       0x5c ./Core/Src/main.o
 .text.MX_USB_OTG_FS_PCD_Init
                0x08000900       0x5c ./Core/Src/main.o
 .text.MX_GPIO_Init
                0x0800095c       0x88 ./Core/Src/main.o
 .text.Error_Handler
                0x080009e4        0xc ./Core/Src/main.o
                0x080009e4                Error_Handler
 .text.si5351_Init
                0x080009f0       0x70 ./Core/Src/si5351.o
                0x080009f0                si5351_Init
 .text.si5351_SetupPLL
                0x08000a60       0x7e ./Core/Src/si5351.o
                0x08000a60                si5351_SetupPLL
 .text.si5351_SetupOutput
                0x08000ade      0x15a ./Core/Src/si5351.o
                0x08000ade                si5351_SetupOutput
 .text.si5351_CalcIQ
                0x08000c38      0x120 ./Core/Src/si5351.o
                0x08000c38                si5351_CalcIQ
 .text.si5351_EnableOutputs
                0x08000d58       0x20 ./Core/Src/si5351.o
                0x08000d58                si5351_EnableOutputs
 .text.si5351_write
                0x08000d78       0x50 ./Core/Src/si5351.o
                0x08000d78                si5351_write
 .text.si5351_writeBulk
                0x08000dc8       0xee ./Core/Src/si5351.o
                0x08000dc8                si5351_writeBulk
 *fill*         0x08000eb6        0x2 
 .text.HAL_MspInit
                0x08000eb8       0x50 ./Core/Src/stm32f4xx_hal_msp.o
                0x08000eb8                HAL_MspInit
 .text.HAL_I2C_MspInit
                0x08000f08       0x90 ./Core/Src/stm32f4xx_hal_msp.o
                0x08000f08                HAL_I2C_MspInit
 .text.HAL_PCD_MspInit
                0x08000f98       0xa8 ./Core/Src/stm32f4xx_hal_msp.o
                0x08000f98                HAL_PCD_MspInit
 .text.NMI_Handler
                0x08001040        0x8 ./Core/Src/stm32f4xx_it.o
                0x08001040                NMI_Handler
 .text.HardFault_Handler
                0x08001048        0x8 ./Core/Src/stm32f4xx_it.o
                0x08001048                HardFault_Handler
 .text.MemManage_Handler
                0x08001050        0x8 ./Core/Src/stm32f4xx_it.o
                0x08001050                MemManage_Handler
 .text.BusFault_Handler
                0x08001058        0x8 ./Core/Src/stm32f4xx_it.o
                0x08001058                BusFault_Handler
 .text.UsageFault_Handler
                0x08001060        0x8 ./Core/Src/stm32f4xx_it.o
                0x08001060                UsageFault_Handler
 .text.SVC_Handler
                0x08001068        0xe ./Core/Src/stm32f4xx_it.o
                0x08001068                SVC_Handler
 .text.DebugMon_Handler
                0x08001076        0xe ./Core/Src/stm32f4xx_it.o
                0x08001076                DebugMon_Handler
 .text.PendSV_Handler
                0x08001084        0xe ./Core/Src/stm32f4xx_it.o
                0x08001084                PendSV_Handler
 .text.SysTick_Handler
                0x08001092        0xc ./Core/Src/stm32f4xx_it.o
                0x08001092                SysTick_Handler
 .text.OTG_FS_IRQHandler
                0x0800109e        0xe ./Core/Src/stm32f4xx_it.o
                0x0800109e                OTG_FS_IRQHandler
 .text._sbrk    0x080010ac       0x6c ./Core/Src/sysmem.o
                0x080010ac                _sbrk
 .text.SystemInit
                0x08001118       0x24 ./Core/Src/system_stm32f4xx.o
                0x08001118                SystemInit
 .text.audio_task
                0x0800113c        0xe ./Core/Src/uac2_app.o
                0x0800113c                audio_task
 *fill*         0x0800114a        0x2 
 .text.tud_audio_clock_get_request
                0x0800114c      0x138 ./Core/Src/uac2_app.o
 .text.tud_audio_clock_set_request
                0x08001284       0x74 ./Core/Src/uac2_app.o
 .text.tud_audio_feature_unit_get_request
                0x080012f8       0xcc ./Core/Src/uac2_app.o
 .text.tud_audio_feature_unit_set_request
                0x080013c4       0xac ./Core/Src/uac2_app.o
 .text.tud_audio_get_req_entity_cb
                0x08001470       0x46 ./Core/Src/uac2_app.o
                0x08001470                tud_audio_get_req_entity_cb
 .text.tud_audio_set_req_entity_cb
                0x080014b6       0x4c ./Core/Src/uac2_app.o
                0x080014b6                tud_audio_set_req_entity_cb
 *fill*         0x08001502        0x2 
 .text.tud_audio_set_itf_close_ep_cb
                0x08001504       0x50 ./Core/Src/uac2_app.o
                0x08001504                tud_audio_set_itf_close_ep_cb
 .text.tud_audio_set_itf_cb
                0x08001554       0x68 ./Core/Src/uac2_app.o
                0x08001554                tud_audio_set_itf_cb
 .text.tud_audio_rx_done_isr
                0x080015bc       0x2a ./Core/Src/uac2_app.o
                0x080015bc                tud_audio_rx_done_isr
 *fill*         0x080015e6        0x2 
 .text.tud_audio_tx_done_isr
                0x080015e8       0x4c ./Core/Src/uac2_app.o
                0x080015e8                tud_audio_tx_done_isr
 .text.tud_descriptor_device_cb
                0x08001634       0x14 ./Core/Src/usb_descriptors.o
                0x08001634                tud_descriptor_device_cb
 .text.tud_descriptor_configuration_cb
                0x08001648       0x1c ./Core/Src/usb_descriptors.o
                0x08001648                tud_descriptor_configuration_cb
 .text.tud_descriptor_string_cb
                0x08001664       0xa4 ./Core/Src/usb_descriptors.o
                0x08001664                tud_descriptor_string_cb
 .text.Reset_Handler
                0x08001708       0x50 ./Core/Startup/startup_stm32f411ceux.o
                0x08001708                Reset_Handler
 .text.Default_Handler
                0x08001758        0x2 ./Core/Startup/startup_stm32f411ceux.o
                0x08001758                RTC_Alarm_IRQHandler
                0x08001758                EXTI2_IRQHandler
                0x08001758                SPI4_IRQHandler
                0x08001758                TIM1_CC_IRQHandler
                0x08001758                DMA2_Stream5_IRQHandler
                0x08001758                DMA1_Stream5_IRQHandler
                0x08001758                PVD_IRQHandler
                0x08001758                SDIO_IRQHandler
                0x08001758                TAMP_STAMP_IRQHandler
                0x08001758                EXTI3_IRQHandler
                0x08001758                TIM1_UP_TIM10_IRQHandler
                0x08001758                I2C3_ER_IRQHandler
                0x08001758                EXTI0_IRQHandler
                0x08001758                I2C2_EV_IRQHandler
                0x08001758                DMA1_Stream2_IRQHandler
                0x08001758                FPU_IRQHandler
                0x08001758                DMA2_Stream2_IRQHandler
                0x08001758                SPI1_IRQHandler
                0x08001758                TIM1_BRK_TIM9_IRQHandler
                0x08001758                DMA2_Stream3_IRQHandler
                0x08001758                USART6_IRQHandler
                0x08001758                DMA2_Stream0_IRQHandler
                0x08001758                TIM4_IRQHandler
                0x08001758                I2C1_EV_IRQHandler
                0x08001758                DMA1_Stream6_IRQHandler
                0x08001758                DMA1_Stream1_IRQHandler
                0x08001758                TIM3_IRQHandler
                0x08001758                RCC_IRQHandler
                0x08001758                Default_Handler
                0x08001758                EXTI15_10_IRQHandler
                0x08001758                ADC_IRQHandler
                0x08001758                DMA1_Stream7_IRQHandler
                0x08001758                SPI5_IRQHandler
                0x08001758                TIM5_IRQHandler
                0x08001758                DMA2_Stream7_IRQHandler
                0x08001758                I2C3_EV_IRQHandler
                0x08001758                EXTI9_5_IRQHandler
                0x08001758                RTC_WKUP_IRQHandler
                0x08001758                SPI2_IRQHandler
                0x08001758                DMA1_Stream0_IRQHandler
                0x08001758                EXTI4_IRQHandler
                0x08001758                WWDG_IRQHandler
                0x08001758                TIM2_IRQHandler
                0x08001758                OTG_FS_WKUP_IRQHandler
                0x08001758                TIM1_TRG_COM_TIM11_IRQHandler
                0x08001758                EXTI1_IRQHandler
                0x08001758                USART2_IRQHandler
                0x08001758                I2C2_ER_IRQHandler
                0x08001758                DMA2_Stream1_IRQHandler
                0x08001758                FLASH_IRQHandler
                0x08001758                DMA2_Stream4_IRQHandler
                0x08001758                USART1_IRQHandler
                0x08001758                SPI3_IRQHandler
                0x08001758                DMA1_Stream4_IRQHandler
                0x08001758                I2C1_ER_IRQHandler
                0x08001758                DMA2_Stream6_IRQHandler
                0x08001758                DMA1_Stream3_IRQHandler
 *fill*         0x0800175a        0x2 
 .text.HAL_Init
                0x0800175c       0x44 ./Drivers/STM32F4xx_HAL_Driver/Src/stm32f4xx_hal.o
                0x0800175c                HAL_Init
 .text.HAL_InitTick
                0x080017a0       0x60 ./Drivers/STM32F4xx_HAL_Driver/Src/stm32f4xx_hal.o
                0x080017a0                HAL_InitTick
 .text.HAL_IncTick
                0x08001800       0x28 ./Drivers/STM32F4xx_HAL_Driver/Src/stm32f4xx_hal.o
                0x08001800                HAL_IncTick
 .text.HAL_GetTick
                0x08001828       0x18 ./Drivers/STM32F4xx_HAL_Driver/Src/stm32f4xx_hal.o
                0x08001828                HAL_GetTick
 .text.HAL_Delay
                0x08001840       0x48 ./Drivers/STM32F4xx_HAL_Driver/Src/stm32f4xx_hal.o
                0x08001840                HAL_Delay
 .text.__NVIC_SetPriorityGrouping
                0x08001888       0x48 ./Drivers/STM32F4xx_HAL_Driver/Src/stm32f4xx_hal_cortex.o
 .text.__NVIC_GetPriorityGrouping
                0x080018d0       0x1c ./Drivers/STM32F4xx_HAL_Driver/Src/stm32f4xx_hal_cortex.o
 .text.__NVIC_EnableIRQ
                0x080018ec       0x3c ./Drivers/STM32F4xx_HAL_Driver/Src/stm32f4xx_hal_cortex.o
 .text.__NVIC_SetPriority
                0x08001928       0x54 ./Drivers/STM32F4xx_HAL_Driver/Src/stm32f4xx_hal_cortex.o
 .text.NVIC_EncodePriority
                0x0800197c       0x66 ./Drivers/STM32F4xx_HAL_Driver/Src/stm32f4xx_hal_cortex.o
 *fill*         0x080019e2        0x2 
 .text.SysTick_Config
                0x080019e4       0x44 ./Drivers/STM32F4xx_HAL_Driver/Src/stm32f4xx_hal_cortex.o
 .text.HAL_NVIC_SetPriorityGrouping
                0x08001a28       0x16 ./Drivers/STM32F4xx_HAL_Driver/Src/stm32f4xx_hal_cortex.o
                0x08001a28                HAL_NVIC_SetPriorityGrouping
 .text.HAL_NVIC_SetPriority
                0x08001a3e       0x38 ./Drivers/STM32F4xx_HAL_Driver/Src/stm32f4xx_hal_cortex.o
                0x08001a3e                HAL_NVIC_SetPriority
 .text.HAL_NVIC_EnableIRQ
                0x08001a76       0x1c ./Drivers/STM32F4xx_HAL_Driver/Src/stm32f4xx_hal_cortex.o
                0x08001a76                HAL_NVIC_EnableIRQ
 .text.HAL_SYSTICK_Config
                0x08001a92       0x18 ./Drivers/STM32F4xx_HAL_Driver/Src/stm32f4xx_hal_cortex.o
                0x08001a92                HAL_SYSTICK_Config
 *fill*         0x08001aaa        0x2 
 .text.HAL_GPIO_Init
                0x08001aac      0x308 ./Drivers/STM32F4xx_HAL_Driver/Src/stm32f4xx_hal_gpio.o
                0x08001aac                HAL_GPIO_Init
 .text.HAL_I2C_Init
                0x08001db4      0x288 ./Drivers/STM32F4xx_HAL_Driver/Src/stm32f4xx_hal_i2c.o
                0x08001db4                HAL_I2C_Init
 .text.HAL_I2C_Mem_Write
                0x0800203c      0x1f4 ./Drivers/STM32F4xx_HAL_Driver/Src/stm32f4xx_hal_i2c.o
                0x0800203c                HAL_I2C_Mem_Write
 .text.HAL_I2C_IsDeviceReady
                0x08002230      0x25c ./Drivers/STM32F4xx_HAL_Driver/Src/stm32f4xx_hal_i2c.o
                0x08002230                HAL_I2C_IsDeviceReady
 .text.I2C_RequestMemoryWrite
                0x0800248c      0x12c ./Drivers/STM32F4xx_HAL_Driver/Src/stm32f4xx_hal_i2c.o
 .text.I2C_WaitOnFlagUntilTimeout
                0x080025b8       0xf4 ./Drivers/STM32F4xx_HAL_Driver/Src/stm32f4xx_hal_i2c.o
 .text.I2C_WaitOnMasterAddressFlagUntilTimeout
                0x080026ac      0x140 ./Drivers/STM32F4xx_HAL_Driver/Src/stm32f4xx_hal_i2c.o
 .text.I2C_WaitOnTXEFlagUntilTimeout
                0x080027ec       0x90 ./Drivers/STM32F4xx_HAL_Driver/Src/stm32f4xx_hal_i2c.o
 .text.I2C_WaitOnBTFFlagUntilTimeout
                0x0800287c       0x90 ./Drivers/STM32F4xx_HAL_Driver/Src/stm32f4xx_hal_i2c.o
 .text.I2C_IsAcknowledgeFailed
                0x0800290c       0x5e ./Drivers/STM32F4xx_HAL_Driver/Src/stm32f4xx_hal_i2c.o
 .text.HAL_PCD_Init
                0x0800296a      0x21e ./Drivers/STM32F4xx_HAL_Driver/Src/stm32f4xx_hal_pcd.o
                0x0800296a                HAL_PCD_Init
 .text.HAL_RCC_OscConfig
                0x08002b88      0x4f0 ./Drivers/STM32F4xx_HAL_Driver/Src/stm32f4xx_hal_rcc.o
                0x08002b88                HAL_RCC_OscConfig
 .text.HAL_RCC_ClockConfig
                0x08003078      0x1cc ./Drivers/STM32F4xx_HAL_Driver/Src/stm32f4xx_hal_rcc.o
                0x08003078                HAL_RCC_ClockConfig
 .text.HAL_RCC_GetSysClockFreq
                0x08003244      0x188 ./Drivers/STM32F4xx_HAL_Driver/Src/stm32f4xx_hal_rcc.o
                0x08003244                HAL_RCC_GetSysClockFreq
 .text.HAL_RCC_GetHCLKFreq
                0x080033cc       0x18 ./Drivers/STM32F4xx_HAL_Driver/Src/stm32f4xx_hal_rcc.o
                0x080033cc                HAL_RCC_GetHCLKFreq
 .text.HAL_RCC_GetPCLK1Freq
                0x080033e4       0x28 ./Drivers/STM32F4xx_HAL_Driver/Src/stm32f4xx_hal_rcc.o
                0x080033e4                HAL_RCC_GetPCLK1Freq
 .text.USB_CoreInit
                0x0800340c       0xc8 ./Drivers/STM32F4xx_HAL_Driver/Src/stm32f4xx_ll_usb.o
                0x0800340c                USB_CoreInit
 .text.USB_DisableGlobalInt
                0x080034d4       0x22 ./Drivers/STM32F4xx_HAL_Driver/Src/stm32f4xx_ll_usb.o
                0x080034d4                USB_DisableGlobalInt
 .text.USB_SetCurrentMode
                0x080034f6       0x98 ./Drivers/STM32F4xx_HAL_Driver/Src/stm32f4xx_ll_usb.o
                0x080034f6                USB_SetCurrentMode
 *fill*         0x0800358e        0x2 
 .text.USB_DevInit
                0x08003590      0x2c8 ./Drivers/STM32F4xx_HAL_Driver/Src/stm32f4xx_ll_usb.o
                0x08003590                USB_DevInit
 .text.USB_FlushTxFifo
                0x08003858       0x64 ./Drivers/STM32F4xx_HAL_Driver/Src/stm32f4xx_ll_usb.o
                0x08003858                USB_FlushTxFifo
 .text.USB_FlushRxFifo
                0x080038bc       0x5c ./Drivers/STM32F4xx_HAL_Driver/Src/stm32f4xx_ll_usb.o
                0x080038bc                USB_FlushRxFifo
 .text.USB_SetDevSpeed
                0x08003918       0x32 ./Drivers/STM32F4xx_HAL_Driver/Src/stm32f4xx_ll_usb.o
                0x08003918                USB_SetDevSpeed
 .text.USB_DevDisconnect
                0x0800394a       0x42 ./Drivers/STM32F4xx_HAL_Driver/Src/stm32f4xx_ll_usb.o
                0x0800394a                USB_DevDisconnect
 .text.USB_GetMode
                0x0800398c       0x1c ./Drivers/STM32F4xx_HAL_Driver/Src/stm32f4xx_ll_usb.o
                0x0800398c                USB_GetMode
 .text.USB_CoreReset
                0x080039a8       0x70 ./Drivers/STM32F4xx_HAL_Driver/Src/stm32f4xx_ll_usb.o
 .text.tud_audio_set_req_ep_cb
                0x08003a18       0x1c ./tinyusb-0.20.0/src/class/audio/audio_device.o
                0x08003a18                tud_audio_set_req_ep_cb
 .text.tud_audio_set_req_itf_cb
                0x08003a34       0x1c ./tinyusb-0.20.0/src/class/audio/audio_device.o
                0x08003a34                tud_audio_set_req_itf_cb
 .text.tud_audio_get_req_ep_cb
                0x08003a50       0x1a ./tinyusb-0.20.0/src/class/audio/audio_device.o
                0x08003a50                tud_audio_get_req_ep_cb
 .text.tud_audio_get_req_itf_cb
                0x08003a6a       0x1a ./tinyusb-0.20.0/src/class/audio/audio_device.o
                0x08003a6a                tud_audio_get_req_itf_cb
 .text.audiod_rx_xfer_isr
                0x08003a84       0x88 ./tinyusb-0.20.0/src/class/audio/audio_device.o
 .text.tud_audio_n_write
                0x08003b0c       0x5c ./tinyusb-0.20.0/src/class/audio/audio_device.o
                0x08003b0c                tud_audio_n_write
 .text.audiod_tx_xfer_isr
                0x08003b68       0xba ./tinyusb-0.20.0/src/class/audio/audio_device.o
 *fill*         0x08003c22        0x2 
 .text.tud_audio_n_version
                0x08003c24       0x68 ./tinyusb-0.20.0/src/class/audio/audio_device.o
                0x08003c24                tud_audio_n_version
 .text.audiod_init
                0x08003c8c       0xa8 ./tinyusb-0.20.0/src/class/audio/audio_device.o
                0x08003c8c                audiod_init
 .text.audiod_deinit
                0x08003d34       0x10 ./tinyusb-0.20.0/src/class/audio/audio_device.o
                0x08003d34                audiod_deinit
 .text.audiod_reset
                0x08003d44       0x58 ./tinyusb-0.20.0/src/class/audio/audio_device.o
                0x08003d44                audiod_reset
 .text.audiod_open
                0x08003d9c      0x590 ./tinyusb-0.20.0/src/class/audio/audio_device.o
                0x08003d9c                audiod_open
 .text.audiod_get_interface
                0x0800432c       0xc8 ./tinyusb-0.20.0/src/class/audio/audio_device.o
 .text.audiod_set_interface
                0x080043f4      0x3c0 ./tinyusb-0.20.0/src/class/audio/audio_device.o
 .text.audiod_control_complete
                0x080047b4      0x208 ./tinyusb-0.20.0/src/class/audio/audio_device.o
 .text.audiod_control_request
                0x080049bc      0x1b8 ./tinyusb-0.20.0/src/class/audio/audio_device.o
 .text.audiod_control_xfer_cb
                0x08004b74       0x42 ./tinyusb-0.20.0/src/class/audio/audio_device.o
                0x08004b74                audiod_control_xfer_cb
 .text.audiod_xfer_cb
                0x08004bb6       0x22 ./tinyusb-0.20.0/src/class/audio/audio_device.o
                0x08004bb6                audiod_xfer_cb
 .text.audiod_xfer_isr
                0x08004bd8       0x7c ./tinyusb-0.20.0/src/class/audio/audio_device.o
                0x08004bd8                audiod_xfer_isr
 .text.audiod_sof_isr
                0x08004c54       0x18 ./tinyusb-0.20.0/src/class/audio/audio_device.o
                0x08004c54                audiod_sof_isr
 .text.tud_audio_buffer_and_schedule_control_xfer
                0x08004c6c      0x208 ./tinyusb-0.20.0/src/class/audio/audio_device.o
                0x08004c6c                tud_audio_buffer_and_schedule_control_xfer
 .text.audiod_verify_entity_exists
                0x08004e74       0xf4 ./tinyusb-0.20.0/src/class/audio/audio_device.o
 .text.audiod_verify_itf_exists
                0x08004f68       0xc4 ./tinyusb-0.20.0/src/class/audio/audio_device.o
 .text.audiod_verify_ep_exists
                0x0800502c       0xc4 ./tinyusb-0.20.0/src/class/audio/audio_device.o
 .text.audiod_parse_flow_control_params
                0x080050f0      0x118 ./tinyusb-0.20.0/src/class/audio/audio_device.o
 .text.audiod_calc_tx_packet_sz
                0x08005208      0x170 ./tinyusb-0.20.0/src/class/audio/audio_device.o
 .text.audiod_tx_packet_size
                0x08005378      0x108 ./tinyusb-0.20.0/src/class/audio/audio_device.o
 .text.audiod_get_audio_fct_idx
                0x08005480       0x2c ./tinyusb-0.20.0/src/class/audio/audio_device.o
 .text.tud_cdc_rx_wanted_cb
                0x080054ac       0x1c ./tinyusb-0.20.0/src/class/cdc/cdc_device.o
                0x080054ac                tud_cdc_rx_wanted_cb
 .text.tud_cdc_tx_complete_cb
                0x080054c8       0x16 ./tinyusb-0.20.0/src/class/cdc/cdc_device.o
                0x080054c8                tud_cdc_tx_complete_cb
 .text.tud_cdc_notify_complete_cb
                0x080054de       0x16 ./tinyusb-0.20.0/src/class/cdc/cdc_device.o
                0x080054de                tud_cdc_notify_complete_cb
 .text.tud_cdc_line_coding_cb
                0x080054f4       0x18 ./tinyusb-0.20.0/src/class/cdc/cdc_device.o
                0x080054f4                tud_cdc_line_coding_cb
 .text.tud_cdc_send_break_cb
                0x0800550c       0x1c ./tinyusb-0.20.0/src/class/cdc/cdc_device.o
                0x0800550c                tud_cdc_send_break_cb
 .text.tud_cdc_n_connected
                0x08005528       0x84 ./tinyusb-0.20.0/src/class/cdc/cdc_device.o
                0x08005528                tud_cdc_n_connected
 .text.tud_cdc_n_available
                0x080055ac       0x40 ./tinyusb-0.20.0/src/class/cdc/cdc_device.o
                0x080055ac                tud_cdc_n_available
 .text.tud_cdc_n_read
                0x080055ec       0x48 ./tinyusb-0.20.0/src/class/cdc/cdc_device.o
                0x080055ec                tud_cdc_n_read
 .text.tud_cdc_n_write
                0x08005634       0x48 ./tinyusb-0.20.0/src/class/cdc/cdc_device.o
                0x08005634                tud_cdc_n_write
 .text.tud_cdc_n_write_flush
                0x0800567c       0x40 ./tinyusb-0.20.0/src/class/cdc/cdc_device.o
                0x0800567c                tud_cdc_n_write_flush
 .text.cdcd_init
                0x080056bc       0xc0 ./tinyusb-0.20.0/src/class/cdc/cdc_device.o
                0x080056bc                cdcd_init
 .text.cdcd_deinit
                0x0800577c       0x48 ./tinyusb-0.20.0/src/class/cdc/cdc_device.o
                0x0800577c                cdcd_deinit
 .text.cdcd_reset
                0x080057c4       0x7c ./tinyusb-0.20.0/src/class/cdc/cdc_device.o
                0x080057c4                cdcd_reset
 .text.cdcd_open
                0x08005840      0x444 ./tinyusb-0.20.0/src/class/cdc/cdc_device.o
                0x08005840                cdcd_open
 .text.cdcd_control_xfer_cb
                0x08005c84      0x1d4 ./tinyusb-0.20.0/src/class/cdc/cdc_device.o
                0x08005c84                cdcd_control_xfer_cb
 .text.cdcd_xfer_cb
                0x08005e58      0x1ec ./tinyusb-0.20.0/src/class/cdc/cdc_device.o
                0x08005e58                cdcd_xfer_cb
 .text.tu_fifo_config
                0x08006044       0x66 ./tinyusb-0.20.0/src/common/tusb_fifo.o
                0x08006044                tu_fifo_config
 .text._ff_push_const_addr
                0x080060aa       0x68 ./tinyusb-0.20.0/src/common/tusb_fifo.o
 .text._ff_pull_const_addr
                0x08006112       0x66 ./tinyusb-0.20.0/src/common/tusb_fifo.o
 .text._ff_push
                0x08006178       0x3e ./tinyusb-0.20.0/src/common/tusb_fifo.o
 .text._ff_push_n
                0x080061b6      0x1bc ./tinyusb-0.20.0/src/common/tusb_fifo.o
 .text._ff_pull
                0x08006372       0x3e ./tinyusb-0.20.0/src/common/tusb_fifo.o
 .text._ff_pull_n
                0x080063b0      0x1c0 ./tinyusb-0.20.0/src/common/tusb_fifo.o
 .text.advance_index
                0x08006570       0x4c ./tinyusb-0.20.0/src/common/tusb_fifo.o
 .text._tu_fifo_peek
                0x080065bc       0xc6 ./tinyusb-0.20.0/src/common/tusb_fifo.o
 .text._tu_fifo_peek_n
                0x08006682       0xe0 ./tinyusb-0.20.0/src/common/tusb_fifo.o
 .text._tu_fifo_write_n
                0x08006762      0x1a2 ./tinyusb-0.20.0/src/common/tusb_fifo.o
 .text._tu_fifo_read_n
                0x08006904       0x5e ./tinyusb-0.20.0/src/common/tusb_fifo.o
 .text.tu_fifo_count
                0x08006962       0x64 ./tinyusb-0.20.0/src/common/tusb_fifo.o
                0x08006962                tu_fifo_count
 .text.tu_fifo_full
                0x080069c6       0x5c ./tinyusb-0.20.0/src/common/tusb_fifo.o
                0x080069c6                tu_fifo_full
 .text.tu_fifo_remaining
                0x08006a22       0x70 ./tinyusb-0.20.0/src/common/tusb_fifo.o
                0x08006a22                tu_fifo_remaining
 .text.tu_fifo_read
                0x08006a92       0x48 ./tinyusb-0.20.0/src/common/tusb_fifo.o
                0x08006a92                tu_fifo_read
 .text.tu_fifo_read_n
                0x08006ada       0x24 ./tinyusb-0.20.0/src/common/tusb_fifo.o
                0x08006ada                tu_fifo_read_n
 .text.tu_fifo_read_n_const_addr_full_words
                0x08006afe       0x24 ./tinyusb-0.20.0/src/common/tusb_fifo.o
                0x08006afe                tu_fifo_read_n_const_addr_full_words
 .text.tu_fifo_write
                0x08006b22       0x86 ./tinyusb-0.20.0/src/common/tusb_fifo.o
                0x08006b22                tu_fifo_write
 .text.tu_fifo_write_n
                0x08006ba8       0x24 ./tinyusb-0.20.0/src/common/tusb_fifo.o
                0x08006ba8                tu_fifo_write_n
 .text.tu_fifo_write_n_const_addr_full_words
                0x08006bcc       0x24 ./tinyusb-0.20.0/src/common/tusb_fifo.o
                0x08006bcc                tu_fifo_write_n_const_addr_full_words
 .text.tu_fifo_clear
                0x08006bf0       0x22 ./tinyusb-0.20.0/src/common/tusb_fifo.o
                0x08006bf0                tu_fifo_clear
 .text.tu_fifo_set_overwritable
                0x08006c12       0x3a ./tinyusb-0.20.0/src/common/tusb_fifo.o
                0x08006c12                tu_fifo_set_overwritable
 .text.tud_event_hook_cb
                0x08006c4c       0x1c ./tinyusb-0.20.0/src/device/usbd.o
                0x08006c4c                tud_event_hook_cb
 .text.tud_sof_cb
                0x08006c68       0x14 ./tinyusb-0.20.0/src/device/usbd.o
                0x08006c68                tud_sof_cb
 .text.tud_descriptor_bos_cb
                0x08006c7c       0x10 ./tinyusb-0.20.0/src/device/usbd.o
                0x08006c7c                tud_descriptor_bos_cb
 .text.tud_descriptor_device_qualifier_cb
                0x08006c8c       0x10 ./tinyusb-0.20.0/src/device/usbd.o
                0x08006c8c                tud_descriptor_device_qualifier_cb
 .text.tud_descriptor_other_speed_configuration_cb
                0x08006c9c       0x18 ./tinyusb-0.20.0/src/device/usbd.o
                0x08006c9c                tud_descriptor_other_speed_configuration_cb
 .text.tud_mount_cb
                0x08006cb4        0xe ./tinyusb-0.20.0/src/device/usbd.o
                0x08006cb4                tud_mount_cb
 .text.tud_umount_cb
                0x08006cc2        0xe ./tinyusb-0.20.0/src/device/usbd.o
                0x08006cc2                tud_umount_cb
 .text.tud_suspend_cb
                0x08006cd0       0x16 ./tinyusb-0.20.0/src/device/usbd.o
                0x08006cd0                tud_suspend_cb
 .text.tud_resume_cb
                0x08006ce6        0xe ./tinyusb-0.20.0/src/device/usbd.o
                0x08006ce6                tud_resume_cb
 .text.tud_vendor_control_xfer_cb
                0x08006cf4       0x1e ./tinyusb-0.20.0/src/device/usbd.o
                0x08006cf4                tud_vendor_control_xfer_cb
 .text.dcd_dcache_clean
                0x08006d12       0x18 ./tinyusb-0.20.0/src/device/usbd.o
                0x08006d12                dcd_dcache_clean
 .text.usbd_app_driver_get_cb
                0x08006d2a       0x1c ./tinyusb-0.20.0/src/device/usbd.o
                0x08006d2a                usbd_app_driver_get_cb
 *fill*         0x08006d46        0x2 
 .text.tud_speed_get
                0x08006d48       0x18 ./tinyusb-0.20.0/src/device/usbd.o
                0x08006d48                tud_speed_get
 .text.tud_mounted
                0x08006d60       0x24 ./tinyusb-0.20.0/src/device/usbd.o
                0x08006d60                tud_mounted
 .text.tud_suspended
                0x08006d84       0x28 ./tinyusb-0.20.0/src/device/usbd.o
                0x08006d84                tud_suspended
 .text.tud_inited
                0x08006dac       0x20 ./tinyusb-0.20.0/src/device/usbd.o
                0x08006dac                tud_inited
 .text.tud_rhport_init
                0x08006dcc      0x1ac ./tinyusb-0.20.0/src/device/usbd.o
                0x08006dcc                tud_rhport_init
 .text.configuration_reset
                0x08006f78       0xd8 ./tinyusb-0.20.0/src/device/usbd.o
 .text.usbd_reset
                0x08007050       0x1e ./tinyusb-0.20.0/src/device/usbd.o
 *fill*         0x0800706e        0x2 
 .text.tud_task_ext
                0x08007070      0x340 ./tinyusb-0.20.0/src/device/usbd.o
                0x08007070                tud_task_ext
 .text.invoke_class_control
                0x080073b0       0x2e ./tinyusb-0.20.0/src/device/usbd.o
 *fill*         0x080073de        0x2 
 .text.process_control_request
                0x080073e0      0x5e8 ./tinyusb-0.20.0/src/device/usbd.o
 .text.process_set_config
                0x080079c8      0x32c ./tinyusb-0.20.0/src/device/usbd.o
 .text.process_get_descriptor
                0x08007cf4      0x1b4 ./tinyusb-0.20.0/src/device/usbd.o
 .text.dcd_event_handler
                0x08007ea8      0x564 ./tinyusb-0.20.0/src/device/usbd.o
                0x08007ea8                dcd_event_handler
 .text.usbd_int_set
                0x0800840c       0x34 ./tinyusb-0.20.0/src/device/usbd.o
                0x0800840c                usbd_int_set
 .text.usbd_spin_lock
                0x08008440       0x48 ./tinyusb-0.20.0/src/device/usbd.o
                0x08008440                usbd_spin_lock
 .text.usbd_spin_unlock
                0x08008488       0x50 ./tinyusb-0.20.0/src/device/usbd.o
                0x08008488                usbd_spin_unlock
 .text.usbd_edpt_open
                0x080084d8       0x8c ./tinyusb-0.20.0/src/device/usbd.o
                0x080084d8                usbd_edpt_open
 .text.usbd_edpt_claim
                0x08008564       0x50 ./tinyusb-0.20.0/src/device/usbd.o
                0x08008564                usbd_edpt_claim
 .text.usbd_edpt_release
                0x080085b4       0x50 ./tinyusb-0.20.0/src/device/usbd.o
                0x080085b4                usbd_edpt_release
 .text.usbd_edpt_xfer
                0x08008604       0xec ./tinyusb-0.20.0/src/device/usbd.o
                0x08008604                usbd_edpt_xfer
 .text.usbd_edpt_stall
                0x080086f0       0x7c ./tinyusb-0.20.0/src/device/usbd.o
                0x080086f0                usbd_edpt_stall
 .text.usbd_edpt_clear_stall
                0x0800876c       0x7c ./tinyusb-0.20.0/src/device/usbd.o
                0x0800876c                usbd_edpt_clear_stall
 .text.usbd_edpt_stalled
                0x080087e8       0x5c ./tinyusb-0.20.0/src/device/usbd.o
                0x080087e8                usbd_edpt_stalled
 .text.usbd_edpt_iso_alloc
                0x08008844       0x5c ./tinyusb-0.20.0/src/device/usbd.o
                0x08008844                usbd_edpt_iso_alloc
 .text.usbd_edpt_iso_activate
                0x080088a0       0xe4 ./tinyusb-0.20.0/src/device/usbd.o
                0x080088a0                usbd_edpt_iso_activate
 .text.dcd_edpt0_status_complete
                0x08008984       0x18 ./tinyusb-0.20.0/src/device/usbd_control.o
                0x08008984                dcd_edpt0_status_complete
 .text.status_stage_xact
                0x0800899c       0x38 ./tinyusb-0.20.0/src/device/usbd_control.o
 .text.tud_control_status
                0x080089d4       0x40 ./tinyusb-0.20.0/src/device/usbd_control.o
                0x080089d4                tud_control_status
 .text.data_stage_xact
                0x08008a14       0xc4 ./tinyusb-0.20.0/src/device/usbd_control.o
 .text.tud_control_xfer
                0x08008ad8       0xe0 ./tinyusb-0.20.0/src/device/usbd_control.o
                0x08008ad8                tud_control_xfer
 .text.usbd_control_reset
                0x08008bb8       0x18 ./tinyusb-0.20.0/src/device/usbd_control.o
                0x08008bb8                usbd_control_reset
 .text.usbd_control_set_complete_callback
                0x08008bd0       0x20 ./tinyusb-0.20.0/src/device/usbd_control.o
                0x08008bd0                usbd_control_set_complete_callback
 .text.usbd_control_set_request
                0x08008bf0       0x34 ./tinyusb-0.20.0/src/device/usbd_control.o
                0x08008bf0                usbd_control_set_request
 .text.usbd_control_xfer_cb
                0x08008c24      0x168 ./tinyusb-0.20.0/src/device/usbd_control.o
                0x08008c24                usbd_control_xfer_cb
 .text.__NVIC_EnableIRQ
                0x08008d8c       0x3c ./tinyusb-0.20.0/src/portable/synopsys/dwc2/dcd_dwc2.o
 .text.__NVIC_DisableIRQ
                0x08008dc8       0x48 ./tinyusb-0.20.0/src/portable/synopsys/dwc2/dcd_dwc2.o
 .text.dma_setup_prepare
                0x08008e10       0x80 ./tinyusb-0.20.0/src/portable/synopsys/dwc2/dcd_dwc2.o
 .text.dfifo_alloc
                0x08008e90      0x1c0 ./tinyusb-0.20.0/src/portable/synopsys/dwc2/dcd_dwc2.o
 .text.dfifo_device_init
                0x08009050       0xb4 ./tinyusb-0.20.0/src/portable/synopsys/dwc2/dcd_dwc2.o
 .text.edpt_activate
                0x08009104      0x164 ./tinyusb-0.20.0/src/portable/synopsys/dwc2/dcd_dwc2.o
 .text.edpt_disable
                0x08009268      0x1a0 ./tinyusb-0.20.0/src/portable/synopsys/dwc2/dcd_dwc2.o
 .text.epin_write_tx_fifo
                0x08009408      0x10c ./tinyusb-0.20.0/src/portable/synopsys/dwc2/dcd_dwc2.o
 .text.edpt_schedule_packets
                0x08009514      0x214 ./tinyusb-0.20.0/src/portable/synopsys/dwc2/dcd_dwc2.o
 .text.dcd_init
                0x08009728      0x13c ./tinyusb-0.20.0/src/portable/synopsys/dwc2/dcd_dwc2.o
                0x08009728                dcd_init
 .text.dcd_int_enable
                0x08009864       0x50 ./tinyusb-0.20.0/src/portable/synopsys/dwc2/dcd_dwc2.o
                0x08009864                dcd_int_enable
 .text.dcd_int_disable
                0x080098b4       0x50 ./tinyusb-0.20.0/src/portable/synopsys/dwc2/dcd_dwc2.o
                0x080098b4                dcd_int_disable
 .text.dcd_set_address
                0x08009904       0x70 ./tinyusb-0.20.0/src/portable/synopsys/dwc2/dcd_dwc2.o
                0x08009904                dcd_set_address
 .text.dcd_connect
                0x08009974       0x44 ./tinyusb-0.20.0/src/portable/synopsys/dwc2/dcd_dwc2.o
                0x08009974                dcd_connect
 .text.dcd_disconnect
                0x080099b8       0x44 ./tinyusb-0.20.0/src/portable/synopsys/dwc2/dcd_dwc2.o
                0x080099b8                dcd_disconnect
 .text.dcd_sof_enable
                0x080099fc       0x6c ./tinyusb-0.20.0/src/portable/synopsys/dwc2/dcd_dwc2.o
                0x080099fc                dcd_sof_enable
 .text.dcd_edpt_open
                0x08009a68       0x64 ./tinyusb-0.20.0/src/portable/synopsys/dwc2/dcd_dwc2.o
                0x08009a68                dcd_edpt_open
 .text.dcd_edpt_close_all
                0x08009acc      0x130 ./tinyusb-0.20.0/src/portable/synopsys/dwc2/dcd_dwc2.o
                0x08009acc                dcd_edpt_close_all
 .text.dcd_edpt_iso_alloc
                0x08009bfc       0x50 ./tinyusb-0.20.0/src/portable/synopsys/dwc2/dcd_dwc2.o
                0x08009bfc                dcd_edpt_iso_alloc
 .text.dcd_edpt_iso_activate
                0x08009c4c       0x2e ./tinyusb-0.20.0/src/portable/synopsys/dwc2/dcd_dwc2.o
                0x08009c4c                dcd_edpt_iso_activate
 *fill*         0x08009c7a        0x2 
 .text.dcd_edpt_xfer
                0x08009c7c       0xa8 ./tinyusb-0.20.0/src/portable/synopsys/dwc2/dcd_dwc2.o
                0x08009c7c                dcd_edpt_xfer
 .text.dcd_edpt_stall
                0x08009d24       0x6c ./tinyusb-0.20.0/src/portable/synopsys/dwc2/dcd_dwc2.o
                0x08009d24                dcd_edpt_stall
 .text.dcd_edpt_clear_stall
                0x08009d90       0x8c ./tinyusb-0.20.0/src/portable/synopsys/dwc2/dcd_dwc2.o
                0x08009d90                dcd_edpt_clear_stall
 .text.handle_bus_reset
                0x08009e1c      0x204 ./tinyusb-0.20.0/src/portable/synopsys/dwc2/dcd_dwc2.o
 .text.handle_enum_done
                0x0800a020       0x8c ./tinyusb-0.20.0/src/portable/synopsys/dwc2/dcd_dwc2.o
 .text.handle_rxflvl_irq
                0x0800a0ac      0x140 ./tinyusb-0.20.0/src/portable/synopsys/dwc2/dcd_dwc2.o
 .text.handle_epout_slave
                0x0800a1ec      0x144 ./tinyusb-0.20.0/src/portable/synopsys/dwc2/dcd_dwc2.o
 .text.handle_epin_slave
                0x0800a330      0x138 ./tinyusb-0.20.0/src/portable/synopsys/dwc2/dcd_dwc2.o
 .text.handle_ep_irq
                0x0800a468      0x120 ./tinyusb-0.20.0/src/portable/synopsys/dwc2/dcd_dwc2.o
 .text.handle_incomplete_iso_in
                0x0800a588      0x1bc ./tinyusb-0.20.0/src/portable/synopsys/dwc2/dcd_dwc2.o
 .text.dcd_int_handler
                0x0800a744      0x27c ./tinyusb-0.20.0/src/portable/synopsys/dwc2/dcd_dwc2.o
                0x0800a744                dcd_int_handler
 .text.dwc2_phy_init
                0x0800a9c0       0x38 ./tinyusb-0.20.0/src/portable/synopsys/dwc2/dwc2_common.o
 .text.dwc2_phy_update
                0x0800a9f8       0xec ./tinyusb-0.20.0/src/portable/synopsys/dwc2/dwc2_common.o
 .text.reset_core
                0x0800aae4       0x7a ./tinyusb-0.20.0/src/portable/synopsys/dwc2/dwc2_common.o
 .text.phy_fs_init
                0x0800ab5e       0x50 ./tinyusb-0.20.0/src/portable/synopsys/dwc2/dwc2_common.o
 .text.phy_hs_init
                0x0800abae       0xe6 ./tinyusb-0.20.0/src/portable/synopsys/dwc2/dwc2_common.o
 .text.check_dwc2
                0x0800ac94       0x60 ./tinyusb-0.20.0/src/portable/synopsys/dwc2/dwc2_common.o
 .text.dwc2_core_is_highspeed
                0x0800acf4       0x3a ./tinyusb-0.20.0/src/portable/synopsys/dwc2/dwc2_common.o
                0x0800acf4                dwc2_core_is_highspeed
 *fill*         0x0800ad2e        0x2 
 .text.dwc2_core_init
                0x0800ad30      0x118 ./tinyusb-0.20.0/src/portable/synopsys/dwc2/dwc2_common.o
                0x0800ad30                dwc2_core_init
 .text.dfifo_read_packet
                0x0800ae48       0xa2 ./tinyusb-0.20.0/src/portable/synopsys/dwc2/dwc2_common.o
                0x0800ae48                dfifo_read_packet
 .text.dfifo_write_packet
                0x0800aeea       0x94 ./tinyusb-0.20.0/src/portable/synopsys/dwc2/dwc2_common.o
                0x0800aeea                dfifo_write_packet
 *fill*         0x0800af7e        0x2 
 .text.tusb_rhport_init
                0x0800af80       0xc8 ./tinyusb-0.20.0/src/tusb.o
                0x0800af80                tusb_rhport_init
 .text.tu_edpt_claim
                0x0800b048       0x78 ./tinyusb-0.20.0/src/tusb.o
                0x0800b048                tu_edpt_claim
 .text.tu_edpt_release
                0x0800b0c0       0x54 ./tinyusb-0.20.0/src/tusb.o
                0x0800b0c0                tu_edpt_release
 .text.tu_edpt_validate
                0x0800b114      0x134 ./tinyusb-0.20.0/src/tusb.o
                0x0800b114                tu_edpt_validate
 .text.tu_edpt_bind_driver
                0x0800b248       0x8a ./tinyusb-0.20.0/src/tusb.o
                0x0800b248                tu_edpt_bind_driver
 .text.tu_edpt_stream_init
                0x0800b2d2       0x50 ./tinyusb-0.20.0/src/tusb.o
                0x0800b2d2                tu_edpt_stream_init
 .text.tu_edpt_stream_deinit
                0x0800b322       0x16 ./tinyusb-0.20.0/src/tusb.o
                0x0800b322                tu_edpt_stream_deinit
 .text.tu_edpt_stream_write_zlp_if_needed
                0x0800b338      0x108 ./tinyusb-0.20.0/src/tusb.o
                0x0800b338                tu_edpt_stream_write_zlp_if_needed
 .text.tu_edpt_stream_write_xfer
                0x0800b440      0x10c ./tinyusb-0.20.0/src/tusb.o
                0x0800b440                tu_edpt_stream_write_xfer
 .text.tu_edpt_stream_write
                0x0800b54c      0x158 ./tinyusb-0.20.0/src/tusb.o
                0x0800b54c                tu_edpt_stream_write
 .text.tu_edpt_stream_read_xfer
                0x0800b6a4      0x21c ./tinyusb-0.20.0/src/tusb.o
                0x0800b6a4                tu_edpt_stream_read_xfer
 .text.tu_edpt_stream_read
                0x0800b8c0       0x38 ./tinyusb-0.20.0/src/tusb.o
                0x0800b8c0                tu_edpt_stream_read
 .text.sprintf  0x0800b8f8       0x44 C:/ST/STM32CubeIDE_2.0.0/STM32CubeIDE/plugins/com.st.stm32cube.ide.mcu.externaltools.gnu-tools-for-stm32.14.3.rel1.win32_1.0.100.202602081740/tools/bin/../lib/gcc/arm-none-eabi/14.3.1/../../../../arm-none-eabi/lib/thumb/v7e-m+fp/hard\libc_nano.a(libc_a-sprintf.o)
                0x0800b8f8                siprintf
                0x0800b8f8                sprintf
 .text.memset   0x0800b93c       0x10 C:/ST/STM32CubeIDE_2.0.0/STM32CubeIDE/plugins/com.st.stm32cube.ide.mcu.externaltools.gnu-tools-for-stm32.14.3.rel1.win32_1.0.100.202602081740/tools/bin/../lib/gcc/arm-none-eabi/14.3.1/../../../../arm-none-eabi/lib/thumb/v7e-m+fp/hard\libc_nano.a(libc_a-memset.o)
                0x0800b93c                memset
 .text.__errno  0x0800b94c        0xc C:/ST/STM32CubeIDE_2.0.0/STM32CubeIDE/plugins/com.st.stm32cube.ide.mcu.externaltools.gnu-tools-for-stm32.14.3.rel1.win32_1.0.100.202602081740/tools/bin/../lib/gcc/arm-none-eabi/14.3.1/../../../../arm-none-eabi/lib/thumb/v7e-m+fp/hard\libc_nano.a(libc_a-errno.o)
                0x0800b94c                __errno
 .text.__libc_init_array
                0x0800b958       0x48 C:/ST/STM32CubeIDE_2.0.0/STM32CubeIDE/plugins/com.st.stm32cube.ide.mcu.externaltools.gnu-tools-for-stm32.14.3.rel1.win32_1.0.100.202602081740/tools/bin/../lib/gcc/arm-none-eabi/14.3.1/../../../../arm-none-eabi/lib/thumb/v7e-m+fp/hard\libc_nano.a(libc_a-init.o)
                0x0800b958                __libc_init_array
 .text.__retarget_lock_acquire_recursive
                0x0800b9a0        0x2 C:/ST/STM32CubeIDE_2.0.0/STM32CubeIDE/plugins/com.st.stm32cube.ide.mcu.externaltools.gnu-tools-for-stm32.14.3.rel1.win32_1.0.100.202602081740/tools/bin/../lib/gcc/arm-none-eabi/14.3.1/../../../../arm-none-eabi/lib/thumb/v7e-m+fp/hard\libc_nano.a(libc_a-lock.o)
                0x0800b9a0                __retarget_lock_acquire_recursive
 .text.__retarget_lock_release_recursive
                0x0800b9a2        0x2 C:/ST/STM32CubeIDE_2.0.0/STM32CubeIDE/plugins/com.st.stm32cube.ide.mcu.externaltools.gnu-tools-for-stm32.14.3.rel1.win32_1.0.100.202602081740/tools/bin/../lib/gcc/arm-none-eabi/14.3.1/../../../../arm-none-eabi/lib/thumb/v7e-m+fp/hard\libc_nano.a(libc_a-lock.o)
                0x0800b9a2                __retarget_lock_release_recursive
 .text.memcpy   0x0800b9a4       0x1c C:/ST/STM32CubeIDE_2.0.0/STM32CubeIDE/plugins/com.st.stm32cube.ide.mcu.externaltools.gnu-tools-for-stm32.14.3.rel1.win32_1.0.100.202602081740/tools/bin/../lib/gcc/arm-none-eabi/14.3.1/../../../../arm-none-eabi/lib/thumb/v7e-m+fp/hard\libc_nano.a(libc_a-memcpy-stub.o)
                0x0800b9a4                memcpy
 .text._free_r  0x0800b9c0       0x94 C:/ST/STM32CubeIDE_2.0.0/STM32CubeIDE/plugins/com.st.stm32cube.ide.mcu.externaltools.gnu-tools-for-stm32.14.3.rel1.win32_1.0.100.202602081740/tools/bin/../lib/gcc/arm-none-eabi/14.3.1/../../../../arm-none-eabi/lib/thumb/v7e-m+fp/hard\libc_nano.a(libc_a-freer.o)
                0x0800b9c0                _free_r
 .text.sbrk_aligned
                0x0800ba54       0x44 C:/ST/STM32CubeIDE_2.0.0/STM32CubeIDE/plugins/com.st.stm32cube.ide.mcu.externaltools.gnu-tools-for-stm32.14.3.rel1.win32_1.0.100.202602081740/tools/bin/../lib/gcc/arm-none-eabi/14.3.1/../../../../arm-none-eabi/lib/thumb/v7e-m+fp/hard\libc_nano.a(libc_a-mallocr.o)
 .text._malloc_r
                0x0800ba98      0x100 C:/ST/STM32CubeIDE_2.0.0/STM32CubeIDE/plugins/com.st.stm32cube.ide.mcu.externaltools.gnu-tools-for-stm32.14.3.rel1.win32_1.0.100.202602081740/tools/bin/../lib/gcc/arm-none-eabi/14.3.1/../../../../arm-none-eabi/lib/thumb/v7e-m+fp/hard\libc_nano.a(libc_a-mallocr.o)
                0x0800ba98                _malloc_r
 .text.__malloc_lock
                0x0800bb98        0xc C:/ST/STM32CubeIDE_2.0.0/STM32CubeIDE/plugins/com.st.stm32cube.ide.mcu.externaltools.gnu-tools-for-stm32.14.3.rel1.win32_1.0.100.202602081740/tools/bin/../lib/gcc/arm-none-eabi/14.3.1/../../../../arm-none-eabi/lib/thumb/v7e-m+fp/hard\libc_nano.a(libc_a-mlock.o)
                0x0800bb98                __malloc_lock
 .text.__malloc_unlock
                0x0800bba4        0xc C:/ST/STM32CubeIDE_2.0.0/STM32CubeIDE/plugins/com.st.stm32cube.ide.mcu.externaltools.gnu-tools-for-stm32.14.3.rel1.win32_1.0.100.202602081740/tools/bin/../lib/gcc/arm-none-eabi/14.3.1/../../../../arm-none-eabi/lib/thumb/v7e-m+fp/hard\libc_nano.a(libc_a-mlock.o)
                0x0800bba4                __malloc_unlock
 .text.__ssputs_r
                0x0800bbb0       0xc0 C:/ST/STM32CubeIDE_2.0.0/STM32CubeIDE/plugins/com.st.stm32cube.ide.mcu.externaltools.gnu-tools-for-stm32.14.3.rel1.win32_1.0.100.202602081740/tools/bin/../lib/gcc/arm-none-eabi/14.3.1/../../../../arm-none-eabi/lib/thumb/v7e-m+fp/hard\libc_nano.a(libc_a-nano-svfprintf.o)
                0x0800bbb0                __ssputs_r
 .text._svfprintf_r
                0x0800bc70      0x1f0 C:/ST/STM32CubeIDE_2.0.0/STM32CubeIDE/plugins/com.st.stm32cube.ide.mcu.externaltools.gnu-tools-for-stm32.14.3.rel1.win32_1.0.100.202602081740/tools/bin/../lib/gcc/arm-none-eabi/14.3.1/../../../../arm-none-eabi/lib/thumb/v7e-m+fp/hard\libc_nano.a(libc_a-nano-svfprintf.o)
                0x0800bc70                _svfiprintf_r
                0x0800bc70                _svfprintf_r
 .text._printf_common
                0x0800be60       0xda C:/ST/STM32CubeIDE_2.0.0/STM32CubeIDE/plugins/com.st.stm32cube.ide.mcu.externaltools.gnu-tools-for-stm32.14.3.rel1.win32_1.0.100.202602081740/tools/bin/../lib/gcc/arm-none-eabi/14.3.1/../../../../arm-none-eabi/lib/thumb/v7e-m+fp/hard\libc_nano.a(libc_a-nano-vfprintf_i.o)
                0x0800be60                _printf_common
 *fill*         0x0800bf3a        0x2 
 .text._printf_i
                0x0800bf3c      0x24c C:/ST/STM32CubeIDE_2.0.0/STM32CubeIDE/plugins/com.st.stm32cube.ide.mcu.externaltools.gnu-tools-for-stm32.14.3.rel1.win32_1.0.100.202602081740/tools/bin/../lib/gcc/arm-none-eabi/14.3.1/../../../../arm-none-eabi/lib/thumb/v7e-m+fp/hard\libc_nano.a(libc_a-nano-vfprintf_i.o)
                0x0800bf3c                _printf_i
 .text.memmove  0x0800c188       0x32 C:/ST/STM32CubeIDE_2.0.0/STM32CubeIDE/plugins/com.st.stm32cube.ide.mcu.externaltools.gnu-tools-for-stm32.14.3.rel1.win32_1.0.100.202602081740/tools/bin/../lib/gcc/arm-none-eabi/14.3.1/../../../../arm-none-eabi/lib/thumb/v7e-m+fp/hard\libc_nano.a(libc_a-memmove.o)
                0x0800c188                memmove
 *fill*         0x0800c1ba        0x2 
 .text._sbrk_r  0x0800c1bc       0x20 C:/ST/STM32CubeIDE_2.0.0/STM32CubeIDE/plugins/com.st.stm32cube.ide.mcu.externaltools.gnu-tools-for-stm32.14.3.rel1.win32_1.0.100.202602081740/tools/bin/../lib/gcc/arm-none-eabi/14.3.1/../../../../arm-none-eabi/lib/thumb/v7e-m+fp/hard\libc_nano.a(libc_a-sbrkr.o)
                0x0800c1bc                _sbrk_r
 .text._realloc_r
                0x0800c1dc       0x5c C:/ST/STM32CubeIDE_2.0.0/STM32CubeIDE/plugins/com.st.stm32cube.ide.mcu.externaltools.gnu-tools-for-stm32.14.3.rel1.win32_1.0.100.202602081740/tools/bin/../lib/gcc/arm-none-eabi/14.3.1/../../../../arm-none-eabi/lib/thumb/v7e-m+fp/hard\libc_nano.a(libc_a-reallocr.o)
                0x0800c1dc                _realloc_r
 .text._malloc_usable_size_r
                0x0800c238       0x10 C:/ST/STM32CubeIDE_2.0.0/STM32CubeIDE/plugins/com.st.stm32cube.ide.mcu.externaltools.gnu-tools-for-stm32.14.3.rel1.win32_1.0.100.202602081740/tools/bin/../lib/gcc/arm-none-eabi/14.3.1/../../../../arm-none-eabi/lib/thumb/v7e-m+fp/hard\libc_nano.a(libc_a-msizer.o)
                0x0800c238                _malloc_usable_size_r
 *(.glue_7)
 .glue_7        0x0800c248        0x0 linker stubs
 *(.glue_7t)
 .glue_7t       0x0800c248        0x0 linker stubs
 *(.eh_frame)
 .eh_frame      0x0800c248        0x0 C:/ST/STM32CubeIDE_2.0.0/STM32CubeIDE/plugins/com.st.stm32cube.ide.mcu.externaltools.gnu-tools-for-stm32.14.3.rel1.win32_1.0.100.202602081740/tools/bin/../lib/gcc/arm-none-eabi/14.3.1/thumb/v7e-m+fp/hard/crtbegin.o
 *(.init)
 .init          0x0800c248        0x4 C:/ST/STM32CubeIDE_2.0.0/STM32CubeIDE/plugins/com.st.stm32cube.ide.mcu.externaltools.gnu-tools-for-stm32.14.3.rel1.win32_1.0.100.202602081740/tools/bin/../lib/gcc/arm-none-eabi/14.3.1/thumb/v7e-m+fp/hard/crti.o
                0x0800c248                _init
 .init          0x0800c24c        0x8 C:/ST/STM32CubeIDE_2.0.0/STM32CubeIDE/plugins/com.st.stm32cube.ide.mcu.externaltools.gnu-tools-for-stm32.14.3.rel1.win32_1.0.100.202602081740/tools/bin/../lib/gcc/arm-none-eabi/14.3.1/thumb/v7e-m+fp/hard/crtn.o
 *(.fini)
 .fini          0x0800c254        0x4 C:/ST/STM32CubeIDE_2.0.0/STM32CubeIDE/plugins/com.st.stm32cube.ide.mcu.externaltools.gnu-tools-for-stm32.14.3.rel1.win32_1.0.100.202602081740/tools/bin/../lib/gcc/arm-none-eabi/14.3.1/thumb/v7e-m+fp/hard/crti.o
                0x0800c254                _fini
 .fini          0x0800c258        0x8 C:/ST/STM32CubeIDE_2.0.0/STM32CubeIDE/plugins/com.st.stm32cube.ide.mcu.externaltools.gnu-tools-for-stm32.14.3.rel1.win32_1.0.100.202602081740/tools/bin/../lib/gcc/arm-none-eabi/14.3.1/thumb/v7e-m+fp/hard/crtn.o
                0x0800c260                        . = ALIGN (0x4)
                0x0800c260                        _etext = .

.vfp11_veneer   0x0800c260        0x0
 .vfp11_veneer  0x0800c260        0x0 linker stubs

.v4_bx          0x0800c260        0x0
 .v4_bx         0x0800c260        0x0 linker stubs

.iplt           0x0800c260        0x0
 .iplt          0x0800c260        0x0 C:/ST/STM32CubeIDE_2.0.0/STM32CubeIDE/plugins/com.st.stm32cube.ide.mcu.externaltools.gnu-tools-for-stm32.14.3.rel1.win32_1.0.100.202602081740/tools/bin/../lib/gcc/arm-none-eabi/14.3.1/thumb/v7e-m+fp/hard/crtbegin.o

.rodata         0x0800c260      0x348
                0x0800c260                        . = ALIGN (0x4)
 *(.rodata)
 .rodata        0x0800c260       0x46 ./Core/Src/cdc_app.o
 *fill*         0x0800c2a6        0x2 
 .rodata        0x0800c2a8        0x8 ./Core/Src/uac2_app.o
 .rodata        0x0800c2b0       0x54 ./Core/Src/usb_descriptors.o
 *(.rodata*)
 .rodata.HAM_BANDS
                0x0800c304       0x48 ./Core/Src/cdc_app.o
 .rodata.AHBPrescTable
                0x0800c34c       0x10 ./Core/Src/system_stm32f4xx.o
                0x0800c34c                AHBPrescTable
 .rodata.APBPrescTable
                0x0800c35c        0x8 ./Core/Src/system_stm32f4xx.o
                0x0800c35c                APBPrescTable
 .rodata.sample_rates
                0x0800c364        0x8 ./Core/Src/uac2_app.o
                0x0800c364                sample_rates
 .rodata.resolutions_per_format
                0x0800c36c        0x2 ./Core/Src/uac2_app.o
                0x0800c36c                resolutions_per_format
 *fill*         0x0800c36e        0x2 
 .rodata.desc_device
                0x0800c370       0x12 ./Core/Src/usb_descriptors.o
                0x0800c370                desc_device
 *fill*         0x0800c382        0x2 
 .rodata.desc_configuration
                0x0800c384      0x183 ./Core/Src/usb_descriptors.o
                0x0800c384                desc_configuration
 *fill*         0x0800c507        0x1 
 .rodata.__compound_literal.0
                0x0800c508        0x2 ./Core/Src/usb_descriptors.o
 *fill*         0x0800c50a        0x2 
 .rodata._usbd_driver
                0x0800c50c       0x48 ./tinyusb-0.20.0/src/device/usbd.o
 .rodata._dwc2_controller
                0x0800c554       0x10 ./tinyusb-0.20.0/src/portable/synopsys/dwc2/dcd_dwc2.o
 .rodata._dwc2_controller
                0x0800c564       0x10 ./tinyusb-0.20.0/src/portable/synopsys/dwc2/dwc2_common.o
 .rodata._svfprintf_r.str1.1
                0x0800c574       0x33 C:/ST/STM32CubeIDE_2.0.0/STM32CubeIDE/plugins/com.st.stm32cube.ide.mcu.externaltools.gnu-tools-for-stm32.14.3.rel1.win32_1.0.100.202602081740/tools/bin/../lib/gcc/arm-none-eabi/14.3.1/../../../../arm-none-eabi/lib/thumb/v7e-m+fp/hard\libc_nano.a(libc_a-nano-svfprintf.o)
                                 0x11 (size before relaxing)
 .rodata._printf_i.str1.1
                0x0800c5a7       0x22 C:/ST/STM32CubeIDE_2.0.0/STM32CubeIDE/plugins/com.st.stm32cube.ide.mcu.externaltools.gnu-tools-for-stm32.14.3.rel1.win32_1.0.100.202602081740/tools/bin/../lib/gcc/arm-none-eabi/14.3.1/../../../../arm-none-eabi/lib/thumb/v7e-m+fp/hard\libc_nano.a(libc_a-nano-vfprintf_i.o)
                0x0800c5cc                        . = ALIGN (0x4)
 *fill*         0x0800c5a7        0x1 

.ARM.extab      0x0800c5a8        0x0
                0x0800c5a8                        . = ALIGN (0x4)
 *(.ARM.extab* .gnu.linkonce.armextab.*)
                0x0800c5a8                        . = ALIGN (0x4)

.ARM            0x0800c5a8        0x8
                0x0800c5a8                        . = ALIGN (0x4)
                0x0800c5a8                        __exidx_start = .
 *(.ARM.exidx*)
 .ARM.exidx     0x0800c5a8        0x8 C:/ST/STM32CubeIDE_2.0.0/STM32CubeIDE/plugins/com.st.stm32cube.ide.mcu.externaltools.gnu-tools-for-stm32.14.3.rel1.win32_1.0.100.202602081740/tools/bin/../lib/gcc/arm-none-eabi/14.3.1/../../../../arm-none-eabi/lib/thumb/v7e-m+fp/hard\libc_nano.a(libc_a-strlen.o)
 .ARM.exidx     0x0800c5b0        0x0 C:/ST/STM32CubeIDE_2.0.0/STM32CubeIDE/plugins/com.st.stm32cube.ide.mcu.externaltools.gnu-tools-for-stm32.14.3.rel1.win32_1.0.100.202602081740/tools/bin/../lib/gcc/arm-none-eabi/14.3.1/../../../../arm-none-eabi/lib/thumb/v7e-m+fp/hard\libc_nano.a(libc_a-memchr.o)
                                  0x8 (size before relaxing)
 .ARM.exidx     0x0800c5b0        0x0 C:/ST/STM32CubeIDE_2.0.0/STM32CubeIDE/plugins/com.st.stm32cube.ide.mcu.externaltools.gnu-tools-for-stm32.14.3.rel1.win32_1.0.100.202602081740/tools/bin/../lib/gcc/arm-none-eabi/14.3.1/thumb/v7e-m+fp/hard\libgcc.a(_udivmoddi4.o)
                                  0x8 (size before relaxing)
                0x0800c5b0                        __exidx_end = .
                0x0800c5b0                        . = ALIGN (0x4)

.preinit_array  0x0800c5b0        0x0
                0x0800c5b0                        . = ALIGN (0x4)
                0x0800c5b0                        PROVIDE (__preinit_array_start = .)
 *(.preinit_array*)
                0x0800c5b0                        PROVIDE (__preinit_array_end = .)
                0x0800c5b0                        . = ALIGN (0x4)

.init_array     0x0800c5b0        0x4
                0x0800c5b0                        . = ALIGN (0x4)
                0x0800c5b0                        PROVIDE (__init_array_start = .)
 *(SORT_BY_NAME(.init_array.*))
 *(.init_array*)
 .init_array    0x0800c5b0        0x4 C:/ST/STM32CubeIDE_2.0.0/STM32CubeIDE/plugins/com.st.stm32cube.ide.mcu.externaltools.gnu-tools-for-stm32.14.3.rel1.win32_1.0.100.202602081740/tools/bin/../lib/gcc/arm-none-eabi/14.3.1/thumb/v7e-m+fp/hard/crtbegin.o
                0x0800c5b4                        PROVIDE (__init_array_end = .)
                0x0800c5b4                        . = ALIGN (0x4)

.fini_array     0x0800c5b4        0x4
                0x0800c5b4                        . = ALIGN (0x4)
                [!provide]                        PROVIDE (__fini_array_start = .)
 *(SORT_BY_NAME(.fini_array.*))
 *(.fini_array*)
 .fini_array    0x0800c5b4        0x4 C:/ST/STM32CubeIDE_2.0.0/STM32CubeIDE/plugins/com.st.stm32cube.ide.mcu.externaltools.gnu-tools-for-stm32.14.3.rel1.win32_1.0.100.202602081740/tools/bin/../lib/gcc/arm-none-eabi/14.3.1/thumb/v7e-m+fp/hard/crtbegin.o
                [!provide]                        PROVIDE (__fini_array_end = .)
                0x0800c5b8                        . = ALIGN (0x4)
                0x0800c5b8                        _sidata = LOADADDR (.data)

.rel.dyn        0x0800c5b8        0x0
 .rel.iplt      0x0800c5b8        0x0 C:/ST/STM32CubeIDE_2.0.0/STM32CubeIDE/plugins/com.st.stm32cube.ide.mcu.externaltools.gnu-tools-for-stm32.14.3.rel1.win32_1.0.100.202602081740/tools/bin/../lib/gcc/arm-none-eabi/14.3.1/thumb/v7e-m+fp/hard/crtbegin.o

.data           0x20000000       0xa0 load address 0x0800c5b8
                0x20000000                        . = ALIGN (0x4)
                0x20000000                        _sdata = .
 *(.data)
 *(.data*)
 .data.current_band_idx
                0x20000000        0x1 ./Core/Src/cdc_app.o
 *fill*         0x20000001        0x3 
 .data.SystemCoreClock
                0x20000004        0x4 ./Core/Src/system_stm32f4xx.o
                0x20000004                SystemCoreClock
 .data.current_sample_rate
                0x20000008        0x4 ./Core/Src/uac2_app.o
                0x20000008                current_sample_rate
 .data.blink_interval_ms
                0x2000000c        0x4 ./Core/Src/uac2_app.o
                0x2000000c                blink_interval_ms
 .data.string_desc_arr
                0x20000010       0x1c ./Core/Src/usb_descriptors.o
                0x20000010                string_desc_arr
 .data.uwTickPrio
                0x2000002c        0x4 ./Drivers/STM32F4xx_HAL_Driver/Src/stm32f4xx_hal.o
                0x2000002c                uwTickPrio
 .data.uwTickFreq
                0x20000030        0x1 ./Drivers/STM32F4xx_HAL_Driver/Src/stm32f4xx_hal.o
                0x20000030                uwTickFreq
 *fill*         0x20000031        0x3 
 .data._cdcd_cfg
                0x20000034        0x1 ./tinyusb-0.20.0/src/class/cdc/cdc_device.o
 .data._usbd_rhport
                0x20000035        0x1 ./tinyusb-0.20.0/src/device/usbd.o
 *fill*         0x20000036        0x2 
 .data._usbd_spin
                0x20000038        0x8 ./tinyusb-0.20.0/src/device/usbd.o
 .data._usbd_qdef
                0x20000040       0x10 ./tinyusb-0.20.0/src/device/usbd.o
                0x20000040                _usbd_qdef
 .data._impure_ptr
                0x20000050        0x4 C:/ST/STM32CubeIDE_2.0.0/STM32CubeIDE/plugins/com.st.stm32cube.ide.mcu.externaltools.gnu-tools-for-stm32.14.3.rel1.win32_1.0.100.202602081740/tools/bin/../lib/gcc/arm-none-eabi/14.3.1/../../../../arm-none-eabi/lib/thumb/v7e-m+fp/hard\libc_nano.a(libc_a-impure.o)
                0x20000050                _impure_ptr
 .data._impure_data
                0x20000054       0x4c C:/ST/STM32CubeIDE_2.0.0/STM32CubeIDE/plugins/com.st.stm32cube.ide.mcu.externaltools.gnu-tools-for-stm32.14.3.rel1.win32_1.0.100.202602081740/tools/bin/../lib/gcc/arm-none-eabi/14.3.1/../../../../arm-none-eabi/lib/thumb/v7e-m+fp/hard\libc_nano.a(libc_a-impure.o)
                0x20000054                _impure_data
 *(.RamFunc)
 *(.RamFunc*)
                0x200000a0                        . = ALIGN (0x4)
                0x200000a0                        _edata = .

.igot.plt       0x200000a0        0x0 load address 0x0800c658
 .igot.plt      0x200000a0        0x0 C:/ST/STM32CubeIDE_2.0.0/STM32CubeIDE/plugins/com.st.stm32cube.ide.mcu.externaltools.gnu-tools-for-stm32.14.3.rel1.win32_1.0.100.202602081740/tools/bin/../lib/gcc/arm-none-eabi/14.3.1/thumb/v7e-m+fp/hard/crtbegin.o
                0x200000a0                        . = ALIGN (0x4)

.bss            0x200000a0     0x124c load address 0x0800c658
                0x200000a0                        _sbss = .
                0x200000a0                        __bss_start__ = _sbss
 *(.bss)
 .bss           0x200000a0       0x1c C:/ST/STM32CubeIDE_2.0.0/STM32CubeIDE/plugins/com.st.stm32cube.ide.mcu.externaltools.gnu-tools-for-stm32.14.3.rel1.win32_1.0.100.202602081740/tools/bin/../lib/gcc/arm-none-eabi/14.3.1/thumb/v7e-m+fp/hard/crtbegin.o
 *(.bss*)
 .bss.hi2c1     0x200000bc       0x54 ./Core/Src/main.o
                0x200000bc                hi2c1
 .bss.hpcd_USB_OTG_FS
                0x20000110      0x4e4 ./Core/Src/main.o
                0x20000110                hpcd_USB_OTG_FS
 .bss.si5351Correction
                0x200005f4        0x4 ./Core/Src/si5351.o
                0x200005f4                si5351Correction
 .bss.__sbrk_heap_end
                0x200005f8        0x4 ./Core/Src/sysmem.o
 .bss.mute      0x200005fc        0x3 ./Core/Src/uac2_app.o
                0x200005fc                mute
 *fill*         0x200005ff        0x1 
 .bss.volume    0x20000600        0x6 ./Core/Src/uac2_app.o
                0x20000600                volume
 *fill*         0x20000606        0x2 
 .bss.mic_buf   0x20000608       0xc4 ./Core/Src/uac2_app.o
                0x20000608                mic_buf
 .bss.spk_data_size
                0x200006cc        0x2 ./Core/Src/uac2_app.o
                0x200006cc                spk_data_size
 .bss.current_resolution
                0x200006ce        0x1 ./Core/Src/uac2_app.o
                0x200006ce                current_resolution
 *fill*         0x200006cf        0x1 
 .bss._desc_str
                0x200006d0       0x40 ./Core/Src/usb_descriptors.o
 .bss.uwTick    0x20000710        0x4 ./Drivers/STM32F4xx_HAL_Driver/Src/stm32f4xx_hal.o
                0x20000710                uwTick
 .bss.ep_in_sw_buf
                0x20000714      0x188 ./tinyusb-0.20.0/src/class/audio/audio_device.o
 .bss.lin_buf_in
                0x2000089c       0xc4 ./tinyusb-0.20.0/src/class/audio/audio_device.o
 .bss.ep_out_sw_buf
                0x20000960      0x310 ./tinyusb-0.20.0/src/class/audio/audio_device.o
 .bss.lin_buf_out
                0x20000c70      0x188 ./tinyusb-0.20.0/src/class/audio/audio_device.o
 .bss.ctrl_buf  0x20000df8       0x40 ./tinyusb-0.20.0/src/class/audio/audio_device.o
                0x20000df8                ctrl_buf
 .bss._audiod_fct
                0x20000e38       0x50 ./tinyusb-0.20.0/src/class/audio/audio_device.o
 .bss.ctrl_blackout.0
                0x20000e88        0x4 ./tinyusb-0.20.0/src/class/audio/audio_device.o
 .bss._cdcd_itf
                0x20000e8c       0xb4 ./tinyusb-0.20.0/src/class/cdc/cdc_device.o
 .bss._cdcd_epbuf
                0x20000f40       0x80 ./tinyusb-0.20.0/src/class/cdc/cdc_device.o
 .bss._usbd_dev
                0x20000fc0       0x2c ./tinyusb-0.20.0/src/device/usbd.o
 .bss._usbd_queued_setup
                0x20000fec        0x1 ./tinyusb-0.20.0/src/device/usbd.o
 *fill*         0x20000fed        0x3 
 .bss._app_driver
                0x20000ff0        0x4 ./tinyusb-0.20.0/src/device/usbd.o
 .bss._app_driver_count
                0x20000ff4        0x1 ./tinyusb-0.20.0/src/device/usbd.o
 *fill*         0x20000ff5        0x3 
 .bss._usbd_qdef_buf
                0x20000ff8       0xc0 ./tinyusb-0.20.0/src/device/usbd.o
                0x20000ff8                _usbd_qdef_buf
 .bss._usbd_q   0x200010b8        0x4 ./tinyusb-0.20.0/src/device/usbd.o
 .bss._ctrl_xfer
                0x200010bc       0x14 ./tinyusb-0.20.0/src/device/usbd_control.o
 .bss._ctrl_epbuf
                0x200010d0       0x40 ./tinyusb-0.20.0/src/device/usbd_control.o
 .bss.xfer_status
                0x20001110       0x80 ./tinyusb-0.20.0/src/portable/synopsys/dwc2/dcd_dwc2.o
 .bss._dcd_data
                0x20001190        0x8 ./tinyusb-0.20.0/src/portable/synopsys/dwc2/dcd_dwc2.o
 .bss._dcd_usbbuf
                0x20001198        0x8 ./tinyusb-0.20.0/src/portable/synopsys/dwc2/dcd_dwc2.o
 .bss._tusb_rhport_role
                0x200011a0        0x2 ./tinyusb-0.20.0/src/tusb.o
                0x200011a0                _tusb_rhport_role
 *fill*         0x200011a2        0x2 
 .bss.__sf      0x200011a4      0x138 C:/ST/STM32CubeIDE_2.0.0/STM32CubeIDE/plugins/com.st.stm32cube.ide.mcu.externaltools.gnu-tools-for-stm32.14.3.rel1.win32_1.0.100.202602081740/tools/bin/../lib/gcc/arm-none-eabi/14.3.1/../../../../arm-none-eabi/lib/thumb/v7e-m+fp/hard\libc_nano.a(libc_a-findfp.o)
                0x200011a4                __sf
 .bss.errno     0x200012dc        0x4 C:/ST/STM32CubeIDE_2.0.0/STM32CubeIDE/plugins/com.st.stm32cube.ide.mcu.externaltools.gnu-tools-for-stm32.14.3.rel1.win32_1.0.100.202602081740/tools/bin/../lib/gcc/arm-none-eabi/14.3.1/../../../../arm-none-eabi/lib/thumb/v7e-m+fp/hard\libc_nano.a(libc_a-reent.o)
                0x200012dc                errno
 .bss.__lock___malloc_recursive_mutex
                0x200012e0        0x1 C:/ST/STM32CubeIDE_2.0.0/STM32CubeIDE/plugins/com.st.stm32cube.ide.mcu.externaltools.gnu-tools-for-stm32.14.3.rel1.win32_1.0.100.202602081740/tools/bin/../lib/gcc/arm-none-eabi/14.3.1/../../../../arm-none-eabi/lib/thumb/v7e-m+fp/hard\libc_nano.a(libc_a-lock.o)
                0x200012e0                __lock___malloc_recursive_mutex
 *fill*         0x200012e1        0x3 
 .bss.__malloc_sbrk_start
                0x200012e4        0x4 C:/ST/STM32CubeIDE_2.0.0/STM32CubeIDE/plugins/com.st.stm32cube.ide.mcu.externaltools.gnu-tools-for-stm32.14.3.rel1.win32_1.0.100.202602081740/tools/bin/../lib/gcc/arm-none-eabi/14.3.1/../../../../arm-none-eabi/lib/thumb/v7e-m+fp/hard\libc_nano.a(libc_a-mallocr.o)
                0x200012e4                __malloc_sbrk_start
 .bss.__malloc_free_list
                0x200012e8        0x4 C:/ST/STM32CubeIDE_2.0.0/STM32CubeIDE/plugins/com.st.stm32cube.ide.mcu.externaltools.gnu-tools-for-stm32.14.3.rel1.win32_1.0.100.202602081740/tools/bin/../lib/gcc/arm-none-eabi/14.3.1/../../../../arm-none-eabi/lib/thumb/v7e-m+fp/hard\libc_nano.a(libc_a-mallocr.o)
                0x200012e8                __malloc_free_list
 *(COMMON)
                0x200012ec                        . = ALIGN (0x4)
                0x200012ec                        _ebss = .
                0x200012ec                        __bss_end__ = _ebss

._user_heap_stack
                0x200012ec     0x1604 load address 0x0800c658
                0x200012f0                        . = ALIGN (0x8)
 *fill*         0x200012ec        0x4 
                [!provide]                        PROVIDE (end = .)
                0x200012f0                        PROVIDE (_end = .)
                0x200018f0                        . = (. + _Min_Heap_Size)
 *fill*         0x200012f0      0x600 
                0x200028f0                        . = (. + _Min_Stack_Size)
 *fill*         0x200018f0     0x1000 
                0x200028f0                        . = ALIGN (0x8)

/DISCARD/
 libc.a(*)
 libm.a(*)
 libgcc.a(*)

.ARM.attributes
                0x00000000       0x30
 *(.ARM.attributes)
 .ARM.attributes
                0x00000000       0x22 C:/ST/STM32CubeIDE_2.0.0/STM32CubeIDE/plugins/com.st.stm32cube.ide.mcu.externaltools.gnu-tools-for-stm32.14.3.rel1.win32_1.0.100.202602081740/tools/bin/../lib/gcc/arm-none-eabi/14.3.1/thumb/v7e-m+fp/hard/crti.o
 .ARM.attributes
                0x00000022       0x34 C:/ST/STM32CubeIDE_2.0.0/STM32CubeIDE/plugins/com.st.stm32cube.ide.mcu.externaltools.gnu-tools-for-stm32.14.3.rel1.win32_1.0.100.202602081740/tools/bin/../lib/gcc/arm-none-eabi/14.3.1/thumb/v7e-m+fp/hard/crtbegin.o
 .ARM.attributes
                0x00000056       0x34 ./Core/Src/cdc_app.o
 .ARM.attributes
                0x0000008a       0x34 ./Core/Src/main.o
 .ARM.attributes
                0x000000be       0x34 ./Core/Src/si5351.o
 .ARM.attributes
                0x000000f2       0x34 ./Core/Src/stm32f4xx_hal_msp.o
 .ARM.attributes
                0x00000126       0x34 ./Core/Src/stm32f4xx_it.o
 .ARM.attributes
                0x0000015a       0x34 ./Core/Src/sysmem.o
 .ARM.attributes
                0x0000018e       0x34 ./Core/Src/system_stm32f4xx.o
 .ARM.attributes
                0x000001c2       0x34 ./Core/Src/uac2_app.o
 .ARM.attributes
                0x000001f6       0x34 ./Core/Src/usb_descriptors.o
 .ARM.attributes
                0x0000022a       0x21 ./Core/Startup/startup_stm32f411ceux.o
 .ARM.attributes
                0x0000024b       0x34 ./Drivers/STM32F4xx_HAL_Driver/Src/stm32f4xx_hal.o
 .ARM.attributes
                0x0000027f       0x34 ./Drivers/STM32F4xx_HAL_Driver/Src/stm32f4xx_hal_cortex.o
 .ARM.attributes
                0x000002b3       0x34 ./Drivers/STM32F4xx_HAL_Driver/Src/stm32f4xx_hal_gpio.o
 .ARM.attributes
                0x000002e7       0x34 ./Drivers/STM32F4xx_HAL_Driver/Src/stm32f4xx_hal_i2c.o
 .ARM.attributes
                0x0000031b       0x34 ./Drivers/STM32F4xx_HAL_Driver/Src/stm32f4xx_hal_pcd.o
 .ARM.attributes
                0x0000034f       0x34 ./Drivers/STM32F4xx_HAL_Driver/Src/stm32f4xx_hal_rcc.o
 .ARM.attributes
                0x00000383       0x34 ./Drivers/STM32F4xx_HAL_Driver/Src/stm32f4xx_ll_usb.o
 .ARM.attributes
                0x000003b7       0x34 ./tinyusb-0.20.0/src/class/audio/audio_device.o
 .ARM.attributes
                0x000003eb       0x34 ./tinyusb-0.20.0/src/class/cdc/cdc_device.o
 .ARM.attributes
                0x0000041f       0x34 ./tinyusb-0.20.0/src/common/tusb_fifo.o
 .ARM.attributes
                0x00000453       0x34 ./tinyusb-0.20.0/src/device/usbd.o
 .ARM.attributes
                0x00000487       0x34 ./tinyusb-0.20.0/src/device/usbd_control.o
 .ARM.attributes
                0x000004bb       0x34 ./tinyusb-0.20.0/src/portable/synopsys/dwc2/dcd_dwc2.o
 .ARM.attributes
                0x000004ef       0x34 ./tinyusb-0.20.0/src/portable/synopsys/dwc2/dwc2_common.o
 .ARM.attributes
                0x00000523       0x34 ./tinyusb-0.20.0/src/tusb.o
 .ARM.attributes
                0x00000557       0x34 C:/ST/STM32CubeIDE_2.0.0/STM32CubeIDE/plugins/com.st.stm32cube.ide.mcu.externaltools.gnu-tools-for-stm32.14.3.rel1.win32_1.0.100.202602081740/tools/bin/../lib/gcc/arm-none-eabi/14.3.1/../../../../arm-none-eabi/lib/thumb/v7e-m+fp/hard\libc_nano.a(libc_a-findfp.o)
 .ARM.attributes
                0x0000058b       0x34 C:/ST/STM32CubeIDE_2.0.0/STM32CubeIDE/plugins/com.st.stm32cube.ide.mcu.externaltools.gnu-tools-for-stm32.14.3.rel1.win32_1.0.100.202602081740/tools/bin/../lib/gcc/arm-none-eabi/14.3.1/../../../../arm-none-eabi/lib/thumb/v7e-m+fp/hard\libc_nano.a(libc_a-sprintf.o)
 .ARM.attributes
                0x000005bf       0x34 C:/ST/STM32CubeIDE_2.0.0/STM32CubeIDE/plugins/com.st.stm32cube.ide.mcu.externaltools.gnu-tools-for-stm32.14.3.rel1.win32_1.0.100.202602081740/tools/bin/../lib/gcc/arm-none-eabi/14.3.1/../../../../arm-none-eabi/lib/thumb/v7e-m+fp/hard\libc_nano.a(libc_a-memset.o)
 .ARM.attributes
                0x000005f3       0x34 C:/ST/STM32CubeIDE_2.0.0/STM32CubeIDE/plugins/com.st.stm32cube.ide.mcu.externaltools.gnu-tools-for-stm32.14.3.rel1.win32_1.0.100.202602081740/tools/bin/../lib/gcc/arm-none-eabi/14.3.1/../../../../arm-none-eabi/lib/thumb/v7e-m+fp/hard\libc_nano.a(libc_a-reent.o)
 .ARM.attributes
                0x00000627       0x34 C:/ST/STM32CubeIDE_2.0.0/STM32CubeIDE/plugins/com.st.stm32cube.ide.mcu.externaltools.gnu-tools-for-stm32.14.3.rel1.win32_1.0.100.202602081740/tools/bin/../lib/gcc/arm-none-eabi/14.3.1/../../../../arm-none-eabi/lib/thumb/v7e-m+fp/hard\libc_nano.a(libc_a-impure.o)
 .ARM.attributes
                0x0000065b       0x34 C:/ST/STM32CubeIDE_2.0.0/STM32CubeIDE/plugins/com.st.stm32cube.ide.mcu.externaltools.gnu-tools-for-stm32.14.3.rel1.win32_1.0.100.202602081740/tools/bin/../lib/gcc/arm-none-eabi/14.3.1/../../../../arm-none-eabi/lib/thumb/v7e-m+fp/hard\libc_nano.a(libc_a-errno.o)
 .ARM.attributes
                0x0000068f       0x34 C:/ST/STM32CubeIDE_2.0.0/STM32CubeIDE/plugins/com.st.stm32cube.ide.mcu.externaltools.gnu-tools-for-stm32.14.3.rel1.win32_1.0.100.202602081740/tools/bin/../lib/gcc/arm-none-eabi/14.3.1/../../../../arm-none-eabi/lib/thumb/v7e-m+fp/hard\libc_nano.a(libc_a-init.o)
 .ARM.attributes
                0x000006c3       0x34 C:/ST/STM32CubeIDE_2.0.0/STM32CubeIDE/plugins/com.st.stm32cube.ide.mcu.externaltools.gnu-tools-for-stm32.14.3.rel1.win32_1.0.100.202602081740/tools/bin/../lib/gcc/arm-none-eabi/14.3.1/../../../../arm-none-eabi/lib/thumb/v7e-m+fp/hard\libc_nano.a(libc_a-lock.o)
 .ARM.attributes
                0x000006f7       0x34 C:/ST/STM32CubeIDE_2.0.0/STM32CubeIDE/plugins/com.st.stm32cube.ide.mcu.externaltools.gnu-tools-for-stm32.14.3.rel1.win32_1.0.100.202602081740/tools/bin/../lib/gcc/arm-none-eabi/14.3.1/../../../../arm-none-eabi/lib/thumb/v7e-m+fp/hard\libc_nano.a(libc_a-memcpy-stub.o)
 .ARM.attributes
                0x0000072b       0x17 C:/ST/STM32CubeIDE_2.0.0/STM32CubeIDE/plugins/com.st.stm32cube.ide.mcu.externaltools.gnu-tools-for-stm32.14.3.rel1.win32_1.0.100.202602081740/tools/bin/../lib/gcc/arm-none-eabi/14.3.1/../../../../arm-none-eabi/lib/thumb/v7e-m+fp/hard\libc_nano.a(libc_a-strlen.o)
 .ARM.attributes
                0x00000742       0x34 C:/ST/STM32CubeIDE_2.0.0/STM32CubeIDE/plugins/com.st.stm32cube.ide.mcu.externaltools.gnu-tools-for-stm32.14.3.rel1.win32_1.0.100.202602081740/tools/bin/../lib/gcc/arm-none-eabi/14.3.1/../../../../arm-none-eabi/lib/thumb/v7e-m+fp/hard\libc_nano.a(libc_a-freer.o)
 .ARM.attributes
                0x00000776       0x34 C:/ST/STM32CubeIDE_2.0.0/STM32CubeIDE/plugins/com.st.stm32cube.ide.mcu.externaltools.gnu-tools-for-stm32.14.3.rel1.win32_1.0.100.202602081740/tools/bin/../lib/gcc/arm-none-eabi/14.3.1/../../../../arm-none-eabi/lib/thumb/v7e-m+fp/hard\libc_nano.a(libc_a-mallocr.o)
 .ARM.attributes
                0x000007aa       0x34 C:/ST/STM32CubeIDE_2.0.0/STM32CubeIDE/plugins/com.st.stm32cube.ide.mcu.externaltools.gnu-tools-for-stm32.14.3.rel1.win32_1.0.100.202602081740/tools/bin/../lib/gcc/arm-none-eabi/14.3.1/../../../../arm-none-eabi/lib/thumb/v7e-m+fp/hard\libc_nano.a(libc_a-mlock.o)
 .ARM.attributes
                0x000007de       0x34 C:/ST/STM32CubeIDE_2.0.0/STM32CubeIDE/plugins/com.st.stm32cube.ide.mcu.externaltools.gnu-tools-for-stm32.14.3.rel1.win32_1.0.100.202602081740/tools/bin/../lib/gcc/arm-none-eabi/14.3.1/../../../../arm-none-eabi/lib/thumb/v7e-m+fp/hard\libc_nano.a(libc_a-nano-svfprintf.o)
 .ARM.attributes
                0x00000812       0x34 C:/ST/STM32CubeIDE_2.0.0/STM32CubeIDE/plugins/com.st.stm32cube.ide.mcu.externaltools.gnu-tools-for-stm32.14.3.rel1.win32_1.0.100.202602081740/tools/bin/../lib/gcc/arm-none-eabi/14.3.1/../../../../arm-none-eabi/lib/thumb/v7e-m+fp/hard\libc_nano.a(libc_a-nano-vfprintf_i.o)
 .ARM.attributes
                0x00000846       0x34 C:/ST/STM32CubeIDE_2.0.0/STM32CubeIDE/plugins/com.st.stm32cube.ide.mcu.externaltools.gnu-tools-for-stm32.14.3.rel1.win32_1.0.100.202602081740/tools/bin/../lib/gcc/arm-none-eabi/14.3.1/../../../../arm-none-eabi/lib/thumb/v7e-m+fp/hard\libc_nano.a(libc_a-memmove.o)
 .ARM.attributes
                0x0000087a       0x34 C:/ST/STM32CubeIDE_2.0.0/STM32CubeIDE/plugins/com.st.stm32cube.ide.mcu.externaltools.gnu-tools-for-stm32.14.3.rel1.win32_1.0.100.202602081740/tools/bin/../lib/gcc/arm-none-eabi/14.3.1/../../../../arm-none-eabi/lib/thumb/v7e-m+fp/hard\libc_nano.a(libc_a-sbrkr.o)
 .ARM.attributes
                0x000008ae       0x1c C:/ST/STM32CubeIDE_2.0.0/STM32CubeIDE/plugins/com.st.stm32cube.ide.mcu.externaltools.gnu-tools-for-stm32.14.3.rel1.win32_1.0.100.202602081740/tools/bin/../lib/gcc/arm-none-eabi/14.3.1/../../../../arm-none-eabi/lib/thumb/v7e-m+fp/hard\libc_nano.a(libc_a-memchr.o)
 .ARM.attributes
                0x000008ca       0x34 C:/ST/STM32CubeIDE_2.0.0/STM32CubeIDE/plugins/com.st.stm32cube.ide.mcu.externaltools.gnu-tools-for-stm32.14.3.rel1.win32_1.0.100.202602081740/tools/bin/../lib/gcc/arm-none-eabi/14.3.1/../../../../arm-none-eabi/lib/thumb/v7e-m+fp/hard\libc_nano.a(libc_a-reallocr.o)
 .ARM.attributes
                0x000008fe       0x34 C:/ST/STM32CubeIDE_2.0.0/STM32CubeIDE/plugins/com.st.stm32cube.ide.mcu.externaltools.gnu-tools-for-stm32.14.3.rel1.win32_1.0.100.202602081740/tools/bin/../lib/gcc/arm-none-eabi/14.3.1/../../../../arm-none-eabi/lib/thumb/v7e-m+fp/hard\libc_nano.a(libc_a-msizer.o)
 .ARM.attributes
                0x00000932       0x22 C:/ST/STM32CubeIDE_2.0.0/STM32CubeIDE/plugins/com.st.stm32cube.ide.mcu.externaltools.gnu-tools-for-stm32.14.3.rel1.win32_1.0.100.202602081740/tools/bin/../lib/gcc/arm-none-eabi/14.3.1/thumb/v7e-m+fp/hard\libgcc.a(_aeabi_uldivmod.o)
 .ARM.attributes
                0x00000954       0x34 C:/ST/STM32CubeIDE_2.0.0/STM32CubeIDE/plugins/com.st.stm32cube.ide.mcu.externaltools.gnu-tools-for-stm32.14.3.rel1.win32_1.0.100.202602081740/tools/bin/../lib/gcc/arm-none-eabi/14.3.1/thumb/v7e-m+fp/hard\libgcc.a(_udivmoddi4.o)
 .ARM.attributes
                0x00000988       0x22 C:/ST/STM32CubeIDE_2.0.0/STM32CubeIDE/plugins/com.st.stm32cube.ide.mcu.externaltools.gnu-tools-for-stm32.14.3.rel1.win32_1.0.100.202602081740/tools/bin/../lib/gcc/arm-none-eabi/14.3.1/thumb/v7e-m+fp/hard\libgcc.a(_dvmd_tls.o)
 .ARM.attributes
                0x000009aa       0x22 C:/ST/STM32CubeIDE_2.0.0/STM32CubeIDE/plugins/com.st.stm32cube.ide.mcu.externaltools.gnu-tools-for-stm32.14.3.rel1.win32_1.0.100.202602081740/tools/bin/../lib/gcc/arm-none-eabi/14.3.1/thumb/v7e-m+fp/hard/crtn.o
OUTPUT(SDR_RX_CDC_COM_NO_AUDIO.elf elf32-littlearm)
LOAD linker stubs
LOAD C:/ST/STM32CubeIDE_2.0.0/STM32CubeIDE/plugins/com.st.stm32cube.ide.mcu.externaltools.gnu-tools-for-stm32.14.3.rel1.win32_1.0.100.202602081740/tools/bin/../lib/gcc/arm-none-eabi/14.3.1/../../../../arm-none-eabi/lib/thumb/v7e-m+fp/hard\libc.a
LOAD C:/ST/STM32CubeIDE_2.0.0/STM32CubeIDE/plugins/com.st.stm32cube.ide.mcu.externaltools.gnu-tools-for-stm32.14.3.rel1.win32_1.0.100.202602081740/tools/bin/../lib/gcc/arm-none-eabi/14.3.1/../../../../arm-none-eabi/lib/thumb/v7e-m+fp/hard\libm.a
LOAD C:/ST/STM32CubeIDE_2.0.0/STM32CubeIDE/plugins/com.st.stm32cube.ide.mcu.externaltools.gnu-tools-for-stm32.14.3.rel1.win32_1.0.100.202602081740/tools/bin/../lib/gcc/arm-none-eabi/14.3.1/thumb/v7e-m+fp/hard\libgcc.a

.debug_info     0x00000000    0x1c3d2
 .debug_info    0x00000000      0x318 ./Core/Src/cdc_app.o
 .debug_info    0x00000318     0x1311 ./Core/Src/main.o
 .debug_info    0x00001629      0xe2d ./Core/Src/si5351.o
 .debug_info    0x00002456     0x1060 ./Core/Src/stm32f4xx_hal_msp.o
 .debug_info    0x000034b6      0x151 ./Core/Src/stm32f4xx_it.o
 .debug_info    0x00003607      0x168 ./Core/Src/sysmem.o
 .debug_info    0x0000376f      0x53e ./Core/Src/system_stm32f4xx.o
 .debug_info    0x00003cad      0xbbc ./Core/Src/uac2_app.o
 .debug_info    0x00004869      0xaa3 ./Core/Src/usb_descriptors.o
 .debug_info    0x0000530c       0x30 ./Core/Startup/startup_stm32f411ceux.o
 .debug_info    0x0000533c      0x8c4 ./Drivers/STM32F4xx_HAL_Driver/Src/stm32f4xx_hal.o
 .debug_info    0x00005c00      0xcfc ./Drivers/STM32F4xx_HAL_Driver/Src/stm32f4xx_hal_cortex.o
 .debug_info    0x000068fc      0x6f9 ./Drivers/STM32F4xx_HAL_Driver/Src/stm32f4xx_hal_gpio.o
 .debug_info    0x00006ff5     0x2426 ./Drivers/STM32F4xx_HAL_Driver/Src/stm32f4xx_hal_i2c.o
 .debug_info    0x0000941b     0x1577 ./Drivers/STM32F4xx_HAL_Driver/Src/stm32f4xx_hal_pcd.o
 .debug_info    0x0000a992      0x904 ./Drivers/STM32F4xx_HAL_Driver/Src/stm32f4xx_hal_rcc.o
 .debug_info    0x0000b296     0x1993 ./Drivers/STM32F4xx_HAL_Driver/Src/stm32f4xx_ll_usb.o
 .debug_info    0x0000cc29     0x2a64 ./tinyusb-0.20.0/src/class/audio/audio_device.o
 .debug_info    0x0000f68d     0x1b9b ./tinyusb-0.20.0/src/class/cdc/cdc_device.o
 .debug_info    0x00011228     0x137d ./tinyusb-0.20.0/src/common/tusb_fifo.o
 .debug_info    0x000125a5     0x33f1 ./tinyusb-0.20.0/src/device/usbd.o
 .debug_info    0x00015996      0x758 ./tinyusb-0.20.0/src/device/usbd_control.o
 .debug_info    0x000160ee     0x3a9f ./tinyusb-0.20.0/src/portable/synopsys/dwc2/dcd_dwc2.o
 .debug_info    0x00019b8d     0x121a ./tinyusb-0.20.0/src/portable/synopsys/dwc2/dwc2_common.o
 .debug_info    0x0001ada7     0x162b ./tinyusb-0.20.0/src/tusb.o

.debug_abbrev   0x00000000     0x44ea
 .debug_abbrev  0x00000000      0x161 ./Core/Src/cdc_app.o
 .debug_abbrev  0x00000161      0x2fb ./Core/Src/main.o
 .debug_abbrev  0x0000045c      0x26a ./Core/Src/si5351.o
 .debug_abbrev  0x000006c6      0x205 ./Core/Src/stm32f4xx_hal_msp.o
 .debug_abbrev  0x000008cb       0xa0 ./Core/Src/stm32f4xx_it.o
 .debug_abbrev  0x0000096b       0xbc ./Core/Src/sysmem.o
 .debug_abbrev  0x00000a27      0x11a ./Core/Src/system_stm32f4xx.o
 .debug_abbrev  0x00000b41      0x329 ./Core/Src/uac2_app.o
 .debug_abbrev  0x00000e6a      0x1a3 ./Core/Src/usb_descriptors.o
 .debug_abbrev  0x0000100d       0x24 ./Core/Startup/startup_stm32f411ceux.o
 .debug_abbrev  0x00001031      0x24b ./Drivers/STM32F4xx_HAL_Driver/Src/stm32f4xx_hal.o
 .debug_abbrev  0x0000127c      0x31d ./Drivers/STM32F4xx_HAL_Driver/Src/stm32f4xx_hal_cortex.o
 .debug_abbrev  0x00001599      0x1d3 ./Drivers/STM32F4xx_HAL_Driver/Src/stm32f4xx_hal_gpio.o
 .debug_abbrev  0x0000176c      0x2bc ./Drivers/STM32F4xx_HAL_Driver/Src/stm32f4xx_hal_i2c.o
 .debug_abbrev  0x00001a28      0x2b6 ./Drivers/STM32F4xx_HAL_Driver/Src/stm32f4xx_hal_pcd.o
 .debug_abbrev  0x00001cde      0x2b6 ./Drivers/STM32F4xx_HAL_Driver/Src/stm32f4xx_hal_rcc.o
 .debug_abbrev  0x00001f94      0x2b3 ./Drivers/STM32F4xx_HAL_Driver/Src/stm32f4xx_ll_usb.o
 .debug_abbrev  0x00002247      0x476 ./tinyusb-0.20.0/src/class/audio/audio_device.o
 .debug_abbrev  0x000026bd      0x484 ./tinyusb-0.20.0/src/class/cdc/cdc_device.o
 .debug_abbrev  0x00002b41      0x339 ./tinyusb-0.20.0/src/common/tusb_fifo.o
 .debug_abbrev  0x00002e7a      0x5ab ./tinyusb-0.20.0/src/device/usbd.o
 .debug_abbrev  0x00003425      0x312 ./tinyusb-0.20.0/src/device/usbd_control.o