Archive member included to satisfy reference by file (symbol)

C:/ST/STM32CubeIDE_2.0.0/STM32CubeIDE/plugins/com.st.stm32cube.ide.mcu.externaltools.gnu-tools-for-stm32.14.3.rel1.win32_1.0.100.202602081740/tools/bin/../lib/gcc/arm-none-eabi/14.3.1/../../../../arm-none-eabi/lib/thumb/v7e-m+fp/hard\libc_nano.a(libc_a-exit.o)
                              C:/ST/STM32CubeIDE_2.0.0/STM32CubeIDE/plugins/com.st.stm32cube.ide.mcu.externaltools.gnu-tools-for-stm32.14.3.rel1.win32_1.0.100.202602081740/tools/bin/../lib/gcc/arm-none-eabi/14.3.1/../../../../arm-none-eabi/lib/thumb/v7e-m+fp/hard/crt0.o (exit)
C:/ST/STM32CubeIDE_2.0.0/STM32CubeIDE/plugins/com.st.stm32cube.ide.mcu.externaltools.gnu-tools-for-stm32.14.3.rel1.win32_1.0.100.202602081740/tools/bin/../lib/gcc/arm-none-eabi/14.3.1/../../../../arm-none-eabi/lib/thumb/v7e-m+fp/hard\libc_nano.a(libc_a-findfp.o)
                              C:/ST/STM32CubeIDE_2.0.0/STM32CubeIDE/plugins/com.st.stm32cube.ide.mcu.externaltools.gnu-tools-for-stm32.14.3.rel1.win32_1.0.100.202602081740/tools/bin/../lib/gcc/arm-none-eabi/14.3.1/../../../../arm-none-eabi/lib/thumb/v7e-m+fp/hard\libc_nano.a(libc_a-exit.o) (__stdio_exit_handler)
C:/ST/STM32CubeIDE_2.0.0/STM32CubeIDE/plugins/com.st.stm32cube.ide.mcu.externaltools.gnu-tools-for-stm32.14.3.rel1.win32_1.0.100.202602081740/tools/bin/../lib/gcc/arm-none-eabi/14.3.1/../../../../arm-none-eabi/lib/thumb/v7e-m+fp/hard\libc_nano.a(libc_a-fwalk.o)
                              C:/ST/STM32CubeIDE_2.0.0/STM32CubeIDE/plugins/com.st.stm32cube.ide.mcu.externaltools.gnu-tools-for-stm32.14.3.rel1.win32_1.0.100.202602081740/tools/bin/../lib/gcc/arm-none-eabi/14.3.1/../../../../arm-none-eabi/lib/thumb/v7e-m+fp/hard\libc_nano.a(libc_a-findfp.o) (_fwalk_sglue)
C:/ST/STM32CubeIDE_2.0.0/STM32CubeIDE/plugins/com.st.stm32cube.ide.mcu.externaltools.gnu-tools-for-stm32.14.3.rel1.win32_1.0.100.202602081740/tools/bin/../lib/gcc/arm-none-eabi/14.3.1/../../../../arm-none-eabi/lib/thumb/v7e-m+fp/hard\libc_nano.a(libc_a-sprintf.o)
                              ./Core/Src/cdc_app.o (sprintf)
C:/ST/STM32CubeIDE_2.0.0/STM32CubeIDE/plugins/com.st.stm32cube.ide.mcu.externaltools.gnu-tools-for-stm32.14.3.rel1.win32_1.0.100.202602081740/tools/bin/../lib/gcc/arm-none-eabi/14.3.1/../../../../arm-none-eabi/lib/thumb/v7e-m+fp/hard\libc_nano.a(libc_a-stdio.o)
                              C:/ST/STM32CubeIDE_2.0.0/STM32CubeIDE/plugins/com.st.stm32cube.ide.mcu.externaltools.gnu-tools-for-stm32.14.3.rel1.win32_1.0.100.202602081740/tools/bin/../lib/gcc/arm-none-eabi/14.3.1/../../../../arm-none-eabi/lib/thumb/v7e-m+fp/hard\libc_nano.a(libc_a-findfp.o) (__sread)
C:/ST/STM32CubeIDE_2.0.0/STM32CubeIDE/plugins/com.st.stm32cube.ide.mcu.externaltools.gnu-tools-for-stm32.14.3.rel1.win32_1.0.100.202602081740/tools/bin/../lib/gcc/arm-none-eabi/14.3.1/../../../../arm-none-eabi/lib/thumb/v7e-m+fp/hard\libc_nano.a(libc_a-memset.o)
                              C:/ST/STM32CubeIDE_2.0.0/STM32CubeIDE/plugins/com.st.stm32cube.ide.mcu.externaltools.gnu-tools-for-stm32.14.3.rel1.win32_1.0.100.202602081740/tools/bin/../lib/gcc/arm-none-eabi/14.3.1/../../../../arm-none-eabi/lib/thumb/v7e-m+fp/hard/crt0.o (memset)
C:/ST/STM32CubeIDE_2.0.0/STM32CubeIDE/plugins/com.st.stm32cube.ide.mcu.externaltools.gnu-tools-for-stm32.14.3.rel1.win32_1.0.100.202602081740/tools/bin/../lib/gcc/arm-none-eabi/14.3.1/../../../../arm-none-eabi/lib/thumb/v7e-m+fp/hard\libc_nano.a(libc_a-closer.o)
                              C:/ST/STM32CubeIDE_2.0.0/STM32CubeIDE/plugins/com.st.stm32cube.ide.mcu.externaltools.gnu-tools-for-stm32.14.3.rel1.win32_1.0.100.202602081740/tools/bin/../lib/gcc/arm-none-eabi/14.3.1/../../../../arm-none-eabi/lib/thumb/v7e-m+fp/hard\libc_nano.a(libc_a-stdio.o) (_close_r)
C:/ST/STM32CubeIDE_2.0.0/STM32CubeIDE/plugins/com.st.stm32cube.ide.mcu.externaltools.gnu-tools-for-stm32.14.3.rel1.win32_1.0.100.202602081740/tools/bin/../lib/gcc/arm-none-eabi/14.3.1/../../../../arm-none-eabi/lib/thumb/v7e-m+fp/hard\libc_nano.a(libc_a-reent.o)
                              C:/ST/STM32CubeIDE_2.0.0/STM32CubeIDE/plugins/com.st.stm32cube.ide.mcu.externaltools.gnu-tools-for-stm32.14.3.rel1.win32_1.0.100.202602081740/tools/bin/../lib/gcc/arm-none-eabi/14.3.1/../../../../arm-none-eabi/lib/thumb/v7e-m+fp/hard\libc_nano.a(libc_a-closer.o) (errno)
C:/ST/STM32CubeIDE_2.0.0/STM32CubeIDE/plugins/com.st.stm32cube.ide.mcu.externaltools.gnu-tools-for-stm32.14.3.rel1.win32_1.0.100.202602081740/tools/bin/../lib/gcc/arm-none-eabi/14.3.1/../../../../arm-none-eabi/lib/thumb/v7e-m+fp/hard\libc_nano.a(libc_a-impure.o)
                              C:/ST/STM32CubeIDE_2.0.0/STM32CubeIDE/plugins/com.st.stm32cube.ide.mcu.externaltools.gnu-tools-for-stm32.14.3.rel1.win32_1.0.100.202602081740/tools/bin/../lib/gcc/arm-none-eabi/14.3.1/../../../../arm-none-eabi/lib/thumb/v7e-m+fp/hard\libc_nano.a(libc_a-sprintf.o) (_impure_ptr)
[...]
Memory Configuration

Name             Origin             Length             Attributes
RAM              0x20000000         0x00020000         xrw
FLASH            0x08000000         0x00080000         xr
*default*        0x00000000         0xffffffff

Linker script and memory map

LOAD C:/ST/STM32CubeIDE_2.0.0/STM32CubeIDE/plugins/com.st.stm32cube.ide.mcu.externaltools.gnu-tools-for-stm32.14.3.rel1.win32_1.0.100.202602081740/tools/bin/../lib/gcc/arm-none-eabi/14.3.1/thumb/v7e-m+fp/hard/crti.o
LOAD C:/ST/STM32CubeIDE_2.0.0/STM32CubeIDE/plugins/com.st.stm32cube.ide.mcu.externaltools.gnu-tools-for-stm32.14.3.rel1.win32_1.0.100.202602081740/tools/bin/../lib/gcc/arm-none-eabi/14.3.1/thumb/v7e-m+fp/hard/crtbegin.o
LOAD C:/ST/STM32CubeIDE_2.0.0/STM32CubeIDE/plugins/com.st.stm32cube.ide.mcu.externaltools.gnu-tools-for-stm32.14.3.rel1.win32_1.0.100.202602081740/tools/bin/../lib/gcc/arm-none-eabi/14.3.1/../../../../arm-none-eabi/lib/thumb/v7e-m+fp/hard/crt0.o
LOAD ./Core/Src/cdc_app.o
LOAD ./Core/Src/main.o
LOAD ./Core/Src/si5351.o
LOAD ./Core/Src/stm32f4xx_hal_msp.o
LOAD ./Core/Src/stm32f4xx_it.o
LOAD ./Core/Src/syscalls.o
LOAD ./Core/Src/sysmem.o
LOAD ./Core/Src/system_stm32f4xx.o
LOAD ./Core/Src/uac2_app.o
LOAD ./Core/Src/usb_descriptors.o
LOAD ./Core/Startup/startup_stm32f446retx.o
LOAD ./Drivers/STM32F4xx_HAL_Driver/Src/stm32f4xx_hal.o
LOAD ./Drivers/STM32F4xx_HAL_Driver/Src/stm32f4xx_hal_cortex.o
LOAD ./Drivers/STM32F4xx_HAL_Driver/Src/stm32f4xx_hal_dma.o
LOAD ./Drivers/STM32F4xx_HAL_Driver/Src/stm32f4xx_hal_dma_ex.o
LOAD ./Drivers/STM32F4xx_HAL_Driver/Src/stm32f4xx_hal_exti.o
LOAD ./Drivers/STM32F4xx_HAL_Driver/Src/stm32f4xx_hal_flash.o
LOAD ./Drivers/STM32F4xx_HAL_Driver/Src/stm32f4xx_hal_flash_ex.o
LOAD ./Drivers/STM32F4xx_HAL_Driver/Src/stm32f4xx_hal_flash_ramfunc.o
LOAD ./Drivers/STM32F4xx_HAL_Driver/Src/stm32f4xx_hal_gpio.o
LOAD ./Drivers/STM32F4xx_HAL_Driver/Src/stm32f4xx_hal_i2c.o
LOAD ./Drivers/STM32F4xx_HAL_Driver/Src/stm32f4xx_hal_i2c_ex.o
LOAD ./Drivers/STM32F4xx_HAL_Driver/Src/stm32f4xx_hal_pcd.o
LOAD ./Drivers/STM32F4xx_HAL_Driver/Src/stm32f4xx_hal_pcd_ex.o
LOAD ./Drivers/STM32F4xx_HAL_Driver/Src/stm32f4xx_hal_pwr.o
LOAD ./Drivers/STM32F4xx_HAL_Driver/Src/stm32f4xx_hal_pwr_ex.o
LOAD ./Drivers/STM32F4xx_HAL_Driver/Src/stm32f4xx_hal_rcc.o
LOAD ./Drivers/STM32F4xx_HAL_Driver/Src/stm32f4xx_hal_rcc_ex.o
LOAD ./Drivers/STM32F4xx_HAL_Driver/Src/stm32f4xx_ll_usb.o
LOAD ./tinyusb-0.20.0/src/class/audio/audio_device.o
LOAD ./tinyusb-0.20.0/src/class/bth/bth_device.o
LOAD ./tinyusb-0.20.0/src/class/cdc/cdc_device.o
LOAD ./tinyusb-0.20.0/src/class/cdc/cdc_host.o
LOAD ./tinyusb-0.20.0/src/class/cdc/cdc_rndis_host.o
LOAD ./tinyusb-0.20.0/src/class/dfu/dfu_device.o
LOAD ./tinyusb-0.20.0/src/class/dfu/dfu_rt_device.o
LOAD ./tinyusb-0.20.0/src/class/hid/hid_device.o
LOAD ./tinyusb-0.20.0/src/class/hid/hid_host.o
LOAD ./tinyusb-0.20.0/src/class/midi/midi_device.o
LOAD ./tinyusb-0.20.0/src/class/midi/midi_host.o
LOAD ./tinyusb-0.20.0/src/class/msc/msc_device.o
LOAD ./tinyusb-0.20.0/src/class/msc/msc_host.o
LOAD ./tinyusb-0.20.0/src/class/mtp/mtp_device.o
LOAD ./tinyusb-0.20.0/src/class/net/ecm_rndis_device.o
LOAD ./tinyusb-0.20.0/src/class/net/ncm_device.o
LOAD ./tinyusb-0.20.0/src/class/usbtmc/usbtmc_device.o
LOAD ./tinyusb-0.20.0/src/class/vendor/vendor_device.o
LOAD ./tinyusb-0.20.0/src/class/vendor/vendor_host.o
LOAD ./tinyusb-0.20.0/src/class/video/video_device.o
LOAD ./tinyusb-0.20.0/src/common/tusb_fifo.o
LOAD ./tinyusb-0.20.0/src/device/usbd.o
LOAD ./tinyusb-0.20.0/src/device/usbd_control.o
LOAD ./tinyusb-0.20.0/src/host/hub.o
LOAD ./tinyusb-0.20.0/src/host/usbh.o
LOAD ./tinyusb-0.20.0/src/portable/analog/max3421/hcd_max3421.o
LOAD ./tinyusb-0.20.0/src/portable/bridgetek/ft9xx/dcd_ft9xx.o
LOAD ./tinyusb-0.20.0/src/portable/chipidea/ci_fs/dcd_ci_fs.o
LOAD ./tinyusb-0.20.0/src/portable/chipidea/ci_hs/dcd_ci_hs.o
LOAD ./tinyusb-0.20.0/src/portable/chipidea/ci_hs/hcd_ci_hs.o
LOAD ./tinyusb-0.20.0/src/portable/dialog/da146xx/dcd_da146xx.o
LOAD ./tinyusb-0.20.0/src/portable/ehci/ehci.o
LOAD ./tinyusb-0.20.0/src/portable/mentor/musb/dcd_musb.o
LOAD ./tinyusb-0.20.0/src/portable/mentor/musb/hcd_musb.o
LOAD ./tinyusb-0.20.0/src/portable/microchip/pic/dcd_pic.o
LOAD ./tinyusb-0.20.0/src/portable/microchip/pic32mz/dcd_pic32mz.o
LOAD ./tinyusb-0.20.0/src/portable/microchip/samd/dcd_samd.o
LOAD ./tinyusb-0.20.0/src/portable/microchip/samd/hcd_samd.o
LOAD ./tinyusb-0.20.0/src/portable/microchip/samg/dcd_samg.o
LOAD ./tinyusb-0.20.0/src/portable/microchip/samx7x/dcd_samx7x.o
LOAD ./tinyusb-0.20.0/src/portable/mindmotion/mm32/dcd_mm32f327x_otg.o
LOAD ./tinyusb-0.20.0/src/portable/nordic/nrf5x/dcd_nrf5x.o
LOAD ./tinyusb-0.20.0/src/portable/nuvoton/nuc120/dcd_nuc120.o
LOAD ./tinyusb-0.20.0/src/portable/nuvoton/nuc121/dcd_nuc121.o
LOAD ./tinyusb-0.20.0/src/portable/nuvoton/nuc505/dcd_nuc505.o
LOAD ./tinyusb-0.20.0/src/portable/nxp/khci/dcd_khci.o
LOAD ./tinyusb-0.20.0/src/portable/nxp/khci/hcd_khci.o
LOAD ./tinyusb-0.20.0/src/portable/nxp/lpc17_40/dcd_lpc17_40.o
LOAD ./tinyusb-0.20.0/src/portable/nxp/lpc_ip3511/dcd_lpc_ip3511.o
LOAD ./tinyusb-0.20.0/src/portable/ohci/ohci.o
LOAD ./tinyusb-0.20.0/src/portable/raspberrypi/pio_usb/dcd_pio_usb.o
LOAD ./tinyusb-0.20.0/src/portable/raspberrypi/pio_usb/hcd_pio_usb.o
LOAD ./tinyusb-0.20.0/src/portable/raspberrypi/rp2040/dcd_rp2040.o
LOAD ./tinyusb-0.20.0/src/portable/raspberrypi/rp2040/hcd_rp2040.o
LOAD ./tinyusb-0.20.0/src/portable/raspberrypi/rp2040/rp2040_usb.o
LOAD ./tinyusb-0.20.0/src/portable/renesas/rusb2/dcd_rusb2.o
LOAD ./tinyusb-0.20.0/src/portable/renesas/rusb2/hcd_rusb2.o
LOAD ./tinyusb-0.20.0/src/portable/renesas/rusb2/rusb2_common.o
LOAD ./tinyusb-0.20.0/src/portable/sony/cxd56/dcd_cxd56.o
LOAD ./tinyusb-0.20.0/src/portable/st/stm32_fsdev/dcd_stm32_fsdev.o
LOAD ./tinyusb-0.20.0/src/portable/st/typec/typec_stm32.o
LOAD ./tinyusb-0.20.0/src/portable/sunxi/dcd_sunxi_musb.o
LOAD ./tinyusb-0.20.0/src/portable/synopsys/dwc2/dcd_dwc2.o
LOAD ./tinyusb-0.20.0/src/portable/synopsys/dwc2/dwc2_common.o
LOAD ./tinyusb-0.20.0/src/portable/synopsys/dwc2/hcd_dwc2.o
LOAD ./tinyusb-0.20.0/src/portable/template/dcd_template.o
LOAD ./tinyusb-0.20.0/src/portable/template/hcd_template.o
LOAD ./tinyusb-0.20.0/src/portable/ti/msp430x5xx/dcd_msp430x5xx.o
LOAD ./tinyusb-0.20.0/src/portable/valentyusb/eptri/dcd_eptri.o
LOAD ./tinyusb-0.20.0/src/portable/wch/dcd_ch32_usbfs.o
LOAD ./tinyusb-0.20.0/src/portable/wch/dcd_ch32_usbhs.o
LOAD ./tinyusb-0.20.0/src/portable/wch/hcd_ch32_usbfs.o
LOAD ./tinyusb-0.20.0/src/tusb.o
LOAD ./tinyusb-0.20.0/src/typec/usbc.o
START GROUP
LOAD C:/ST/STM32CubeIDE_2.0.0/STM32CubeIDE/plugins/com.st.stm32cube.ide.mcu.externaltools.gnu-tools-for-stm32.14.3.rel1.win32_1.0.100.202602081740/tools/bin/../lib/gcc/arm-none-eabi/14.3.1/../../../../arm-none-eabi/lib/thumb/v7e-m+fp/hard\libc_nano.a
LOAD C:/ST/STM32CubeIDE_2.0.0/STM32CubeIDE/plugins/com.st.stm32cube.ide.mcu.externaltools.gnu-tools-for-stm32.14.3.rel1.win32_1.0.100.202602081740/tools/bin/../lib/gcc/arm-none-eabi/14.3.1/../../../../arm-none-eabi/lib/thumb/v7e-m+fp/hard\libm.a
END GROUP
START GROUP
LOAD C:/ST/STM32CubeIDE_2.0.0/STM32CubeIDE/plugins/com.st.stm32cube.ide.mcu.externaltools.gnu-tools-for-stm32.14.3.rel1.win32_1.0.100.202602081740/tools/bin/../lib/gcc/arm-none-eabi/14.3.1/thumb/v7e-m+fp/hard\libgcc.a
LOAD C:/ST/STM32CubeIDE_2.0.0/STM32CubeIDE/plugins/com.st.stm32cube.ide.mcu.externaltools.gnu-tools-for-stm32.14.3.rel1.win32_1.0.100.202602081740/tools/bin/../lib/gcc/arm-none-eabi/14.3.1/../../../../arm-none-eabi/lib/thumb/v7e-m+fp/hard\libc_nano.a
END GROUP
START GROUP
LOAD C:/ST/STM32CubeIDE_2.0.0/STM32CubeIDE/plugins/com.st.stm32cube.ide.mcu.externaltools.gnu-tools-for-stm32.14.3.rel1.win32_1.0.100.202602081740/tools/bin/../lib/gcc/arm-none-eabi/14.3.1/thumb/v7e-m+fp/hard\libgcc.a
LOAD C:/ST/STM32CubeIDE_2.0.0/STM32CubeIDE/plugins/com.st.stm32cube.ide.mcu.externaltools.gnu-tools-for-stm32.14.3.rel1.win32_1.0.100.202602081740/tools/bin/../lib/gcc/arm-none-eabi/14.3.1/../../../../arm-none-eabi/lib/thumb/v7e-m+fp/hard\libc_nano.a
LOAD C:/ST/STM32CubeIDE_2.0.0/STM32CubeIDE/plugins/com.st.stm32cube.ide.mcu.externaltools.gnu-tools-for-stm32.14.3.rel1.win32_1.0.100.202602081740/tools/bin/../lib/gcc/arm-none-eabi/14.3.1/../../../../arm-none-eabi/lib/thumb/v7e-m+fp/hard\libnosys.a
END GROUP
START GROUP
LOAD C:/ST/STM32CubeIDE_2.0.0/STM32CubeIDE/plugins/com.st.stm32cube.ide.mcu.externaltools.gnu-tools-for-stm32.14.3.rel1.win32_1.0.100.202602081740/tools/bin/../lib/gcc/arm-none-eabi/14.3.1/thumb/v7e-m+fp/hard\libgcc.a
LOAD C:/ST/STM32CubeIDE_2.0.0/STM32CubeIDE/plugins/com.st.stm32cube.ide.mcu.externaltools.gnu-tools-for-stm32.14.3.rel1.win32_1.0.100.202602081740/tools/bin/../lib/gcc/arm-none-eabi/14.3.1/../../../../arm-none-eabi/lib/thumb/v7e-m+fp/hard\libc_nano.a
LOAD C:/ST/STM32CubeIDE_2.0.0/STM32CubeIDE/plugins/com.st.stm32cube.ide.mcu.externaltools.gnu-tools-for-stm32.14.3.rel1.win32_1.0.100.202602081740/tools/bin/../lib/gcc/arm-none-eabi/14.3.1/../../../../arm-none-eabi/lib/thumb/v7e-m+fp/hard\libnosys.a
END GROUP
LOAD C:/ST/STM32CubeIDE_2.0.0/STM32CubeIDE/plugins/com.st.stm32cube.ide.mcu.externaltools.gnu-tools-for-stm32.14.3.rel1.win32_1.0.100.202602081740/tools/bin/../lib/gcc/arm-none-eabi/14.3.1/thumb/v7e-m+fp/hard/crtend.o
LOAD C:/ST/STM32CubeIDE_2.0.0/STM32CubeIDE/plugins/com.st.stm32cube.ide.mcu.externaltools.gnu-tools-for-stm32.14.3.rel1.win32_1.0.100.202602081740/tools/bin/../lib/gcc/arm-none-eabi/14.3.1/thumb/v7e-m+fp/hard/crtn.o
                0x20020000                        _estack = (ORIGIN (RAM) + LENGTH (RAM))
                0x00000600                        _Min_Heap_Size = 0x600
                0x00001000                        _Min_Stack_Size = 0x1000

.isr_vector     0x08000000      0x1c4
                0x08000000                        . = ALIGN (0x4)
 *(.isr_vector)
 .isr_vector    0x08000000      0x1c4 ./Core/Startup/startup_stm32f446retx.o
                0x08000000                g_pfnVectors
                0x080001c4                        . = ALIGN (0x4)

.text           0x080001d0     0xcba0
                0x080001d0                        . = ALIGN (0x4)
 *(.text)
 .text          0x080001d0       0x40 C:/ST/STM32CubeIDE_2.0.0/STM32CubeIDE/plugins/com.st.stm32cube.ide.mcu.externaltools.gnu-tools-for-stm32.14.3.rel1.win32_1.0.100.202602081740/tools/bin/../lib/gcc/arm-none-eabi/14.3.1/thumb/v7e-m+fp/hard/crtbegin.o
 .text          0x08000210       0x10 C:/ST/STM32CubeIDE_2.0.0/STM32CubeIDE/plugins/com.st.stm32cube.ide.mcu.externaltools.gnu-tools-for-stm32.14.3.rel1.win32_1.0.100.202602081740/tools/bin/../lib/gcc/arm-none-eabi/14.3.1/../../../../arm-none-eabi/lib/thumb/v7e-m+fp/hard\libc_nano.a(libc_a-strlen.o)
                0x08000210                strlen
 .text          0x08000220       0xa0 C:/ST/STM32CubeIDE_2.0.0/STM32CubeIDE/plugins/com.st.stm32cube.ide.mcu.externaltools.gnu-tools-for-stm32.14.3.rel1.win32_1.0.100.202602081740/tools/bin/../lib/gcc/arm-none-eabi/14.3.1/../../../../arm-none-eabi/lib/thumb/v7e-m+fp/hard\libc_nano.a(libc_a-memchr.o)
                0x08000220                memchr
 .text          0x080002c0       0x30 C:/ST/STM32CubeIDE_2.0.0/STM32CubeIDE/plugins/com.st.stm32cube.ide.mcu.externaltools.gnu-tools-for-stm32.14.3.rel1.win32_1.0.100.202602081740/tools/bin/../lib/gcc/arm-none-eabi/14.3.1/thumb/v7e-m+fp/hard\libgcc.a(_aeabi_uldivmod.o)
                0x080002c0                __aeabi_uldivmod
 .text          0x080002f0      0x2f8 C:/ST/STM32CubeIDE_2.0.0/STM32CubeIDE/plugins/com.st.stm32cube.ide.mcu.externaltools.gnu-tools-for-stm32.14.3.rel1.win32_1.0.100.202602081740/tools/bin/../lib/gcc/arm-none-eabi/14.3.1/thumb/v7e-m+fp/hard\libgcc.a(_udivmoddi4.o)
                0x080002f0                __udivmoddi4
 .text          0x080005e8        0x4 C:/ST/STM32CubeIDE_2.0.0/STM32CubeIDE/plugins/com.st.stm32cube.ide.mcu.externaltools.gnu-tools-for-stm32.14.3.rel1.win32_1.0.100.202602081740/tools/bin/../lib/gcc/arm-none-eabi/14.3.1/thumb/v7e-m+fp/hard\libgcc.a(_dvmd_tls.o)
                0x080005e8                __aeabi_idiv0
                0x080005e8                __aeabi_ldiv0
 *(.text*)
 .text.tud_cdc_line_state_cb
                0x080005ec       0x1e ./Core/Src/cdc_app.o
                0x080005ec                tud_cdc_line_state_cb
 *fill*         0x0800060a        0x2 
 .text.tud_cdc_rx_cb
                0x0800060c      0x128 ./Core/Src/cdc_app.o
                0x0800060c                tud_cdc_rx_cb
 .text.Setup_Tayloe_Mixer_LO
                0x08000734       0x60 ./Core/Src/main.o
                0x08000734                Setup_Tayloe_Mixer_LO
 .text.main     0x08000794       0x70 ./Core/Src/main.o
                0x08000794                main
 .text.SystemClock_Config
                0x08000804       0xd8 ./Core/Src/main.o
                0x08000804                SystemClock_Config
 .text.MX_I2C1_Init
                0x080008dc       0x5c ./Core/Src/main.o
 .text.MX_USB_OTG_FS_PCD_Init
                0x08000938       0x5c ./Core/Src/main.o
 .text.MX_GPIO_Init
                0x08000994       0x88 ./Core/Src/main.o
 .text.Error_Handler
                0x08000a1c        0xc ./Core/Src/main.o
                0x08000a1c                Error_Handler
 .text.si5351_Init
                0x08000a28       0x70 ./Core/Src/si5351.o
                0x08000a28                si5351_Init
 .text.si5351_SetupPLL
                0x08000a98       0x7e ./Core/Src/si5351.o
                0x08000a98                si5351_SetupPLL
 .text.si5351_SetupOutput
                0x08000b16      0x15a ./Core/Src/si5351.o
                0x08000b16                si5351_SetupOutput
 .text.si5351_CalcIQ
                0x08000c70      0x120 ./Core/Src/si5351.o
                0x08000c70                si5351_CalcIQ
 .text.si5351_EnableOutputs
                0x08000d90       0x20 ./Core/Src/si5351.o
                0x08000d90                si5351_EnableOutputs
 .text.si5351_write
                0x08000db0       0x50 ./Core/Src/si5351.o
                0x08000db0                si5351_write
 .text.si5351_writeBulk
                0x08000e00       0xee ./Core/Src/si5351.o
                0x08000e00                si5351_writeBulk
 *fill*         0x08000eee        0x2 
 .text.HAL_MspInit
                0x08000ef0       0x50 ./Core/Src/stm32f4xx_hal_msp.o
                0x08000ef0                HAL_MspInit
 .text.HAL_I2C_MspInit
                0x08000f40       0x90 ./Core/Src/stm32f4xx_hal_msp.o
                0x08000f40                HAL_I2C_MspInit
 .text.HAL_PCD_MspInit
                0x08000fd0       0xd4 ./Core/Src/stm32f4xx_hal_msp.o
                0x08000fd0                HAL_PCD_MspInit
 .text.NMI_Handler
                0x080010a4        0x8 ./Core/Src/stm32f4xx_it.o
                0x080010a4                NMI_Handler
 .text.HardFault_Handler
                0x080010ac        0x8 ./Core/Src/stm32f4xx_it.o
                0x080010ac                HardFault_Handler
 .text.MemManage_Handler
                0x080010b4        0x8 ./Core/Src/stm32f4xx_it.o
                0x080010b4                MemManage_Handler
 .text.BusFault_Handler
                0x080010bc        0x8 ./Core/Src/stm32f4xx_it.o
                0x080010bc                BusFault_Handler
 .text.UsageFault_Handler
                0x080010c4        0x8 ./Core/Src/stm32f4xx_it.o
                0x080010c4                UsageFault_Handler
 .text.SVC_Handler
                0x080010cc        0xe ./Core/Src/stm32f4xx_it.o
                0x080010cc                SVC_Handler
 .text.DebugMon_Handler
                0x080010da        0xe ./Core/Src/stm32f4xx_it.o
                0x080010da                DebugMon_Handler
 .text.PendSV_Handler
                0x080010e8        0xe ./Core/Src/stm32f4xx_it.o
                0x080010e8                PendSV_Handler
 .text.SysTick_Handler
                0x080010f6        0xc ./Core/Src/stm32f4xx_it.o
                0x080010f6                SysTick_Handler
 .text.OTG_FS_IRQHandler
                0x08001102        0xe ./Core/Src/stm32f4xx_it.o
                0x08001102                OTG_FS_IRQHandler
 .text._sbrk    0x08001110       0x6c ./Core/Src/sysmem.o
                0x08001110                _sbrk
 .text.SystemInit
                0x0800117c       0x24 ./Core/Src/system_stm32f4xx.o
                0x0800117c                SystemInit
 .text.audio_task
                0x080011a0        0xe ./Core/Src/uac2_app.o
                0x080011a0                audio_task
 *fill*         0x080011ae        0x2 
 .text.tud_audio_clock_get_request
                0x080011b0      0x138 ./Core/Src/uac2_app.o
 .text.tud_audio_clock_set_request
                0x080012e8       0x74 ./Core/Src/uac2_app.o
 .text.tud_audio_feature_unit_get_request
                0x0800135c       0xcc ./Core/Src/uac2_app.o
 .text.tud_audio_feature_unit_set_request
                0x08001428       0xac ./Core/Src/uac2_app.o
 .text.tud_audio_get_req_entity_cb
                0x080014d4       0x46 ./Core/Src/uac2_app.o
                0x080014d4                tud_audio_get_req_entity_cb
 .text.tud_audio_set_req_entity_cb
                0x0800151a       0x4c ./Core/Src/uac2_app.o
                0x0800151a                tud_audio_set_req_entity_cb
 *fill*         0x08001566        0x2 
 .text.tud_audio_set_itf_close_ep_cb
                0x08001568       0x50 ./Core/Src/uac2_app.o
                0x08001568                tud_audio_set_itf_close_ep_cb
 .text.tud_audio_set_itf_cb
                0x080015b8       0x68 ./Core/Src/uac2_app.o
                0x080015b8                tud_audio_set_itf_cb
 .text.tud_audio_rx_done_isr
                0x08001620       0x80 ./Core/Src/uac2_app.o
                0x08001620                tud_audio_rx_done_isr
 .text.tud_audio_tx_done_isr
                0x080016a0       0x4c ./Core/Src/uac2_app.o
                0x080016a0                tud_audio_tx_done_isr
 .text.tud_descriptor_device_cb
                0x080016ec       0x14 ./Core/Src/usb_descriptors.o
                0x080016ec                tud_descriptor_device_cb
 .text.tud_descriptor_configuration_cb
                0x08001700       0x1c ./Core/Src/usb_descriptors.o
                0x08001700                tud_descriptor_configuration_cb
 .text.tud_descriptor_string_cb
                0x0800171c       0xa4 ./Core/Src/usb_descriptors.o
                0x0800171c                tud_descriptor_string_cb
 .text.Reset_Handler
                0x080017c0       0x50 ./Core/Startup/startup_stm32f446retx.o
                0x080017c0                Reset_Handler
 .text.Default_Handler
                0x08001810        0x2 ./Core/Startup/startup_stm32f446retx.o
                0x08001810                RTC_Alarm_IRQHandler
                0x08001810                EXTI2_IRQHandler
                0x08001810                TIM8_CC_IRQHandler
                0x08001810                FMPI2C1_EV_IRQHandler
                0x08001810                SPI4_IRQHandler
                0x08001810                TIM1_CC_IRQHandler
                0x08001810                DMA2_Stream5_IRQHandler
                0x08001810                DMA1_Stream5_IRQHandler
                0x08001810                PVD_IRQHandler
                0x08001810                SDIO_IRQHandler
                0x08001810                TAMP_STAMP_IRQHandler
                0x08001810                CAN2_RX1_IRQHandler
                0x08001810                EXTI3_IRQHandler
                0x08001810                TIM8_TRG_COM_TIM14_IRQHandler
                0x08001810                TIM1_UP_TIM10_IRQHandler
                0x08001810                TIM8_UP_TIM13_IRQHandler
                0x08001810                I2C3_ER_IRQHandler
                0x08001810                EXTI0_IRQHandler
                0x08001810                I2C2_EV_IRQHandler
                0x08001810                DMA1_Stream2_IRQHandler
                0x08001810                CAN1_RX0_IRQHandler
                0x08001810                FPU_IRQHandler
                0x08001810                OTG_HS_WKUP_IRQHandler
                0x08001810                CAN2_SCE_IRQHandler
                0x08001810                DMA2_Stream2_IRQHandler
                0x08001810                SPI1_IRQHandler
                0x08001810                TIM6_DAC_IRQHandler
                0x08001810                TIM1_BRK_TIM9_IRQHandler
                0x08001810                DCMI_IRQHandler
                0x08001810                CAN2_RX0_IRQHandler
                0x08001810                DMA2_Stream3_IRQHandler
                0x08001810                SAI2_IRQHandler
                0x08001810                USART6_IRQHandler
                0x08001810                USART3_IRQHandler
                0x08001810                CAN1_RX1_IRQHandler
                0x08001810                UART5_IRQHandler
                0x08001810                DMA2_Stream0_IRQHandler
                0x08001810                TIM4_IRQHandler
                0x08001810                QUADSPI_IRQHandler
                0x08001810                I2C1_EV_IRQHandler
                0x08001810                DMA1_Stream6_IRQHandler
                0x08001810                DMA1_Stream1_IRQHandler
                0x08001810                UART4_IRQHandler
                0x08001810                TIM3_IRQHandler
                0x08001810                RCC_IRQHandler
                0x08001810                TIM8_BRK_TIM12_IRQHandler
                0x08001810                Default_Handler
                0x08001810                CEC_IRQHandler
                0x08001810                EXTI15_10_IRQHandler
                0x08001810                ADC_IRQHandler
                0x08001810                DMA1_Stream7_IRQHandler
                0x08001810                TIM7_IRQHandler
                0x08001810                CAN2_TX_IRQHandler
                0x08001810                TIM5_IRQHandler
                0x08001810                DMA2_Stream7_IRQHandler
                0x08001810                I2C3_EV_IRQHandler
                0x08001810                EXTI9_5_IRQHandler
                0x08001810                RTC_WKUP_IRQHandler
                0x08001810                SPDIF_RX_IRQHandler
                0x08001810                SPI2_IRQHandler
                0x08001810                OTG_HS_EP1_IN_IRQHandler
                0x08001810                DMA1_Stream0_IRQHandler
                0x08001810                CAN1_TX_IRQHandler
                0x08001810                FMPI2C1_ER_IRQHandler
                0x08001810                EXTI4_IRQHandler
                0x08001810                OTG_HS_EP1_OUT_IRQHandler
                0x08001810                WWDG_IRQHandler
                0x08001810                TIM2_IRQHandler
                0x08001810                OTG_FS_WKUP_IRQHandler
                0x08001810                TIM1_TRG_COM_TIM11_IRQHandler
                0x08001810                OTG_HS_IRQHandler
                0x08001810                EXTI1_IRQHandler
                0x08001810                USART2_IRQHandler
                0x08001810                I2C2_ER_IRQHandler
                0x08001810                DMA2_Stream1_IRQHandler
                0x08001810                CAN1_SCE_IRQHandler
                0x08001810                FLASH_IRQHandler
                0x08001810                DMA2_Stream4_IRQHandler
                0x08001810                USART1_IRQHandler
                0x08001810                SPI3_IRQHandler
                0x08001810                DMA1_Stream4_IRQHandler
                0x08001810                I2C1_ER_IRQHandler
                0x08001810                FMC_IRQHandler
                0x08001810                DMA2_Stream6_IRQHandler
                0x08001810                SAI1_IRQHandler
                0x08001810                DMA1_Stream3_IRQHandler
 *fill*         0x08001812        0x2 
 .text.HAL_Init
                0x08001814       0x44 ./Drivers/STM32F4xx_HAL_Driver/Src/stm32f4xx_hal.o
                0x08001814                HAL_Init
 .text.HAL_InitTick
                0x08001858       0x60 ./Drivers/STM32F4xx_HAL_Driver/Src/stm32f4xx_hal.o
                0x08001858                HAL_InitTick
 .text.HAL_IncTick
                0x080018b8       0x28 ./Drivers/STM32F4xx_HAL_Driver/Src/stm32f4xx_hal.o
                0x080018b8                HAL_IncTick
 .text.HAL_GetTick
                0x080018e0       0x18 ./Drivers/STM32F4xx_HAL_Driver/Src/stm32f4xx_hal.o
                0x080018e0                HAL_GetTick
 .text.HAL_Delay
                0x080018f8       0x48 ./Drivers/STM32F4xx_HAL_Driver/Src/stm32f4xx_hal.o
                0x080018f8                HAL_Delay
 .text.__NVIC_SetPriorityGrouping
                0x08001940       0x48 ./Drivers/STM32F4xx_HAL_Driver/Src/stm32f4xx_hal_cortex.o
 .text.__NVIC_GetPriorityGrouping
                0x08001988       0x1c ./Drivers/STM32F4xx_HAL_Driver/Src/stm32f4xx_hal_cortex.o
 .text.__NVIC_EnableIRQ
                0x080019a4       0x3c ./Drivers/STM32F4xx_HAL_Driver/Src/stm32f4xx_hal_cortex.o
 .text.__NVIC_SetPriority
                0x080019e0       0x54 ./Drivers/STM32F4xx_HAL_Driver/Src/stm32f4xx_hal_cortex.o
 .text.NVIC_EncodePriority
                0x08001a34       0x66 ./Drivers/STM32F4xx_HAL_Driver/Src/stm32f4xx_hal_cortex.o
 *fill*         0x08001a9a        0x2 
 .text.SysTick_Config
                0x08001a9c       0x44 ./Drivers/STM32F4xx_HAL_Driver/Src/stm32f4xx_hal_cortex.o
 .text.HAL_NVIC_SetPriorityGrouping
                0x08001ae0       0x16 ./Drivers/STM32F4xx_HAL_Driver/Src/stm32f4xx_hal_cortex.o
                0x08001ae0                HAL_NVIC_SetPriorityGrouping
 .text.HAL_NVIC_SetPriority
                0x08001af6       0x38 ./Drivers/STM32F4xx_HAL_Driver/Src/stm32f4xx_hal_cortex.o
                0x08001af6                HAL_NVIC_SetPriority
 .text.HAL_NVIC_EnableIRQ
                0x08001b2e       0x1c ./Drivers/STM32F4xx_HAL_Driver/Src/stm32f4xx_hal_cortex.o
                0x08001b2e                HAL_NVIC_EnableIRQ
 .text.HAL_SYSTICK_Config
                0x08001b4a       0x18 ./Drivers/STM32F4xx_HAL_Driver/Src/stm32f4xx_hal_cortex.o
                0x08001b4a                HAL_SYSTICK_Config
 *fill*         0x08001b62        0x2 
 .text.HAL_GPIO_Init
                0x08001b64      0x328 ./Drivers/STM32F4xx_HAL_Driver/Src/stm32f4xx_hal_gpio.o
                0x08001b64                HAL_GPIO_Init
 .text.HAL_I2C_Init
                0x08001e8c      0x288 ./Drivers/STM32F4xx_HAL_Driver/Src/stm32f4xx_hal_i2c.o
                0x08001e8c                HAL_I2C_Init
 .text.HAL_I2C_Mem_Write
                0x08002114      0x1f4 ./Drivers/STM32F4xx_HAL_Driver/Src/stm32f4xx_hal_i2c.o
                0x08002114                HAL_I2C_Mem_Write
 .text.HAL_I2C_IsDeviceReady
                0x08002308      0x25c ./Drivers/STM32F4xx_HAL_Driver/Src/stm32f4xx_hal_i2c.o
                0x08002308                HAL_I2C_IsDeviceReady
 .text.I2C_RequestMemoryWrite
                0x08002564      0x12c ./Drivers/STM32F4xx_HAL_Driver/Src/stm32f4xx_hal_i2c.o
 .text.I2C_WaitOnFlagUntilTimeout
                0x08002690       0xf4 ./Drivers/STM32F4xx_HAL_Driver/Src/stm32f4xx_hal_i2c.o
 .text.I2C_WaitOnMasterAddressFlagUntilTimeout
                0x08002784      0x140 ./Drivers/STM32F4xx_HAL_Driver/Src/stm32f4xx_hal_i2c.o
 .text.I2C_WaitOnTXEFlagUntilTimeout
                0x080028c4       0x90 ./Drivers/STM32F4xx_HAL_Driver/Src/stm32f4xx_hal_i2c.o
 .text.I2C_WaitOnBTFFlagUntilTimeout
                0x08002954       0x90 ./Drivers/STM32F4xx_HAL_Driver/Src/stm32f4xx_hal_i2c.o
 .text.I2C_IsAcknowledgeFailed
                0x080029e4       0x5e ./Drivers/STM32F4xx_HAL_Driver/Src/stm32f4xx_hal_i2c.o
 .text.HAL_PCD_Init
                0x08002a42      0x22c ./Drivers/STM32F4xx_HAL_Driver/Src/stm32f4xx_hal_pcd.o
                0x08002a42                HAL_PCD_Init
 .text.HAL_PCDEx_ActivateLPM
                0x08002c6e       0x48 ./Drivers/STM32F4xx_HAL_Driver/Src/stm32f4xx_hal_pcd_ex.o
                0x08002c6e                HAL_PCDEx_ActivateLPM
 *fill*         0x08002cb6        0x2 
 .text.HAL_RCC_ClockConfig
                0x08002cb8      0x1cc ./Drivers/STM32F4xx_HAL_Driver/Src/stm32f4xx_hal_rcc.o
                0x08002cb8                HAL_RCC_ClockConfig
 .text.HAL_RCC_GetHCLKFreq
                0x08002e84       0x18 ./Drivers/STM32F4xx_HAL_Driver/Src/stm32f4xx_hal_rcc.o
                0x08002e84                HAL_RCC_GetHCLKFreq
 .text.HAL_RCC_GetPCLK1Freq
                0x08002e9c       0x28 ./Drivers/STM32F4xx_HAL_Driver/Src/stm32f4xx_hal_rcc.o
                0x08002e9c                HAL_RCC_GetPCLK1Freq
 .text.HAL_RCCEx_PeriphCLKConfig
                0x08002ec4      0x654 ./Drivers/STM32F4xx_HAL_Driver/Src/stm32f4xx_hal_rcc_ex.o
                0x08002ec4                HAL_RCCEx_PeriphCLKConfig
 .text.HAL_RCC_GetSysClockFreq
                0x08003518      0x460 ./Drivers/STM32F4xx_HAL_Driver/Src/stm32f4xx_hal_rcc_ex.o
                0x08003518                HAL_RCC_GetSysClockFreq
 .text.HAL_RCC_OscConfig
                0x08003978      0x53c ./Drivers/STM32F4xx_HAL_Driver/Src/stm32f4xx_hal_rcc_ex.o
                0x08003978                HAL_RCC_OscConfig
 .text.USB_CoreInit
                0x08003eb4       0xc8 ./Drivers/STM32F4xx_HAL_Driver/Src/stm32f4xx_ll_usb.o
                0x08003eb4                USB_CoreInit
 .text.USB_DisableGlobalInt
                0x08003f7c       0x22 ./Drivers/STM32F4xx_HAL_Driver/Src/stm32f4xx_ll_usb.o
                0x08003f7c                USB_DisableGlobalInt
 .text.USB_SetCurrentMode
                0x08003f9e       0x98 ./Drivers/STM32F4xx_HAL_Driver/Src/stm32f4xx_ll_usb.o
                0x08003f9e                USB_SetCurrentMode
 *fill*         0x08004036        0x2 
 .text.USB_DevInit
                0x08004038      0x2bc ./Drivers/STM32F4xx_HAL_Driver/Src/stm32f4xx_ll_usb.o
                0x08004038                USB_DevInit
 .text.USB_FlushTxFifo
                0x080042f4       0x64 ./Drivers/STM32F4xx_HAL_Driver/Src/stm32f4xx_ll_usb.o
                0x080042f4                USB_FlushTxFifo
 .text.USB_FlushRxFifo
                0x08004358       0x5c ./Drivers/STM32F4xx_HAL_Driver/Src/stm32f4xx_ll_usb.o
                0x08004358                USB_FlushRxFifo
 .text.USB_SetDevSpeed
                0x080043b4       0x32 ./Drivers/STM32F4xx_HAL_Driver/Src/stm32f4xx_ll_usb.o
                0x080043b4                USB_SetDevSpeed
 .text.USB_DevDisconnect
                0x080043e6       0x42 ./Drivers/STM32F4xx_HAL_Driver/Src/stm32f4xx_ll_usb.o
                0x080043e6                USB_DevDisconnect
 .text.USB_GetMode
                0x08004428       0x1c ./Drivers/STM32F4xx_HAL_Driver/Src/stm32f4xx_ll_usb.o
                0x08004428                USB_GetMode
 .text.USB_CoreReset
                0x08004444       0x70 ./Drivers/STM32F4xx_HAL_Driver/Src/stm32f4xx_ll_usb.o
 .text.tud_audio_set_req_ep_cb
                0x080044b4       0x1c ./tinyusb-0.20.0/src/class/audio/audio_device.o
                0x080044b4                tud_audio_set_req_ep_cb
 .text.tud_audio_set_req_itf_cb
                0x080044d0       0x1c ./tinyusb-0.20.0/src/class/audio/audio_device.o
                0x080044d0                tud_audio_set_req_itf_cb
 .text.tud_audio_get_req_ep_cb
                0x080044ec       0x1a ./tinyusb-0.20.0/src/class/audio/audio_device.o
                0x080044ec                tud_audio_get_req_ep_cb
 .text.tud_audio_get_req_itf_cb
                0x08004506       0x1a ./tinyusb-0.20.0/src/class/audio/audio_device.o
                0x08004506                tud_audio_get_req_itf_cb
 .text.tud_audio_n_read
                0x08004520       0x58 ./tinyusb-0.20.0/src/class/audio/audio_device.o
                0x08004520                tud_audio_n_read
 .text.audiod_rx_xfer_isr
                0x08004578       0x88 ./tinyusb-0.20.0/src/class/audio/audio_device.o
 .text.tud_audio_n_write
                0x08004600       0x5c ./tinyusb-0.20.0/src/class/audio/audio_device.o
                0x08004600                tud_audio_n_write
 .text.audiod_tx_xfer_isr
                0x0800465c       0xba ./tinyusb-0.20.0/src/class/audio/audio_device.o
 *fill*         0x08004716        0x2 
 .text.tud_audio_n_version
                0x08004718       0x68 ./tinyusb-0.20.0/src/class/audio/audio_device.o
                0x08004718                tud_audio_n_version
 .text.audiod_init
                0x08004780       0xa8 ./tinyusb-0.20.0/src/class/audio/audio_device.o
                0x08004780                audiod_init
 .text.audiod_deinit
                0x08004828       0x10 ./tinyusb-0.20.0/src/class/audio/audio_device.o
                0x08004828                audiod_deinit
 .text.audiod_reset
                0x08004838       0x58 ./tinyusb-0.20.0/src/class/audio/audio_device.o
                0x08004838                audiod_reset
 .text.audiod_open
                0x08004890      0x590 ./tinyusb-0.20.0/src/class/audio/audio_device.o
                0x08004890                audiod_open
 .text.audiod_get_interface
                0x08004e20       0xc8 ./tinyusb-0.20.0/src/class/audio/audio_device.o
 .text.audiod_set_interface
                0x08004ee8      0x3c0 ./tinyusb-0.20.0/src/class/audio/audio_device.o
 .text.audiod_control_complete
                0x080052a8      0x208 ./tinyusb-0.20.0/src/class/audio/audio_device.o
 .text.audiod_control_request
                0x080054b0      0x1b8 ./tinyusb-0.20.0/src/class/audio/audio_device.o
 .text.audiod_control_xfer_cb
                0x08005668       0x42 ./tinyusb-0.20.0/src/class/audio/audio_device.o
                0x08005668                audiod_control_xfer_cb
 .text.audiod_xfer_cb
                0x080056aa       0x22 ./tinyusb-0.20.0/src/class/audio/audio_device.o
                0x080056aa                audiod_xfer_cb
 .text.audiod_xfer_isr
                0x080056cc       0x7c ./tinyusb-0.20.0/src/class/audio/audio_device.o
                0x080056cc                audiod_xfer_isr
 .text.audiod_sof_isr
                0x08005748       0x18 ./tinyusb-0.20.0/src/class/audio/audio_device.o
                0x08005748                audiod_sof_isr
 .text.tud_audio_buffer_and_schedule_control_xfer
                0x08005760      0x208 ./tinyusb-0.20.0/src/class/audio/audio_device.o
                0x08005760                tud_audio_buffer_and_schedule_control_xfer
 .text.audiod_verify_entity_exists
                0x08005968       0xf4 ./tinyusb-0.20.0/src/class/audio/audio_device.o
 .text.audiod_verify_itf_exists
                0x08005a5c       0xc4 ./tinyusb-0.20.0/src/class/audio/audio_device.o
 .text.audiod_verify_ep_exists
                0x08005b20       0xc4 ./tinyusb-0.20.0/src/class/audio/audio_device.o
 .text.audiod_parse_flow_control_params
                0x08005be4      0x118 ./tinyusb-0.20.0/src/class/audio/audio_device.o
 .text.audiod_calc_tx_packet_sz
                0x08005cfc      0x170 ./tinyusb-0.20.0/src/class/audio/audio_device.o
 .text.audiod_tx_packet_size
                0x08005e6c      0x108 ./tinyusb-0.20.0/src/class/audio/audio_device.o
 .text.audiod_get_audio_fct_idx
                0x08005f74       0x2c ./tinyusb-0.20.0/src/class/audio/audio_device.o
 .text.tud_cdc_rx_wanted_cb
                0x08005fa0       0x1c ./tinyusb-0.20.0/src/class/cdc/cdc_device.o
                0x08005fa0                tud_cdc_rx_wanted_cb
 .text.tud_cdc_tx_complete_cb
                0x08005fbc       0x16 ./tinyusb-0.20.0/src/class/cdc/cdc_device.o
                0x08005fbc                tud_cdc_tx_complete_cb
 .text.tud_cdc_notify_complete_cb
                0x08005fd2       0x16 ./tinyusb-0.20.0/src/class/cdc/cdc_device.o
                0x08005fd2                tud_cdc_notify_complete_cb
 .text.tud_cdc_line_coding_cb
                0x08005fe8       0x18 ./tinyusb-0.20.0/src/class/cdc/cdc_device.o
                0x08005fe8                tud_cdc_line_coding_cb
 .text.tud_cdc_send_break_cb
                0x08006000       0x1c ./tinyusb-0.20.0/src/class/cdc/cdc_device.o
                0x08006000                tud_cdc_send_break_cb
 .text.tud_cdc_n_connected
                0x0800601c       0x84 ./tinyusb-0.20.0/src/class/cdc/cdc_device.o
                0x0800601c                tud_cdc_n_connected
 .text.tud_cdc_n_available
                0x080060a0       0x40 ./tinyusb-0.20.0/src/class/cdc/cdc_device.o
                0x080060a0                tud_cdc_n_available
 .text.tud_cdc_n_read
                0x080060e0       0x48 ./tinyusb-0.20.0/src/class/cdc/cdc_device.o
                0x080060e0                tud_cdc_n_read
 .text.tud_cdc_n_write
                0x08006128       0x48 ./tinyusb-0.20.0/src/class/cdc/cdc_device.o
                0x08006128                tud_cdc_n_write
 .text.tud_cdc_n_write_flush
                0x08006170       0x40 ./tinyusb-0.20.0/src/class/cdc/cdc_device.o
                0x08006170                tud_cdc_n_write_flush
 .text.cdcd_init
                0x080061b0       0xc0 ./tinyusb-0.20.0/src/class/cdc/cdc_device.o
                0x080061b0                cdcd_init
 .text.cdcd_deinit
                0x08006270       0x48 ./tinyusb-0.20.0/src/class/cdc/cdc_device.o
                0x08006270                cdcd_deinit
 .text.cdcd_reset
                0x080062b8       0x7c ./tinyusb-0.20.0/src/class/cdc/cdc_device.o
                0x080062b8                cdcd_reset
 .text.cdcd_open
                0x08006334      0x444 ./tinyusb-0.20.0/src/class/cdc/cdc_device.o
                0x08006334                cdcd_open
 .text.cdcd_control_xfer_cb
                0x08006778      0x1d4 ./tinyusb-0.20.0/src/class/cdc/cdc_device.o
                0x08006778                cdcd_control_xfer_cb
 .text.cdcd_xfer_cb
                0x0800694c      0x1ec ./tinyusb-0.20.0/src/class/cdc/cdc_device.o
                0x0800694c                cdcd_xfer_cb
 .text.tu_fifo_config
                0x08006b38       0x66 ./tinyusb-0.20.0/src/common/tusb_fifo.o
                0x08006b38                tu_fifo_config
 .text._ff_push_const_addr
                0x08006b9e       0x68 ./tinyusb-0.20.0/src/common/tusb_fifo.o
 .text._ff_pull_const_addr
                0x08006c06       0x66 ./tinyusb-0.20.0/src/common/tusb_fifo.o
 .text._ff_push
                0x08006c6c       0x3e ./tinyusb-0.20.0/src/common/tusb_fifo.o
 .text._ff_push_n
                0x08006caa      0x1bc ./tinyusb-0.20.0/src/common/tusb_fifo.o
 .text._ff_pull
                0x08006e66       0x3e ./tinyusb-0.20.0/src/common/tusb_fifo.o
 .text._ff_pull_n
                0x08006ea4      0x1c0 ./tinyusb-0.20.0/src/common/tusb_fifo.o
 .text.advance_index
                0x08007064       0x4c ./tinyusb-0.20.0/src/common/tusb_fifo.o
 .text._tu_fifo_peek
                0x080070b0       0xc6 ./tinyusb-0.20.0/src/common/tusb_fifo.o
 .text._tu_fifo_peek_n
                0x08007176       0xe0 ./tinyusb-0.20.0/src/common/tusb_fifo.o
 .text._tu_fifo_write_n
                0x08007256      0x1a2 ./tinyusb-0.20.0/src/common/tusb_fifo.o
 .text._tu_fifo_read_n
                0x080073f8       0x5e ./tinyusb-0.20.0/src/common/tusb_fifo.o
 .text.tu_fifo_count
                0x08007456       0x64 ./tinyusb-0.20.0/src/common/tusb_fifo.o
                0x08007456                tu_fifo_count
 .text.tu_fifo_full
                0x080074ba       0x5c ./tinyusb-0.20.0/src/common/tusb_fifo.o
                0x080074ba                tu_fifo_full
 .text.tu_fifo_remaining
                0x08007516       0x70 ./tinyusb-0.20.0/src/common/tusb_fifo.o
                0x08007516                tu_fifo_remaining
 .text.tu_fifo_read
                0x08007586       0x48 ./tinyusb-0.20.0/src/common/tusb_fifo.o
                0x08007586                tu_fifo_read
 .text.tu_fifo_read_n
                0x080075ce       0x24 ./tinyusb-0.20.0/src/common/tusb_fifo.o
                0x080075ce                tu_fifo_read_n
 .text.tu_fifo_read_n_const_addr_full_words
                0x080075f2       0x24 ./tinyusb-0.20.0/src/common/tusb_fifo.o
                0x080075f2                tu_fifo_read_n_const_addr_full_words
 .text.tu_fifo_write
                0x08007616       0x86 ./tinyusb-0.20.0/src/common/tusb_fifo.o
                0x08007616                tu_fifo_write
 .text.tu_fifo_write_n
                0x0800769c       0x24 ./tinyusb-0.20.0/src/common/tusb_fifo.o
                0x0800769c                tu_fifo_write_n
 .text.tu_fifo_write_n_const_addr_full_words
                0x080076c0       0x24 ./tinyusb-0.20.0/src/common/tusb_fifo.o
                0x080076c0                tu_fifo_write_n_const_addr_full_words
 .text.tu_fifo_clear
                0x080076e4       0x22 ./tinyusb-0.20.0/src/common/tusb_fifo.o
                0x080076e4                tu_fifo_clear
 .text.tu_fifo_set_overwritable
                0x08007706       0x3a ./tinyusb-0.20.0/src/common/tusb_fifo.o
                0x08007706                tu_fifo_set_overwritable
 .text.tud_event_hook_cb
                0x08007740       0x1c ./tinyusb-0.20.0/src/device/usbd.o
                0x08007740                tud_event_hook_cb
 .text.tud_sof_cb
                0x0800775c       0x14 ./tinyusb-0.20.0/src/device/usbd.o
                0x0800775c                tud_sof_cb
 .text.tud_descriptor_bos_cb
                0x08007770       0x10 ./tinyusb-0.20.0/src/device/usbd.o
                0x08007770                tud_descriptor_bos_cb
 .text.tud_descriptor_device_qualifier_cb
                0x08007780       0x10 ./tinyusb-0.20.0/src/device/usbd.o
                0x08007780                tud_descriptor_device_qualifier_cb
 .text.tud_descriptor_other_speed_configuration_cb
                0x08007790       0x18 ./tinyusb-0.20.0/src/device/usbd.o
                0x08007790                tud_descriptor_other_speed_configuration_cb
 .text.tud_mount_cb
                0x080077a8        0xe ./tinyusb-0.20.0/src/device/usbd.o
                0x080077a8                tud_mount_cb
 .text.tud_umount_cb
                0x080077b6        0xe ./tinyusb-0.20.0/src/device/usbd.o
                0x080077b6                tud_umount_cb
 .text.tud_suspend_cb
                0x080077c4       0x16 ./tinyusb-0.20.0/src/device/usbd.o
                0x080077c4                tud_suspend_cb
 .text.tud_resume_cb
                0x080077da        0xe ./tinyusb-0.20.0/src/device/usbd.o
                0x080077da                tud_resume_cb
 .text.tud_vendor_control_xfer_cb
                0x080077e8       0x1e ./tinyusb-0.20.0/src/device/usbd.o
                0x080077e8                tud_vendor_control_xfer_cb
 .text.dcd_dcache_clean
                0x08007806       0x18 ./tinyusb-0.20.0/src/device/usbd.o
                0x08007806                dcd_dcache_clean
 .text.usbd_app_driver_get_cb
                0x0800781e       0x1c ./tinyusb-0.20.0/src/device/usbd.o
                0x0800781e                usbd_app_driver_get_cb
 *fill*         0x0800783a        0x2 
 .text.tud_speed_get
                0x0800783c       0x18 ./tinyusb-0.20.0/src/device/usbd.o
                0x0800783c                tud_speed_get
 .text.tud_mounted
                0x08007854       0x24 ./tinyusb-0.20.0/src/device/usbd.o
                0x08007854                tud_mounted
 .text.tud_suspended
                0x08007878       0x28 ./tinyusb-0.20.0/src/device/usbd.o
                0x08007878                tud_suspended
 .text.tud_inited
                0x080078a0       0x20 ./tinyusb-0.20.0/src/device/usbd.o
                0x080078a0                tud_inited
 .text.tud_rhport_init
                0x080078c0      0x1ac ./tinyusb-0.20.0/src/device/usbd.o
                0x080078c0                tud_rhport_init
 .text.configuration_reset
                0x08007a6c       0xd8 ./tinyusb-0.20.0/src/device/usbd.o
 .text.usbd_reset
                0x08007b44       0x1e ./tinyusb-0.20.0/src/device/usbd.o
 *fill*         0x08007b62        0x2 
 .text.tud_task_ext
                0x08007b64      0x340 ./tinyusb-0.20.0/src/device/usbd.o
                0x08007b64                tud_task_ext
 .text.invoke_class_control
                0x08007ea4       0x2e ./tinyusb-0.20.0/src/device/usbd.o
 *fill*         0x08007ed2        0x2 
 .text.process_control_request
                0x08007ed4      0x5e8 ./tinyusb-0.20.0/src/device/usbd.o
 .text.process_set_config
                0x080084bc      0x32c ./tinyusb-0.20.0/src/device/usbd.o
 .text.process_get_descriptor
                0x080087e8      0x1b4 ./tinyusb-0.20.0/src/device/usbd.o
 .text.dcd_event_handler
                0x0800899c      0x564 ./tinyusb-0.20.0/src/device/usbd.o
                0x0800899c                dcd_event_handler
 .text.usbd_int_set
                0x08008f00       0x34 ./tinyusb-0.20.0/src/device/usbd.o
                0x08008f00                usbd_int_set
 .text.usbd_spin_lock
                0x08008f34       0x48 ./tinyusb-0.20.0/src/device/usbd.o
                0x08008f34                usbd_spin_lock
 .text.usbd_spin_unlock
                0x08008f7c       0x50 ./tinyusb-0.20.0/src/device/usbd.o
                0x08008f7c                usbd_spin_unlock
 .text.usbd_edpt_open
                0x08008fcc       0x8c ./tinyusb-0.20.0/src/device/usbd.o
                0x08008fcc                usbd_edpt_open
 .text.usbd_edpt_claim
                0x08009058       0x50 ./tinyusb-0.20.0/src/device/usbd.o
                0x08009058                usbd_edpt_claim
 .text.usbd_edpt_release
                0x080090a8       0x50 ./tinyusb-0.20.0/src/device/usbd.o
                0x080090a8                usbd_edpt_release
 .text.usbd_edpt_xfer
                0x080090f8       0xec ./tinyusb-0.20.0/src/device/usbd.o
                0x080090f8                usbd_edpt_xfer
 .text.usbd_edpt_stall
                0x080091e4       0x7c ./tinyusb-0.20.0/src/device/usbd.o
                0x080091e4                usbd_edpt_stall
 .text.usbd_edpt_clear_stall
                0x08009260       0x7c ./tinyusb-0.20.0/src/device/usbd.o
                0x08009260                usbd_edpt_clear_stall
 .text.usbd_edpt_stalled
                0x080092dc       0x5c ./tinyusb-0.20.0/src/device/usbd.o
                0x080092dc                usbd_edpt_stalled
 .text.usbd_edpt_iso_alloc
                0x08009338       0x5c ./tinyusb-0.20.0/src/device/usbd.o
                0x08009338                usbd_edpt_iso_alloc
 .text.usbd_edpt_iso_activate
                0x08009394       0xe4 ./tinyusb-0.20.0/src/device/usbd.o
                0x08009394                usbd_edpt_iso_activate
 .text.dcd_edpt0_status_complete
                0x08009478       0x18 ./tinyusb-0.20.0/src/device/usbd_control.o
                0x08009478                dcd_edpt0_status_complete
 .text.status_stage_xact
                0x08009490       0x38 ./tinyusb-0.20.0/src/device/usbd_control.o
 .text.tud_control_status
                0x080094c8       0x40 ./tinyusb-0.20.0/src/device/usbd_control.o
                0x080094c8                tud_control_status
 .text.data_stage_xact
                0x08009508       0xc4 ./tinyusb-0.20.0/src/device/usbd_control.o
 .text.tud_control_xfer
                0x080095cc       0xe0 ./tinyusb-0.20.0/src/device/usbd_control.o
                0x080095cc                tud_control_xfer
 .text.usbd_control_reset
                0x080096ac       0x18 ./tinyusb-0.20.0/src/device/usbd_control.o
                0x080096ac                usbd_control_reset
 .text.usbd_control_set_complete_callback
                0x080096c4       0x20 ./tinyusb-0.20.0/src/device/usbd_control.o
                0x080096c4                usbd_control_set_complete_callback
 .text.usbd_control_set_request
                0x080096e4       0x34 ./tinyusb-0.20.0/src/device/usbd_control.o
                0x080096e4                usbd_control_set_request
 .text.usbd_control_xfer_cb
                0x08009718      0x168 ./tinyusb-0.20.0/src/device/usbd_control.o
                0x08009718                usbd_control_xfer_cb
 .text.__NVIC_EnableIRQ
                0x08009880       0x3c ./tinyusb-0.20.0/src/portable/synopsys/dwc2/dcd_dwc2.o
 .text.__NVIC_DisableIRQ
                0x080098bc       0x48 ./tinyusb-0.20.0/src/portable/synopsys/dwc2/dcd_dwc2.o
 .text.dma_setup_prepare
                0x08009904       0x80 ./tinyusb-0.20.0/src/portable/synopsys/dwc2/dcd_dwc2.o
 .text.dfifo_alloc
                0x08009984      0x1c0 ./tinyusb-0.20.0/src/portable/synopsys/dwc2/dcd_dwc2.o
 .text.dfifo_device_init
                0x08009b44       0xb4 ./tinyusb-0.20.0/src/portable/synopsys/dwc2/dcd_dwc2.o
 .text.edpt_activate
                0x08009bf8      0x164 ./tinyusb-0.20.0/src/portable/synopsys/dwc2/dcd_dwc2.o
 .text.edpt_disable
                0x08009d5c      0x1a0 ./tinyusb-0.20.0/src/portable/synopsys/dwc2/dcd_dwc2.o
 .text.epin_write_tx_fifo
                0x08009efc      0x10c ./tinyusb-0.20.0/src/portable/synopsys/dwc2/dcd_dwc2.o
 .text.edpt_schedule_packets
                0x0800a008      0x214 ./tinyusb-0.20.0/src/portable/synopsys/dwc2/dcd_dwc2.o
 .text.dcd_init
                0x0800a21c      0x13c ./tinyusb-0.20.0/src/portable/synopsys/dwc2/dcd_dwc2.o
                0x0800a21c                dcd_init
 .text.dcd_int_enable
                0x0800a358       0x50 ./tinyusb-0.20.0/src/portable/synopsys/dwc2/dcd_dwc2.o
                0x0800a358                dcd_int_enable
 .text.dcd_int_disable
                0x0800a3a8       0x50 ./tinyusb-0.20.0/src/portable/synopsys/dwc2/dcd_dwc2.o
                0x0800a3a8                dcd_int_disable
 .text.dcd_set_address
                0x0800a3f8       0x70 ./tinyusb-0.20.0/src/portable/synopsys/dwc2/dcd_dwc2.o
                0x0800a3f8                dcd_set_address
 .text.dcd_connect
                0x0800a468       0x44 ./tinyusb-0.20.0/src/portable/synopsys/dwc2/dcd_dwc2.o
                0x0800a468                dcd_connect
 .text.dcd_disconnect
                0x0800a4ac       0x44 ./tinyusb-0.20.0/src/portable/synopsys/dwc2/dcd_dwc2.o
                0x0800a4ac                dcd_disconnect
 .text.dcd_sof_enable
                0x0800a4f0       0x6c ./tinyusb-0.20.0/src/portable/synopsys/dwc2/dcd_dwc2.o
                0x0800a4f0                dcd_sof_enable
 .text.dcd_edpt_open
                0x0800a55c       0x64 ./tinyusb-0.20.0/src/portable/synopsys/dwc2/dcd_dwc2.o
                0x0800a55c                dcd_edpt_open
 .text.dcd_edpt_close_all
                0x0800a5c0      0x130 ./tinyusb-0.20.0/src/portable/synopsys/dwc2/dcd_dwc2.o
                0x0800a5c0                dcd_edpt_close_all
 .text.dcd_edpt_iso_alloc
                0x0800a6f0       0x50 ./tinyusb-0.20.0/src/portable/synopsys/dwc2/dcd_dwc2.o
                0x0800a6f0                dcd_edpt_iso_alloc
 .text.dcd_edpt_iso_activate
                0x0800a740       0x2e ./tinyusb-0.20.0/src/portable/synopsys/dwc2/dcd_dwc2.o
                0x0800a740                dcd_edpt_iso_activate
 *fill*         0x0800a76e        0x2 
 .text.dcd_edpt_xfer
                0x0800a770       0xa8 ./tinyusb-0.20.0/src/portable/synopsys/dwc2/dcd_dwc2.o
                0x0800a770                dcd_edpt_xfer
 .text.dcd_edpt_stall
                0x0800a818       0x6c ./tinyusb-0.20.0/src/portable/synopsys/dwc2/dcd_dwc2.o
                0x0800a818                dcd_edpt_stall
 .text.dcd_edpt_clear_stall
                0x0800a884       0x8c ./tinyusb-0.20.0/src/portable/synopsys/dwc2/dcd_dwc2.o
                0x0800a884                dcd_edpt_clear_stall
 .text.handle_bus_reset
                0x0800a910      0x204 ./tinyusb-0.20.0/src/portable/synopsys/dwc2/dcd_dwc2.o
 .text.handle_enum_done
                0x0800ab14       0x8c ./tinyusb-0.20.0/src/portable/synopsys/dwc2/dcd_dwc2.o
 .text.handle_rxflvl_irq
                0x0800aba0      0x140 ./tinyusb-0.20.0/src/portable/synopsys/dwc2/dcd_dwc2.o
 .text.handle_epout_slave
                0x0800ace0      0x144 ./tinyusb-0.20.0/src/portable/synopsys/dwc2/dcd_dwc2.o
 .text.handle_epin_slave
                0x0800ae24      0x138 ./tinyusb-0.20.0/src/portable/synopsys/dwc2/dcd_dwc2.o
 .text.handle_ep_irq
                0x0800af5c      0x120 ./tinyusb-0.20.0/src/portable/synopsys/dwc2/dcd_dwc2.o
 .text.handle_incomplete_iso_in
                0x0800b07c      0x1bc ./tinyusb-0.20.0/src/portable/synopsys/dwc2/dcd_dwc2.o
 .text.dcd_int_handler
                0x0800b238      0x27c ./tinyusb-0.20.0/src/portable/synopsys/dwc2/dcd_dwc2.o
                0x0800b238                dcd_int_handler
 .text.dwc2_phy_init
                0x0800b4b4       0x54 ./tinyusb-0.20.0/src/portable/synopsys/dwc2/dwc2_common.o
 .text.dwc2_phy_update
                0x0800b508       0xec ./tinyusb-0.20.0/src/portable/synopsys/dwc2/dwc2_common.o
 .text.reset_core
                0x0800b5f4       0x7a ./tinyusb-0.20.0/src/portable/synopsys/dwc2/dwc2_common.o
 .text.phy_fs_init
                0x0800b66e       0x50 ./tinyusb-0.20.0/src/portable/synopsys/dwc2/dwc2_common.o
 .text.phy_hs_init
                0x0800b6be       0xe6 ./tinyusb-0.20.0/src/portable/synopsys/dwc2/dwc2_common.o
 .text.check_dwc2
                0x0800b7a4       0x60 ./tinyusb-0.20.0/src/portable/synopsys/dwc2/dwc2_common.o
 .text.dwc2_core_is_highspeed
                0x0800b804       0x3a ./tinyusb-0.20.0/src/portable/synopsys/dwc2/dwc2_common.o
                0x0800b804                dwc2_core_is_highspeed
 *fill*         0x0800b83e        0x2 
 .text.dwc2_core_init
                0x0800b840      0x118 ./tinyusb-0.20.0/src/portable/synopsys/dwc2/dwc2_common.o
                0x0800b840                dwc2_core_init
 .text.dfifo_read_packet
                0x0800b958       0xa2 ./tinyusb-0.20.0/src/portable/synopsys/dwc2/dwc2_common.o
                0x0800b958                dfifo_read_packet
 .text.dfifo_write_packet
                0x0800b9fa       0x94 ./tinyusb-0.20.0/src/portable/synopsys/dwc2/dwc2_common.o
                0x0800b9fa                dfifo_write_packet
 *fill*         0x0800ba8e        0x2 
 .text.tusb_rhport_init
                0x0800ba90       0xc8 ./tinyusb-0.20.0/src/tusb.o
                0x0800ba90                tusb_rhport_init
 .text.tu_edpt_claim
                0x0800bb58       0x78 ./tinyusb-0.20.0/src/tusb.o
                0x0800bb58                tu_edpt_claim
 .text.tu_edpt_release
                0x0800bbd0       0x54 ./tinyusb-0.20.0/src/tusb.o
                0x0800bbd0                tu_edpt_release
 .text.tu_edpt_validate
                0x0800bc24      0x134 ./tinyusb-0.20.0/src/tusb.o
                0x0800bc24                tu_edpt_validate
 .text.tu_edpt_bind_driver
                0x0800bd58       0x8a ./tinyusb-0.20.0/src/tusb.o
                0x0800bd58                tu_edpt_bind_driver
 .text.tu_edpt_stream_init
                0x0800bde2       0x50 ./tinyusb-0.20.0/src/tusb.o
                0x0800bde2                tu_edpt_stream_init
 .text.tu_edpt_stream_deinit
                0x0800be32       0x16 ./tinyusb-0.20.0/src/tusb.o
                0x0800be32                tu_edpt_stream_deinit
 .text.tu_edpt_stream_write_zlp_if_needed
                0x0800be48      0x108 ./tinyusb-0.20.0/src/tusb.o
                0x0800be48                tu_edpt_stream_write_zlp_if_needed
 .text.tu_edpt_stream_write_xfer
                0x0800bf50      0x10c ./tinyusb-0.20.0/src/tusb.o
                0x0800bf50                tu_edpt_stream_write_xfer
 .text.tu_edpt_stream_write
                0x0800c05c      0x158 ./tinyusb-0.20.0/src/tusb.o
                0x0800c05c                tu_edpt_stream_write
 .text.tu_edpt_stream_read_xfer
                0x0800c1b4      0x21c ./tinyusb-0.20.0/src/tusb.o
                0x0800c1b4                tu_edpt_stream_read_xfer
 .text.tu_edpt_stream_read
                0x0800c3d0       0x38 ./tinyusb-0.20.0/src/tusb.o
                0x0800c3d0                tu_edpt_stream_read
 .text.sprintf  0x0800c408       0x44 C:/ST/STM32CubeIDE_2.0.0/STM32CubeIDE/plugins/com.st.stm32cube.ide.mcu.externaltools.gnu-tools-for-stm32.14.3.rel1.win32_1.0.100.202602081740/tools/bin/../lib/gcc/arm-none-eabi/14.3.1/../../../../arm-none-eabi/lib/thumb/v7e-m+fp/hard\libc_nano.a(libc_a-sprintf.o)
                0x0800c408                siprintf
                0x0800c408                sprintf
 .text.memset   0x0800c44c       0x10 C:/ST/STM32CubeIDE_2.0.0/STM32CubeIDE/plugins/com.st.stm32cube.ide.mcu.externaltools.gnu-tools-for-stm32.14.3.rel1.win32_1.0.100.202602081740/tools/bin/../lib/gcc/arm-none-eabi/14.3.1/../../../../arm-none-eabi/lib/thumb/v7e-m+fp/hard\libc_nano.a(libc_a-memset.o)
                0x0800c44c                memset
 .text.__errno  0x0800c45c        0xc C:/ST/STM32CubeIDE_2.0.0/STM32CubeIDE/plugins/com.st.stm32cube.ide.mcu.externaltools.gnu-tools-for-stm32.14.3.rel1.win32_1.0.100.202602081740/tools/bin/../lib/gcc/arm-none-eabi/14.3.1/../../../../arm-none-eabi/lib/thumb/v7e-m+fp/hard\libc_nano.a(libc_a-errno.o)
                0x0800c45c                __errno
 .text.__libc_init_array
                0x0800c468       0x48 C:/ST/STM32CubeIDE_2.0.0/STM32CubeIDE/plugins/com.st.stm32cube.ide.mcu.externaltools.gnu-tools-for-stm32.14.3.rel1.win32_1.0.100.202602081740/tools/bin/../lib/gcc/arm-none-eabi/14.3.1/../../../../arm-none-eabi/lib/thumb/v7e-m+fp/hard\libc_nano.a(libc_a-init.o)
                0x0800c468                __libc_init_array
 .text.__retarget_lock_acquire_recursive
                0x0800c4b0        0x2 C:/ST/STM32CubeIDE_2.0.0/STM32CubeIDE/plugins/com.st.stm32cube.ide.mcu.externaltools.gnu-tools-for-stm32.14.3.rel1.win32_1.0.100.202602081740/tools/bin/../lib/gcc/arm-none-eabi/14.3.1/../../../../arm-none-eabi/lib/thumb/v7e-m+fp/hard\libc_nano.a(libc_a-lock.o)
                0x0800c4b0                __retarget_lock_acquire_recursive
 .text.__retarget_lock_release_recursive
                0x0800c4b2        0x2 C:/ST/STM32CubeIDE_2.0.0/STM32CubeIDE/plugins/com.st.stm32cube.ide.mcu.externaltools.gnu-tools-for-stm32.14.3.rel1.win32_1.0.100.202602081740/tools/bin/../lib/gcc/arm-none-eabi/14.3.1/../../../../arm-none-eabi/lib/thumb/v7e-m+fp/hard\libc_nano.a(libc_a-lock.o)
                0x0800c4b2                __retarget_lock_release_recursive
 .text.memcpy   0x0800c4b4       0x1c C:/ST/STM32CubeIDE_2.0.0/STM32CubeIDE/plugins/com.st.stm32cube.ide.mcu.externaltools.gnu-tools-for-stm32.14.3.rel1.win32_1.0.100.202602081740/tools/bin/../lib/gcc/arm-none-eabi/14.3.1/../../../../arm-none-eabi/lib/thumb/v7e-m+fp/hard\libc_nano.a(libc_a-memcpy-stub.o)
                0x0800c4b4                memcpy
 .text._free_r  0x0800c4d0       0x94 C:/ST/STM32CubeIDE_2.0.0/STM32CubeIDE/plugins/com.st.stm32cube.ide.mcu.externaltools.gnu-tools-for-stm32.14.3.rel1.win32_1.0.100.202602081740/tools/bin/../lib/gcc/arm-none-eabi/14.3.1/../../../../arm-none-eabi/lib/thumb/v7e-m+fp/hard\libc_nano.a(libc_a-freer.o)
                0x0800c4d0                _free_r
 .text.sbrk_aligned
                0x0800c564       0x44 C:/ST/STM32CubeIDE_2.0.0/STM32CubeIDE/plugins/com.st.stm32cube.ide.mcu.externaltools.gnu-tools-for-stm32.14.3.rel1.win32_1.0.100.202602081740/tools/bin/../lib/gcc/arm-none-eabi/14.3.1/../../../../arm-none-eabi/lib/thumb/v7e-m+fp/hard\libc_nano.a(libc_a-mallocr.o)
 .text._malloc_r
                0x0800c5a8      0x100 C:/ST/STM32CubeIDE_2.0.0/STM32CubeIDE/plugins/com.st.stm32cube.ide.mcu.externaltools.gnu-tools-for-stm32.14.3.rel1.win32_1.0.100.202602081740/tools/bin/../lib/gcc/arm-none-eabi/14.3.1/../../../../arm-none-eabi/lib/thumb/v7e-m+fp/hard\libc_nano.a(libc_a-mallocr.o)
                0x0800c5a8                _malloc_r
 .text.__malloc_lock
                0x0800c6a8        0xc C:/ST/STM32CubeIDE_2.0.0/STM32CubeIDE/plugins/com.st.stm32cube.ide.mcu.externaltools.gnu-tools-for-stm32.14.3.rel1.win32_1.0.100.202602081740/tools/bin/../lib/gcc/arm-none-eabi/14.3.1/../../../../arm-none-eabi/lib/thumb/v7e-m+fp/hard\libc_nano.a(libc_a-mlock.o)
                0x0800c6a8                __malloc_lock
 .text.__malloc_unlock
                0x0800c6b4        0xc C:/ST/STM32CubeIDE_2.0.0/STM32CubeIDE/plugins/com.st.stm32cube.ide.mcu.externaltools.gnu-tools-for-stm32.14.3.rel1.win32_1.0.100.202602081740/tools/bin/../lib/gcc/arm-none-eabi/14.3.1/../../../../arm-none-eabi/lib/thumb/v7e-m+fp/hard\libc_nano.a(libc_a-mlock.o)
                0x0800c6b4                __malloc_unlock
 .text.__ssputs_r
                0x0800c6c0       0xc0 C:/ST/STM32CubeIDE_2.0.0/STM32CubeIDE/plugins/com.st.stm32cube.ide.mcu.externaltools.gnu-tools-for-stm32.14.3.rel1.win32_1.0.100.202602081740/tools/bin/../lib/gcc/arm-none-eabi/14.3.1/../../../../arm-none-eabi/lib/thumb/v7e-m+fp/hard\libc_nano.a(libc_a-nano-svfprintf.o)
                0x0800c6c0                __ssputs_r
 .text._svfprintf_r
                0x0800c780      0x1f0 C:/ST/STM32CubeIDE_2.0.0/STM32CubeIDE/plugins/com.st.stm32cube.ide.mcu.externaltools.gnu-tools-for-stm32.14.3.rel1.win32_1.0.100.202602081740/tools/bin/../lib/gcc/arm-none-eabi/14.3.1/../../../../arm-none-eabi/lib/thumb/v7e-m+fp/hard\libc_nano.a(libc_a-nano-svfprintf.o)
                0x0800c780                _svfiprintf_r
                0x0800c780                _svfprintf_r
 .text._printf_common
                0x0800c970       0xda C:/ST/STM32CubeIDE_2.0.0/STM32CubeIDE/plugins/com.st.stm32cube.ide.mcu.externaltools.gnu-tools-for-stm32.14.3.rel1.win32_1.0.100.202602081740/tools/bin/../lib/gcc/arm-none-eabi/14.3.1/../../../../arm-none-eabi/lib/thumb/v7e-m+fp/hard\libc_nano.a(libc_a-nano-vfprintf_i.o)
                0x0800c970                _printf_common
 *fill*         0x0800ca4a        0x2 
 .text._printf_i
                0x0800ca4c      0x24c C:/ST/STM32CubeIDE_2.0.0/STM32CubeIDE/plugins/com.st.stm32cube.ide.mcu.externaltools.gnu-tools-for-stm32.14.3.rel1.win32_1.0.100.202602081740/tools/bin/../lib/gcc/arm-none-eabi/14.3.1/../../../../arm-none-eabi/lib/thumb/v7e-m+fp/hard\libc_nano.a(libc_a-nano-vfprintf_i.o)
                0x0800ca4c                _printf_i
 .text.memmove  0x0800cc98       0x32 C:/ST/STM32CubeIDE_2.0.0/STM32CubeIDE/plugins/com.st.stm32cube.ide.mcu.externaltools.gnu-tools-for-stm32.14.3.rel1.win32_1.0.100.202602081740/tools/bin/../lib/gcc/arm-none-eabi/14.3.1/../../../../arm-none-eabi/lib/thumb/v7e-m+fp/hard\libc_nano.a(libc_a-memmove.o)
                0x0800cc98                memmove
 *fill*         0x0800ccca        0x2 
 .text._sbrk_r  0x0800cccc       0x20 C:/ST/STM32CubeIDE_2.0.0/STM32CubeIDE/plugins/com.st.stm32cube.ide.mcu.externaltools.gnu-tools-for-stm32.14.3.rel1.win32_1.0.100.202602081740/tools/bin/../lib/gcc/arm-none-eabi/14.3.1/../../../../arm-none-eabi/lib/thumb/v7e-m+fp/hard\libc_nano.a(libc_a-sbrkr.o)
                0x0800cccc                _sbrk_r
 .text._realloc_r
                0x0800ccec       0x5c C:/ST/STM32CubeIDE_2.0.0/STM32CubeIDE/plugins/com.st.stm32cube.ide.mcu.externaltools.gnu-tools-for-stm32.14.3.rel1.win32_1.0.100.202602081740/tools/bin/../lib/gcc/arm-none-eabi/14.3.1/../../../../arm-none-eabi/lib/thumb/v7e-m+fp/hard\libc_nano.a(libc_a-reallocr.o)
                0x0800ccec                _realloc_r
 .text._malloc_usable_size_r
                0x0800cd48       0x10 C:/ST/STM32CubeIDE_2.0.0/STM32CubeIDE/plugins/com.st.stm32cube.ide.mcu.externaltools.gnu-tools-for-stm32.14.3.rel1.win32_1.0.100.202602081740/tools/bin/../lib/gcc/arm-none-eabi/14.3.1/../../../../arm-none-eabi/lib/thumb/v7e-m+fp/hard\libc_nano.a(libc_a-msizer.o)
                0x0800cd48                _malloc_usable_size_r
 *(.glue_7)
 .glue_7        0x0800cd58        0x0 linker stubs
 *(.glue_7t)
 .glue_7t       0x0800cd58        0x0 linker stubs
 *(.eh_frame)
 .eh_frame      0x0800cd58        0x0 C:/ST/STM32CubeIDE_2.0.0/STM32CubeIDE/plugins/com.st.stm32cube.ide.mcu.externaltools.gnu-tools-for-stm32.14.3.rel1.win32_1.0.100.202602081740/tools/bin/../lib/gcc/arm-none-eabi/14.3.1/thumb/v7e-m+fp/hard/crtbegin.o
 *(.init)
 .init          0x0800cd58        0x4 C:/ST/STM32CubeIDE_2.0.0/STM32CubeIDE/plugins/com.st.stm32cube.ide.mcu.externaltools.gnu-tools-for-stm32.14.3.rel1.win32_1.0.100.202602081740/tools/bin/../lib/gcc/arm-none-eabi/14.3.1/thumb/v7e-m+fp/hard/crti.o
                0x0800cd58                _init
 .init          0x0800cd5c        0x8 C:/ST/STM32CubeIDE_2.0.0/STM32CubeIDE/plugins/com.st.stm32cube.ide.mcu.externaltools.gnu-tools-for-stm32.14.3.rel1.win32_1.0.100.202602081740/tools/bin/../lib/gcc/arm-none-eabi/14.3.1/thumb/v7e-m+fp/hard/crtn.o
 *(.fini)
 .fini          0x0800cd64        0x4 C:/ST/STM32CubeIDE_2.0.0/STM32CubeIDE/plugins/com.st.stm32cube.ide.mcu.externaltools.gnu-tools-for-stm32.14.3.rel1.win32_1.0.100.202602081740/tools/bin/../lib/gcc/arm-none-eabi/14.3.1/thumb/v7e-m+fp/hard/crti.o
                0x0800cd64                _fini
 .fini          0x0800cd68        0x8 C:/ST/STM32CubeIDE_2.0.0/STM32CubeIDE/plugins/com.st.stm32cube.ide.mcu.externaltools.gnu-tools-for-stm32.14.3.rel1.win32_1.0.100.202602081740/tools/bin/../lib/gcc/arm-none-eabi/14.3.1/thumb/v7e-m+fp/hard/crtn.o
                0x0800cd70                        . = ALIGN (0x4)
                0x0800cd70                        _etext = .

.vfp11_veneer   0x0800cd70        0x0
 .vfp11_veneer  0x0800cd70        0x0 linker stubs

.v4_bx          0x0800cd70        0x0
 .v4_bx         0x0800cd70        0x0 linker stubs

.iplt           0x0800cd70        0x0
 .iplt          0x0800cd70        0x0 C:/ST/STM32CubeIDE_2.0.0/STM32CubeIDE/plugins/com.st.stm32cube.ide.mcu.externaltools.gnu-tools-for-stm32.14.3.rel1.win32_1.0.100.202602081740/tools/bin/../lib/gcc/arm-none-eabi/14.3.1/thumb/v7e-m+fp/hard/crtbegin.o

.rodata         0x0800cd70      0x368
                0x0800cd70                        . = ALIGN (0x4)
 *(.rodata)
 .rodata        0x0800cd70       0x46 ./Core/Src/cdc_app.o
 *fill*         0x0800cdb6        0x2 
 .rodata        0x0800cdb8        0x8 ./Core/Src/uac2_app.o
 .rodata        0x0800cdc0       0x54 ./Core/Src/usb_descriptors.o
 *(.rodata*)
 .rodata.HAM_BANDS
                0x0800ce14       0x48 ./Core/Src/cdc_app.o
 .rodata.AHBPrescTable
                0x0800ce5c       0x10 ./Core/Src/system_stm32f4xx.o
                0x0800ce5c                AHBPrescTable
 .rodata.APBPrescTable
                0x0800ce6c        0x8 ./Core/Src/system_stm32f4xx.o
                0x0800ce6c                APBPrescTable
 .rodata.sample_rates
                0x0800ce74        0x8 ./Core/Src/uac2_app.o
                0x0800ce74                sample_rates
 .rodata.resolutions_per_format
                0x0800ce7c        0x2 ./Core/Src/uac2_app.o
                0x0800ce7c                resolutions_per_format
 *fill*         0x0800ce7e        0x2 
 .rodata.desc_device
                0x0800ce80       0x12 ./Core/Src/usb_descriptors.o
                0x0800ce80                desc_device
 *fill*         0x0800ce92        0x2 
 .rodata.desc_configuration
                0x0800ce94      0x183 ./Core/Src/usb_descriptors.o
                0x0800ce94                desc_configuration
 *fill*         0x0800d017        0x1 
 .rodata.__compound_literal.0
                0x0800d018        0x2 ./Core/Src/usb_descriptors.o
 *fill*         0x0800d01a        0x2 
 .rodata._usbd_driver
                0x0800d01c       0x48 ./tinyusb-0.20.0/src/device/usbd.o
 .rodata._dwc2_controller
                0x0800d064       0x20 ./tinyusb-0.20.0/src/portable/synopsys/dwc2/dcd_dwc2.o
 .rodata._dwc2_controller
                0x0800d084       0x20 ./tinyusb-0.20.0/src/portable/synopsys/dwc2/dwc2_common.o
 .rodata._svfprintf_r.str1.1
                0x0800d0a4       0x33 C:/ST/STM32CubeIDE_2.0.0/STM32CubeIDE/plugins/com.st.stm32cube.ide.mcu.externaltools.gnu-tools-for-stm32.14.3.rel1.win32_1.0.100.202602081740/tools/bin/../lib/gcc/arm-none-eabi/14.3.1/../../../../arm-none-eabi/lib/thumb/v7e-m+fp/hard\libc_nano.a(libc_a-nano-svfprintf.o)
                                 0x11 (size before relaxing)
 .rodata._printf_i.str1.1
                0x0800d0d7       0x22 C:/ST/STM32CubeIDE_2.0.0/STM32CubeIDE/plugins/com.st.stm32cube.ide.mcu.externaltools.gnu-tools-for-stm32.14.3.rel1.win32_1.0.100.202602081740/tools/bin/../lib/gcc/arm-none-eabi/14.3.1/../../../../arm-none-eabi/lib/thumb/v7e-m+fp/hard\libc_nano.a(libc_a-nano-vfprintf_i.o)
                0x0800d0fc                        . = ALIGN (0x4)
 *fill*         0x0800d0d7        0x1 

.ARM.extab      0x0800d0d8        0x0
                0x0800d0d8                        . = ALIGN (0x4)
 *(.ARM.extab* .gnu.linkonce.armextab.*)
                0x0800d0d8                        . = ALIGN (0x4)

.ARM            0x0800d0d8        0x8
                0x0800d0d8                        . = ALIGN (0x4)
                0x0800d0d8                        __exidx_start = .
 *(.ARM.exidx*)
 .ARM.exidx     0x0800d0d8        0x8 C:/ST/STM32CubeIDE_2.0.0/STM32CubeIDE/plugins/com.st.stm32cube.ide.mcu.externaltools.gnu-tools-for-stm32.14.3.rel1.win32_1.0.100.202602081740/tools/bin/../lib/gcc/arm-none-eabi/14.3.1/../../../../arm-none-eabi/lib/thumb/v7e-m+fp/hard\libc_nano.a(libc_a-strlen.o)
 .ARM.exidx     0x0800d0e0        0x0 C:/ST/STM32CubeIDE_2.0.0/STM32CubeIDE/plugins/com.st.stm32cube.ide.mcu.externaltools.gnu-tools-for-stm32.14.3.rel1.win32_1.0.100.202602081740/tools/bin/../lib/gcc/arm-none-eabi/14.3.1/../../../../arm-none-eabi/lib/thumb/v7e-m+fp/hard\libc_nano.a(libc_a-memchr.o)
                                  0x8 (size before relaxing)
 .ARM.exidx     0x0800d0e0        0x0 C:/ST/STM32CubeIDE_2.0.0/STM32CubeIDE/plugins/com.st.stm32cube.ide.mcu.externaltools.gnu-tools-for-stm32.14.3.rel1.win32_1.0.100.202602081740/tools/bin/../lib/gcc/arm-none-eabi/14.3.1/thumb/v7e-m+fp/hard\libgcc.a(_udivmoddi4.o)
                                  0x8 (size before relaxing)
                0x0800d0e0                        __exidx_end = .
                0x0800d0e0                        . = ALIGN (0x4)

.preinit_array  0x0800d0e0        0x0
                0x0800d0e0                        . = ALIGN (0x4)
                0x0800d0e0                        PROVIDE (__preinit_array_start = .)
 *(.preinit_array*)
                0x0800d0e0                        PROVIDE (__preinit_array_end = .)
                0x0800d0e0                        . = ALIGN (0x4)

.init_array     0x0800d0e0        0x4
                0x0800d0e0                        . = ALIGN (0x4)
                0x0800d0e0                        PROVIDE (__init_array_start = .)
 *(SORT_BY_NAME(.init_array.*))
 *(.init_array*)
 .init_array    0x0800d0e0        0x4 C:/ST/STM32CubeIDE_2.0.0/STM32CubeIDE/plugins/com.st.stm32cube.ide.mcu.externaltools.gnu-tools-for-stm32.14.3.rel1.win32_1.0.100.202602081740/tools/bin/../lib/gcc/arm-none-eabi/14.3.1/thumb/v7e-m+fp/hard/crtbegin.o
                0x0800d0e4                        PROVIDE (__init_array_end = .)
                0x0800d0e4                        . = ALIGN (0x4)

.fini_array     0x0800d0e4        0x4
                0x0800d0e4                        . = ALIGN (0x4)
                [!provide]                        PROVIDE (__fini_array_start = .)
 *(SORT_BY_NAME(.fini_array.*))
 *(.fini_array*)
 .fini_array    0x0800d0e4        0x4 C:/ST/STM32CubeIDE_2.0.0/STM32CubeIDE/plugins/com.st.stm32cube.ide.mcu.externaltools.gnu-tools-for-stm32.14.3.rel1.win32_1.0.100.202602081740/tools/bin/../lib/gcc/arm-none-eabi/14.3.1/thumb/v7e-m+fp/hard/crtbegin.o
                [!provide]                        PROVIDE (__fini_array_end = .)
                0x0800d0e8                        . = ALIGN (0x4)
                0x0800d0e8                        _sidata = LOADADDR (.data)

.rel.dyn        0x0800d0e8        0x0
 .rel.iplt      0x0800d0e8        0x0 C:/ST/STM32CubeIDE_2.0.0/STM32CubeIDE/plugins/com.st.stm32cube.ide.mcu.externaltools.gnu-tools-for-stm32.14.3.rel1.win32_1.0.100.202602081740/tools/bin/../lib/gcc/arm-none-eabi/14.3.1/thumb/v7e-m+fp/hard/crtbegin.o

.data           0x20000000       0xa0 load address 0x0800d0e8
                0x20000000                        . = ALIGN (0x4)
                0x20000000                        _sdata = .
 *(.data)
 *(.data*)
 .data.current_band_idx
                0x20000000        0x1 ./Core/Src/cdc_app.o
 *fill*         0x20000001        0x3 
 .data.SystemCoreClock
                0x20000004        0x4 ./Core/Src/system_stm32f4xx.o
                0x20000004                SystemCoreClock
 .data.current_sample_rate
                0x20000008        0x4 ./Core/Src/uac2_app.o
                0x20000008                current_sample_rate
 .data.blink_interval_ms
                0x2000000c        0x4 ./Core/Src/uac2_app.o
                0x2000000c                blink_interval_ms
 .data.string_desc_arr
                0x20000010       0x1c ./Core/Src/usb_descriptors.o
                0x20000010                string_desc_arr
 .data.uwTickPrio
                0x2000002c        0x4 ./Drivers/STM32F4xx_HAL_Driver/Src/stm32f4xx_hal.o
                0x2000002c                uwTickPrio
 .data.uwTickFreq
                0x20000030        0x1 ./Drivers/STM32F4xx_HAL_Driver/Src/stm32f4xx_hal.o
                0x20000030                uwTickFreq
 *fill*         0x20000031        0x3 
 .data._cdcd_cfg
                0x20000034        0x1 ./tinyusb-0.20.0/src/class/cdc/cdc_device.o
 .data._usbd_rhport
                0x20000035        0x1 ./tinyusb-0.20.0/src/device/usbd.o
 *fill*         0x20000036        0x2 
 .data._usbd_spin
                0x20000038        0x8 ./tinyusb-0.20.0/src/device/usbd.o
 .data._usbd_qdef
                0x20000040       0x10 ./tinyusb-0.20.0/src/device/usbd.o
                0x20000040                _usbd_qdef
 .data._impure_ptr
                0x20000050        0x4 C:/ST/STM32CubeIDE_2.0.0/STM32CubeIDE/plugins/com.st.stm32cube.ide.mcu.externaltools.gnu-tools-for-stm32.14.3.rel1.win32_1.0.100.202602081740/tools/bin/../lib/gcc/arm-none-eabi/14.3.1/../../../../arm-none-eabi/lib/thumb/v7e-m+fp/hard\libc_nano.a(libc_a-impure.o)
                0x20000050                _impure_ptr
 .data._impure_data
                0x20000054       0x4c C:/ST/STM32CubeIDE_2.0.0/STM32CubeIDE/plugins/com.st.stm32cube.ide.mcu.externaltools.gnu-tools-for-stm32.14.3.rel1.win32_1.0.100.202602081740/tools/bin/../lib/gcc/arm-none-eabi/14.3.1/../../../../arm-none-eabi/lib/thumb/v7e-m+fp/hard\libc_nano.a(libc_a-impure.o)
                0x20000054                _impure_data
 *(.RamFunc)
 *(.RamFunc*)
                0x200000a0                        . = ALIGN (0x4)
                0x200000a0                        _edata = .

.igot.plt       0x200000a0        0x0 load address 0x0800d188
 .igot.plt      0x200000a0        0x0 C:/ST/STM32CubeIDE_2.0.0/STM32CubeIDE/plugins/com.st.stm32cube.ide.mcu.externaltools.gnu-tools-for-stm32.14.3.rel1.win32_1.0.100.202602081740/tools/bin/../lib/gcc/arm-none-eabi/14.3.1/thumb/v7e-m+fp/hard/crtbegin.o
                0x200000a0                        . = ALIGN (0x4)

.bss            0x200000a0     0x15fc load address 0x0800d188
                0x200000a0                        _sbss = .
                0x200000a0                        __bss_start__ = _sbss
 *(.bss)
 .bss           0x200000a0       0x1c C:/ST/STM32CubeIDE_2.0.0/STM32CubeIDE/plugins/com.st.stm32cube.ide.mcu.externaltools.gnu-tools-for-stm32.14.3.rel1.win32_1.0.100.202602081740/tools/bin/../lib/gcc/arm-none-eabi/14.3.1/thumb/v7e-m+fp/hard/crtbegin.o
 *(.bss*)
 .bss.hi2c1     0x200000bc       0x54 ./Core/Src/main.o
                0x200000bc                hi2c1
 .bss.hpcd_USB_OTG_FS
                0x20000110      0x4e4 ./Core/Src/main.o
                0x20000110                hpcd_USB_OTG_FS
 .bss.si5351Correction
                0x200005f4        0x4 ./Core/Src/si5351.o
                0x200005f4                si5351Correction
 .bss.__sbrk_heap_end
                0x200005f8        0x4 ./Core/Src/sysmem.o
 .bss.mute      0x200005fc        0x3 ./Core/Src/uac2_app.o
                0x200005fc                mute
 *fill*         0x200005ff        0x1 
 .bss.volume    0x20000600        0x6 ./Core/Src/uac2_app.o
                0x20000600                volume
 *fill*         0x20000606        0x2 
 .bss.spk_buf   0x20000608      0x310 ./Core/Src/uac2_app.o
                0x20000608                spk_buf
 .bss.mic_buf   0x20000918       0xc4 ./Core/Src/uac2_app.o
                0x20000918                mic_buf
 .bss.spk_data_size
                0x200009dc        0x2 ./Core/Src/uac2_app.o
                0x200009dc                spk_data_size
 .bss.current_resolution
                0x200009de        0x1 ./Core/Src/uac2_app.o
                0x200009de                current_resolution
 *fill*         0x200009df        0x1 
 .bss._desc_str
                0x200009e0       0x40 ./Core/Src/usb_descriptors.o
 .bss.uwTick    0x20000a20        0x4 ./Drivers/STM32F4xx_HAL_Driver/Src/stm32f4xx_hal.o
                0x20000a20                uwTick
 .bss.ep_in_sw_buf
                0x20000a24      0x188 ./tinyusb-0.20.0/src/class/audio/audio_device.o
 .bss.lin_buf_in
                0x20000bac       0xc4 ./tinyusb-0.20.0/src/class/audio/audio_device.o
 .bss.ep_out_sw_buf
                0x20000c70      0x310 ./tinyusb-0.20.0/src/class/audio/audio_device.o
 .bss.lin_buf_out
                0x20000f80      0x188 ./tinyusb-0.20.0/src/class/audio/audio_device.o
 .bss.ctrl_buf  0x20001108       0x40 ./tinyusb-0.20.0/src/class/audio/audio_device.o
                0x20001108                ctrl_buf
 .bss._audiod_fct
                0x20001148       0x50 ./tinyusb-0.20.0/src/class/audio/audio_device.o
 .bss.ctrl_blackout.0
                0x20001198        0x4 ./tinyusb-0.20.0/src/class/audio/audio_device.o
 .bss._cdcd_itf
                0x2000119c       0xb4 ./tinyusb-0.20.0/src/class/cdc/cdc_device.o
 .bss._cdcd_epbuf
                0x20001250       0x80 ./tinyusb-0.20.0/src/class/cdc/cdc_device.o
 .bss._usbd_dev
                0x200012d0       0x2c ./tinyusb-0.20.0/src/device/usbd.o
 .bss._usbd_queued_setup
                0x200012fc        0x1 ./tinyusb-0.20.0/src/device/usbd.o
 *fill*         0x200012fd        0x3 
 .bss._app_driver
                0x20001300        0x4 ./tinyusb-0.20.0/src/device/usbd.o
 .bss._app_driver_count
                0x20001304        0x1 ./tinyusb-0.20.0/src/device/usbd.o
 *fill*         0x20001305        0x3 
 .bss._usbd_qdef_buf
                0x20001308       0xc0 ./tinyusb-0.20.0/src/device/usbd.o
                0x20001308                _usbd_qdef_buf
 .bss._usbd_q   0x200013c8        0x4 ./tinyusb-0.20.0/src/device/usbd.o
 .bss._ctrl_xfer
                0x200013cc       0x14 ./tinyusb-0.20.0/src/device/usbd_control.o
 .bss._ctrl_epbuf
                0x200013e0       0x40 ./tinyusb-0.20.0/src/device/usbd_control.o
 .bss.xfer_status
                0x20001420      0x120 ./tinyusb-0.20.0/src/portable/synopsys/dwc2/dcd_dwc2.o
 .bss._dcd_data
                0x20001540        0x8 ./tinyusb-0.20.0/src/portable/synopsys/dwc2/dcd_dwc2.o
 .bss._dcd_usbbuf
                0x20001548        0x8 ./tinyusb-0.20.0/src/portable/synopsys/dwc2/dcd_dwc2.o
 .bss._tusb_rhport_role
                0x20001550        0x2 ./tinyusb-0.20.0/src/tusb.o
                0x20001550                _tusb_rhport_role
 *fill*         0x20001552        0x2 
 .bss.__sf      0x20001554      0x138 C:/ST/STM32CubeIDE_2.0.0/STM32CubeIDE/plugins/com.st.stm32cube.ide.mcu.externaltools.gnu-tools-for-stm32.14.3.rel1.win32_1.0.100.202602081740/tools/bin/../lib/gcc/arm-none-eabi/14.3.1/../../../../arm-none-eabi/lib/thumb/v7e-m+fp/hard\libc_nano.a(libc_a-findfp.o)
                0x20001554                __sf
 .bss.errno     0x2000168c        0x4 C:/ST/STM32CubeIDE_2.0.0/STM32CubeIDE/plugins/com.st.stm32cube.ide.mcu.externaltools.gnu-tools-for-stm32.14.3.rel1.win32_1.0.100.202602081740/tools/bin/../lib/gcc/arm-none-eabi/14.3.1/../../../../arm-none-eabi/lib/thumb/v7e-m+fp/hard\libc_nano.a(libc_a-reent.o)
                0x2000168c                errno
 .bss.__lock___malloc_recursive_mutex
                0x20001690        0x1 C:/ST/STM32CubeIDE_2.0.0/STM32CubeIDE/plugins/com.st.stm32cube.ide.mcu.externaltools.gnu-tools-for-stm32.14.3.rel1.win32_1.0.100.202602081740/tools/bin/../lib/gcc/arm-none-eabi/14.3.1/../../../../arm-none-eabi/lib/thumb/v7e-m+fp/hard\libc_nano.a(libc_a-lock.o)
                0x20001690                __lock___malloc_recursive_mutex
 *fill*         0x20001691        0x3 
 .bss.__malloc_sbrk_start
                0x20001694        0x4 C:/ST/STM32CubeIDE_2.0.0/STM32CubeIDE/plugins/com.st.stm32cube.ide.mcu.externaltools.gnu-tools-for-stm32.14.3.rel1.win32_1.0.100.202602081740/tools/bin/../lib/gcc/arm-none-eabi/14.3.1/../../../../arm-none-eabi/lib/thumb/v7e-m+fp/hard\libc_nano.a(libc_a-mallocr.o)
                0x20001694                __malloc_sbrk_start
 .bss.__malloc_free_list
                0x20001698        0x4 C:/ST/STM32CubeIDE_2.0.0/STM32CubeIDE/plugins/com.st.stm32cube.ide.mcu.externaltools.gnu-tools-for-stm32.14.3.rel1.win32_1.0.100.202602081740/tools/bin/../lib/gcc/arm-none-eabi/14.3.1/../../../../arm-none-eabi/lib/thumb/v7e-m+fp/hard\libc_nano.a(libc_a-mallocr.o)
                0x20001698                __malloc_free_list
 *(COMMON)
                0x2000169c                        . = ALIGN (0x4)
                0x2000169c                        _ebss = .
                0x2000169c                        __bss_end__ = _ebss

._user_heap_stack
                0x2000169c     0x1604 load address 0x0800d188
                0x200016a0                        . = ALIGN (0x8)
 *fill*         0x2000169c        0x4 
                [!provide]                        PROVIDE (end = .)
                0x200016a0                        PROVIDE (_end = .)
                0x20001ca0                        . = (. + _Min_Heap_Size)
 *fill*         0x200016a0      0x600 
                0x20002ca0                        . = (. + _Min_Stack_Size)
 *fill*         0x20001ca0     0x1000 
                0x20002ca0                        . = ALIGN (0x8)

/DISCARD/
 libc.a(*)
 libm.a(*)
 libgcc.a(*)

.ARM.attributes
                0x00000000       0x30
 *(.ARM.attributes)
 .ARM.attributes
                0x00000000       0x22 C:/ST/STM32CubeIDE_2.0.0/STM32CubeIDE/plugins/com.st.stm32cube.ide.mcu.externaltools.gnu-tools-for-stm32.14.3.rel1.win32_1.0.100.202602081740/tools/bin/../lib/gcc/arm-none-eabi/14.3.1/thumb/v7e-m+fp/hard/crti.o
 .ARM.attributes
                0x00000022       0x34 C:/ST/STM32CubeIDE_2.0.0/STM32CubeIDE/plugins/com.st.stm32cube.ide.mcu.externaltools.gnu-tools-for-stm32.14.3.rel1.win32_1.0.100.202602081740/tools/bin/../lib/gcc/arm-none-eabi/14.3.1/thumb/v7e-m+fp/hard/crtbegin.o
 .ARM.attributes
                0x00000056       0x34 ./Core/Src/cdc_app.o
 .ARM.attributes
                0x0000008a       0x34 ./Core/Src/main.o
 .ARM.attributes
                0x000000be       0x34 ./Core/Src/si5351.o
 .ARM.attributes
                0x000000f2       0x34 ./Core/Src/stm32f4xx_hal_msp.o
 .ARM.attributes
                0x00000126       0x34 ./Core/Src/stm32f4xx_it.o
 .ARM.attributes
                0x0000015a       0x34 ./Core/Src/sysmem.o
 .ARM.attributes
                0x0000018e       0x34 ./Core/Src/system_stm32f4xx.o
 .ARM.attributes
                0x000001c2       0x34 ./Core/Src/uac2_app.o
 .ARM.attributes
                0x000001f6       0x34 ./Core/Src/usb_descriptors.o
 .ARM.attributes
                0x0000022a       0x21 ./Core/Startup/startup_stm32f446retx.o
 .ARM.attributes
                0x0000024b       0x34 ./Drivers/STM32F4xx_HAL_Driver/Src/stm32f4xx_hal.o
 .ARM.attributes
                0x0000027f       0x34 ./Drivers/STM32F4xx_HAL_Driver/Src/stm32f4xx_hal_cortex.o
 .ARM.attributes
                0x000002b3       0x34 ./Drivers/STM32F4xx_HAL_Driver/Src/stm32f4xx_hal_gpio.o
 .ARM.attributes
                0x000002e7       0x34 ./Drivers/STM32F4xx_HAL_Driver/Src/stm32f4xx_hal_i2c.o
 .ARM.attributes
                0x0000031b       0x34 ./Drivers/STM32F4xx_HAL_Driver/Src/stm32f4xx_hal_pcd.o
 .ARM.attributes
                0x0000034f       0x34 ./Drivers/STM32F4xx_HAL_Driver/Src/stm32f4xx_hal_pcd_ex.o
 .ARM.attributes
                0x00000383       0x34 ./Drivers/STM32F4xx_HAL_Driver/Src/stm32f4xx_hal_rcc.o
 .ARM.attributes
                0x000003b7       0x34 ./Drivers/STM32F4xx_HAL_Driver/Src/stm32f4xx_hal_rcc_ex.o
 .ARM.attributes
                0x000003eb       0x34 ./Drivers/STM32F4xx_HAL_Driver/Src/stm32f4xx_ll_usb.o
 .ARM.attributes
                0x0000041f       0x34 ./tinyusb-0.20.0/src/class/audio/audio_device.o
 .ARM.attributes
                0x00000453       0x34 ./tinyusb-0.20.0/src/class/cdc/cdc_device.o
 .ARM.attributes
                0x00000487       0x34 ./tinyusb-0.20.0/src/common/tusb_fifo.o
 .ARM.attributes
                0x000004bb       0x34 ./tinyusb-0.20.0/src/device/usbd.o
 .ARM.attributes
                0x000004ef       0x34 ./tinyusb-0.20.0/src/device/usbd_control.o
 .ARM.attributes
                0x00000523       0x34 ./tinyusb-0.20.0/src/portable/synopsys/dwc2/dcd_dwc2.o
 .ARM.attributes
                0x00000557       0x34 ./tinyusb-0.20.0/src/portable/synopsys/dwc2/dwc2_common.o
 .ARM.attributes
                0x0000058b       0x34 ./tinyusb-0.20.0/src/tusb.o
 .ARM.attributes
                0x000005bf       0x34 C:/ST/STM32CubeIDE_2.0.0/STM32CubeIDE/plugins/com.st.stm32cube.ide.mcu.externaltools.gnu-tools-for-stm32.14.3.rel1.win32_1.0.100.202602081740/tools/bin/../lib/gcc/arm-none-eabi/14.3.1/../../../../arm-none-eabi/lib/thumb/v7e-m+fp/hard\libc_nano.a(libc_a-findfp.o)
 .ARM.attributes
                0x000005f3       0x34 C:/ST/STM32CubeIDE_2.0.0/STM32CubeIDE/plugins/com.st.stm32cube.ide.mcu.externaltools.gnu-tools-for-stm32.14.3.rel1.win32_1.0.100.202602081740/tools/bin/../lib/gcc/arm-none-eabi/14.3.1/../../../../arm-none-eabi/lib/thumb/v7e-m+fp/hard\libc_nano.a(libc_a-sprintf.o)
 .ARM.attributes
                0x00000627       0x34 C:/ST/STM32CubeIDE_2.0.0/STM32CubeIDE/plugins/com.st.stm32cube.ide.mcu.externaltools.gnu-tools-for-stm32.14.3.rel1.win32_1.0.100.202602081740/tools/bin/../lib/gcc/arm-none-eabi/14.3.1/../../../../arm-none-eabi/lib/thumb/v7e-m+fp/hard\libc_nano.a(libc_a-memset.o)
 .ARM.attributes
                0x0000065b       0x34 C:/ST/STM32CubeIDE_2.0.0/STM32CubeIDE/plugins/com.st.stm32cube.ide.mcu.externaltools.gnu-tools-for-stm32.14.3.rel1.win32_1.0.100.202602081740/tools/bin/../lib/gcc/arm-none-eabi/14.3.1/../../../../arm-none-eabi/lib/thumb/v7e-m+fp/hard\libc_nano.a(libc_a-reent.o)
 .ARM.attributes
                0x0000068f       0x34 C:/ST/STM32CubeIDE_2.0.0/STM32CubeIDE/plugins/com.st.stm32cube.ide.mcu.externaltools.gnu-tools-for-stm32.14.3.rel1.win32_1.0.100.202602081740/tools/bin/../lib/gcc/arm-none-eabi/14.3.1/../../../../arm-none-eabi/lib/thumb/v7e-m+fp/hard\libc_nano.a(libc_a-impure.o)
 .ARM.attributes
                0x000006c3       0x34 C:/ST/STM32CubeIDE_2.0.0/STM32CubeIDE/plugins/com.st.stm32cube.ide.mcu.externaltools.gnu-tools-for-stm32.14.3.rel1.win32_1.0.100.202602081740/tools/bin/../lib/gcc/arm-none-eabi/14.3.1/../../../../arm-none-eabi/lib/thumb/v7e-m+fp/hard\libc_nano.a(libc_a-errno.o)
 .ARM.attributes
                0x000006f7       0x34 C:/ST/STM32CubeIDE_2.0.0/STM32CubeIDE/plugins/com.st.stm32cube.ide.mcu.externaltools.gnu-tools-for-stm32.14.3.rel1.win32_1.0.100.202602081740/tools/bin/../lib/gcc/arm-none-eabi/14.3.1/../../../../arm-none-eabi/lib/thumb/v7e-m+fp/hard\libc_nano.a(libc_a-init.o)
 .ARM.attributes
                0x0000072b       0x34 C:/ST/STM32CubeIDE_2.0.0/STM32CubeIDE/plugins/com.st.stm32cube.ide.mcu.externaltools.gnu-tools-for-stm32.14.3.rel1.win32_1.0.100.202602081740/tools/bin/../lib/gcc/arm-none-eabi/14.3.1/../../../../arm-none-eabi/lib/thumb/v7e-m+fp/hard\libc_nano.a(libc_a-lock.o)
 .ARM.attributes
                0x0000075f       0x34 C:/ST/STM32CubeIDE_2.0.0/STM32CubeIDE/plugins/com.st.stm32cube.ide.mcu.externaltools.gnu-tools-for-stm32.14.3.rel1.win32_1.0.100.202602081740/tools/bin/../lib/gcc/arm-none-eabi/14.3.1/../../../../arm-none-eabi/lib/thumb/v7e-m+fp/hard\libc_nano.a(libc_a-memcpy-stub.o)
 .ARM.attributes
                0x00000793       0x17 C:/ST/STM32CubeIDE_2.0.0/STM32CubeIDE/plugins/com.st.stm32cube.ide.mcu.externaltools.gnu-tools-for-stm32.14.3.rel1.win32_1.0.100.202602081740/tools/bin/../lib/gcc/arm-none-eabi/14.3.1/../../../../arm-none-eabi/lib/thumb/v7e-m+fp/hard\libc_nano.a(libc_a-strlen.o)
 .ARM.attributes
                0x000007aa       0x34 C:/ST/STM32CubeIDE_2.0.0/STM32CubeIDE/plugins/com.st.stm32cube.ide.mcu.externaltools.gnu-tools-for-stm32.14.3.rel1.win32_1.0.100.202602081740/tools/bin/../lib/gcc/arm-none-eabi/14.3.1/../../../../arm-none-eabi/lib/thumb/v7e-m+fp/hard\libc_nano.a(libc_a-freer.o)
 .ARM.attributes
                0x000007de       0x34 C:/ST/STM32CubeIDE_2.0.0/STM32CubeIDE/plugins/com.st.stm32cube.ide.mcu.externaltools.gnu-tools-for-stm32.14.3.rel1.win32_1.0.100.202602081740/tools/bin/../lib/gcc/arm-none-eabi/14.3.1/../../../../arm-none-eabi/lib/thumb/v7e-m+fp/hard\libc_nano.a(libc_a-mallocr.o)
 .ARM.attributes
                0x00000812       0x34 C:/ST/STM32CubeIDE_2.0.0/STM32CubeIDE/plugins/com.st.stm32cube.ide.mcu.externaltools.gnu-tools-for-stm32.14.3.rel1.win32_1.0.100.202602081740/tools/bin/../lib/gcc/arm-none-eabi/14.3.1/../../../../arm-none-eabi/lib/thumb/v7e-m+fp/hard\libc_nano.a(libc_a-mlock.o)
 .ARM.attributes
                0x00000846       0x34 C:/ST/STM32CubeIDE_2.0.0/STM32CubeIDE/plugins/com.st.stm32cube.ide.mcu.externaltools.gnu-tools-for-stm32.14.3.rel1.win32_1.0.100.202602081740/tools/bin/../lib/gcc/arm-none-eabi/14.3.1/../../../../arm-none-eabi/lib/thumb/v7e-m+fp/hard\libc_nano.a(libc_a-nano-svfprintf.o)
 .ARM.attributes
                0x0000087a       0x34 C:/ST/STM32CubeIDE_2.0.0/STM32CubeIDE/plugins/com.st.stm32cube.ide.mcu.externaltools.gnu-tools-for-stm32.14.3.rel1.win32_1.0.100.202602081740/tools/bin/../lib/gcc/arm-none-eabi/14.3.1/../../../../arm-none-eabi/lib/thumb/v7e-m+fp/hard\libc_nano.a(libc_a-nano-vfprintf_i.o)
 .ARM.attributes
                0x000008ae       0x34 C:/ST/STM32CubeIDE_2.0.0/STM32CubeIDE/plugins/com.st.stm32cube.ide.mcu.externaltools.gnu-tools-for-stm32.14.3.rel1.win32_1.0.100.202602081740/tools/bin/../lib/gcc/arm-none-eabi/14.3.1/../../../../arm-none-eabi/lib/thumb/v7e-m+fp/hard\libc_nano.a(libc_a-memmove.o)
 .ARM.attributes
                0x000008e2       0x34 C:/ST/STM32CubeIDE_2.0.0/STM32CubeIDE/plugins/com.st.stm32cube.ide.mcu.externaltools.gnu-tools-for-stm32.14.3.rel1.win32_1.0.100.202602081740/tools/bin/../lib/gcc/arm-none-eabi/14.3.1/../../../../arm-none-eabi/lib/thumb/v7e-m+fp/hard\libc_nano.a(libc_a-sbrkr.o)
 .ARM.attributes
                0x00000916       0x1c C:/ST/STM32CubeIDE_2.0.0/STM32CubeIDE/plugins/com.st.stm32cube.ide.mcu.externaltools.gnu-tools-for-stm32.14.3.rel1.win32_1.0.100.202602081740/tools/bin/../lib/gcc/arm-none-eabi/14.3.1/../../../../arm-none-eabi/lib/thumb/v7e-m+fp/hard\libc_nano.a(libc_a-memchr.o)
 .ARM.attributes
                0x00000932       0x34 C:/ST/STM32CubeIDE_2.0.0/STM32CubeIDE/plugins/com.st.stm32cube.ide.mcu.externaltools.gnu-tools-for-stm32.14.3.rel1.win32_1.0.100.202602081740/tools/bin/../lib/gcc/arm-none-eabi/14.3.1/../../../../arm-none-eabi/lib/thumb/v7e-m+fp/hard\libc_nano.a(libc_a-reallocr.o)
 .ARM.attributes
                0x00000966       0x34 C:/ST/STM32CubeIDE_2.0.0/STM32CubeIDE/plugins/com.st.stm32cube.ide.mcu.externaltools.gnu-tools-for-stm32.14.3.rel1.win32_1.0.100.202602081740/tools/bin/../lib/gcc/arm-none-eabi/14.3.1/../../../../arm-none-eabi/lib/thumb/v7e-m+fp/hard\libc_nano.a(libc_a-msizer.o)
 .ARM.attributes
                0x0000099a       0x22 C:/ST/STM32CubeIDE_2.0.0/STM32CubeIDE/plugins/com.st.stm32cube.ide.mcu.externaltools.gnu-tools-for-stm32.14.3.rel1.win32_1.0.100.202602081740/tools/bin/../lib/gcc/arm-none-eabi/14.3.1/thumb/v7e-m+fp/hard\libgcc.a(_aeabi_uldivmod.o)
 .ARM.attributes
                0x000009bc       0x34 C:/ST/STM32CubeIDE_2.0.0/STM32CubeIDE/plugins/com.st.stm32cube.ide.mcu.externaltools.gnu-tools-for-stm32.14.3.rel1.win32_1.0.100.202602081740/tools/bin/../lib/gcc/arm-none-eabi/14.3.1/thumb/v7e-m+fp/hard\libgcc.a(_udivmoddi4.o)
 .ARM.attributes
                0x000009f0       0x22 C:/ST/STM32CubeIDE_2.0.0/STM32CubeIDE/plugins/com.st.stm32cube.ide.mcu.externaltools.gnu-tools-for-stm32.14.3.rel1.win32_1.0.100.202602081740/tools/bin/../lib/gcc/arm-none-eabi/14.3.1/thumb/v7e-m+fp/hard\libgcc.a(_dvmd_tls.o)
 .ARM.attributes
                0x00000a12       0x22 C:/ST/STM32CubeIDE_2.0.0/STM32CubeIDE/plugins/com.st.stm32cube.ide.mcu.externaltools.gnu-tools-for-stm32.14.3.rel1.win32_1.0.100.202602081740/tools/bin/../lib/gcc/arm-none-eabi/14.3.1/thumb/v7e-m+fp/hard/crtn.o
OUTPUT(F446_RX_SDR_USB_Band.elf elf32-littlearm)
LOAD linker stubs
LOAD C:/ST/STM32CubeIDE_2.0.0/STM32CubeIDE/plugins/com.st.stm32cube.ide.mcu.externaltools.gnu-tools-for-stm32.14.3.rel1.win32_1.0.100.202602081740/tools/bin/../lib/gcc/arm-none-eabi/14.3.1/../../../../arm-none-eabi/lib/thumb/v7e-m+fp/hard\libc.a
LOAD C:/ST/STM32CubeIDE_2.0.0/STM32CubeIDE/plugins/com.st.stm32cube.ide.mcu.externaltools.gnu-tools-for-stm32.14.3.rel1.win32_1.0.100.202602081740/tools/bin/../lib/gcc/arm-none-eabi/14.3.1/../../../../arm-none-eabi/lib/thumb/v7e-m+fp/hard\libm.a
LOAD C:/ST/STM32CubeIDE_2.0.0/STM32CubeIDE/plugins/com.st.stm32cube.ide.mcu.externaltools.gnu-tools-for-stm32.14.3.rel1.win32_1.0.100.202602081740/tools/bin/../lib/gcc/arm-none-eabi/14.3.1/thumb/v7e-m+fp/hard\libgcc.a

.debug_info     0x00000000    0x1deda
 .debug_info    0x00000000      0x318 ./Core/Src/cdc_app.o
 .debug_info    0x00000318     0x138f ./Core/Src/main.o
 .debug_info    0x000016a7      0xe1c ./Core/Src/si5351.o
 .debug_info    0x000024c3     0x135b ./Core/Src/stm32f4xx_hal_msp.o
 .debug_info    0x0000381e      0x151 ./Core/Src/stm32f4xx_it.o
 .debug_info    0x0000396f      0x168 ./Core/Src/sysmem.o
 .debug_info    0x00003ad7      0x54a ./Core/Src/system_stm32f4xx.o
 .debug_info    0x00004021      0xc63 ./Core/Src/uac2_app.o
 .debug_info    0x00004c84      0xaa3 ./Core/Src/usb_descriptors.o
 .debug_info    0x00005727       0x30 ./Core/Startup/startup_stm32f446retx.o
 .debug_info    0x00005757      0x99a ./Drivers/STM32F4xx_HAL_Driver/Src/stm32f4xx_hal.o
 .debug_info    0x000060f1      0xdaa ./Drivers/STM32F4xx_HAL_Driver/Src/stm32f4xx_hal_cortex.o
 .debug_info    0x00006e9b      0x70b ./Drivers/STM32F4xx_HAL_Driver/Src/stm32f4xx_hal_gpio.o
 .debug_info    0x000075a6     0x2421 ./Drivers/STM32F4xx_HAL_Driver/Src/stm32f4xx_hal_i2c.o