Archive member included to satisfy reference by file (symbol)

C:/ST/STM32CubeIDE_2.0.0/STM32CubeIDE/plugins/com.st.stm32cube.ide.mcu.externaltools.gnu-tools-for-stm32.14.3.rel1.win32_1.0.100.202602081740/tools/bin/../lib/gcc/arm-none-eabi/14.3.1/../../../../arm-none-eabi/lib/thumb/v7e-m+fp/hard\libc_nano.a(libc_a-exit.o)
                              C:/ST/STM32CubeIDE_2.0.0/STM32CubeIDE/plugins/com.st.stm32cube.ide.mcu.externaltools.gnu-tools-for-stm32.14.3.rel1.win32_1.0.100.202602081740/tools/bin/../lib/gcc/arm-none-eabi/14.3.1/../../../../arm-none-eabi/lib/thumb/v7e-m+fp/hard/crt0.o (exit)
C:/ST/STM32CubeIDE_2.0.0/STM32CubeIDE/plugins/com.st.stm32cube.ide.mcu.externaltools.gnu-tools-for-stm32.14.3.rel1.win32_1.0.100.202602081740/tools/bin/../lib/gcc/arm-none-eabi/14.3.1/../../../../arm-none-eabi/lib/thumb/v7e-m+fp/hard\libc_nano.a(libc_a-strtoul.o)
                              ./Core/Src/cdc_app.o (strtoul)
C:/ST/STM32CubeIDE_2.0.0/STM32CubeIDE/plugins/com.st.stm32cube.ide.mcu.externaltools.gnu-tools-for-stm32.14.3.rel1.win32_1.0.100.202602081740/tools/bin/../lib/gcc/arm-none-eabi/14.3.1/../../../../arm-none-eabi/lib/thumb/v7e-m+fp/hard\libc_nano.a(libc_a-ctype_.o)
                              ./Core/Src/cdc_app.o (_ctype_)
C:/ST/STM32CubeIDE_2.0.0/STM32CubeIDE/plugins/com.st.stm32cube.ide.mcu.externaltools.gnu-tools-for-stm32.14.3.rel1.win32_1.0.100.202602081740/tools/bin/../lib/gcc/arm-none-eabi/14.3.1/../../../../arm-none-eabi/lib/thumb/v7e-m+fp/hard\libc_nano.a(libc_a-findfp.o)
                              C:/ST/STM32CubeIDE_2.0.0/STM32CubeIDE/plugins/com.st.stm32cube.ide.mcu.externaltools.gnu-tools-for-stm32.14.3.rel1.win32_1.0.100.202602081740/tools/bin/../lib/gcc/arm-none-eabi/14.3.1/../../../../arm-none-eabi/lib/thumb/v7e-m+fp/hard\libc_nano.a(libc_a-exit.o) (__stdio_exit_handler)
C:/ST/STM32CubeIDE_2.0.0/STM32CubeIDE/plugins/com.st.stm32cube.ide.mcu.externaltools.gnu-tools-for-stm32.14.3.rel1.win32_1.0.100.202602081740/tools/bin/../lib/gcc/arm-none-eabi/14.3.1/../../../../arm-none-eabi/lib/thumb/v7e-m+fp/hard\libc_nano.a(libc_a-fwalk.o)
                              C:/ST/STM32CubeIDE_2.0.0/STM32CubeIDE/plugins/com.st.stm32cube.ide.mcu.externaltools.gnu-tools-for-stm32.14.3.rel1.win32_1.0.100.202602081740/tools/bin/../lib/gcc/arm-none-eabi/14.3.1/../../../../arm-none-eabi/lib/thumb/v7e-m+fp/hard\libc_nano.a(libc_a-findfp.o) (_fwalk_sglue)
C:/ST/STM32CubeIDE_2.0.0/STM32CubeIDE/plugins/com.st.stm32cube.ide.mcu.externaltools.gnu-tools-for-stm32.14.3.rel1.win32_1.0.100.202602081740/tools/bin/../lib/gcc/arm-none-eabi/14.3.1/../../../../arm-none-eabi/lib/thumb/v7e-m+fp/hard\libc_nano.a(libc_a-sprintf.o)
                              ./Core/Src/cdc_app.o (sprintf)
C:/ST/STM32CubeIDE_2.0.0/STM32CubeIDE/plugins/com.st.stm32cube.ide.mcu.externaltools.gnu-tools-for-stm32.14.3.rel1.win32_1.0.100.202602081740/tools/bin/../lib/gcc/arm-none-eabi/14.3.1/../../../../arm-none-eabi/lib/thumb/v7e-m+fp/hard\libc_nano.a(libc_a-stdio.o)
                              C:/ST/STM32CubeIDE_2.0.0/STM32CubeIDE/plugins/com.st.stm32cube.ide.mcu.externaltools.gnu-tools-for-stm32.14.3.rel1.win32_1.0.100.202602081740/tools/bin/../lib/gcc/arm-none-eabi/14.3.1/../../../../arm-none-eabi/lib/thumb/v7e-m+fp/hard\libc_nano.a(libc_a-findfp.o) (__sread)
C:/ST/STM32CubeIDE_2.0.0/STM32CubeIDE/plugins/com.st.stm32cube.ide.mcu.externaltools.gnu-tools-for-stm32.14.3.rel1.win32_1.0.100.202602081740/tools/bin/../lib/gcc/arm-none-eabi/14.3.1/../../../../arm-none-eabi/lib/thumb/v7e-m+fp/hard\libc_nano.a(libc_a-memset.o)
                              C:/ST/STM32CubeIDE_2.0.0/STM32CubeIDE/plugins/com.st.stm32cube.ide.mcu.externaltools.gnu-tools-for-stm32.14.3.rel1.win32_1.0.100.202602081740/tools/bin/../lib/gcc/arm-none-eabi/14.3.1/../../../../arm-none-eabi/lib/thumb/v7e-m+fp/hard/crt0.o (memset)
C:/ST/STM32CubeIDE_2.0.0/STM32CubeIDE/plugins/com.st.stm32cube.ide.mcu.externaltools.gnu-tools-for-stm32.14.3.rel1.win32_1.0.100.202602081740/tools/bin/../lib/gcc/arm-none-eabi/14.3.1/../../../../arm-none-eabi/lib/thumb/v7e-m+fp/hard\libc_nano.a(libc_a-strncmp.o)
                              ./Core/Src/cdc_app.o (strncmp)
C:/ST/STM32CubeIDE_2.0.0/STM32CubeIDE/plugins/com.st.stm32cube.ide.mcu.externaltools.gnu-tools-for-stm32.14.3.rel1.win32_1.0.100.202602081740/tools/bin/../lib/gcc/arm-none-eabi/14.3.1/../../../../arm-none-eabi/lib/thumb/v7e-m+fp/hard\libc_nano.a(libc_a-strncpy.o)
                              ./Core/Src/cdc_app.o (strncpy)
C:/ST/STM32CubeIDE_2.0.0/STM32CubeIDE/plugins/com.st.stm32cube.ide.mcu.externaltools.gnu-tools-for-stm32.14.3.rel1.win32_1.0.100.202602081740/tools/bin/../lib/gcc/arm-none-eabi/14.3.1/../../../../arm-none-eabi/lib/thumb/v7e-m+fp/hard\libc_nano.a(libc_a-closer.o)
[...]
Memory Configuration

Name             Origin             Length             Attributes
RAM              0x20000000         0x00020000         xrw
FLASH            0x08000000         0x00080000         xr
*default*        0x00000000         0xffffffff

Linker script and memory map

LOAD C:/ST/STM32CubeIDE_2.0.0/STM32CubeIDE/plugins/com.st.stm32cube.ide.mcu.externaltools.gnu-tools-for-stm32.14.3.rel1.win32_1.0.100.202602081740/tools/bin/../lib/gcc/arm-none-eabi/14.3.1/thumb/v7e-m+fp/hard/crti.o
LOAD C:/ST/STM32CubeIDE_2.0.0/STM32CubeIDE/plugins/com.st.stm32cube.ide.mcu.externaltools.gnu-tools-for-stm32.14.3.rel1.win32_1.0.100.202602081740/tools/bin/../lib/gcc/arm-none-eabi/14.3.1/thumb/v7e-m+fp/hard/crtbegin.o
LOAD C:/ST/STM32CubeIDE_2.0.0/STM32CubeIDE/plugins/com.st.stm32cube.ide.mcu.externaltools.gnu-tools-for-stm32.14.3.rel1.win32_1.0.100.202602081740/tools/bin/../lib/gcc/arm-none-eabi/14.3.1/../../../../arm-none-eabi/lib/thumb/v7e-m+fp/hard/crt0.o
LOAD ./Core/Src/cdc_app.o
LOAD ./Core/Src/main.o
LOAD ./Core/Src/si5351.o
LOAD ./Core/Src/stm32f4xx_hal_msp.o
LOAD ./Core/Src/stm32f4xx_it.o
LOAD ./Core/Src/syscalls.o
LOAD ./Core/Src/sysmem.o
LOAD ./Core/Src/system_stm32f4xx.o
LOAD ./Core/Src/uac2_app.o
LOAD ./Core/Src/usb_descriptors.o
LOAD ./Core/Startup/startup_stm32f446retx.o
LOAD ./Drivers/STM32F4xx_HAL_Driver/Src/stm32f4xx_hal.o
LOAD ./Drivers/STM32F4xx_HAL_Driver/Src/stm32f4xx_hal_adc.o
LOAD ./Drivers/STM32F4xx_HAL_Driver/Src/stm32f4xx_hal_adc_ex.o
LOAD ./Drivers/STM32F4xx_HAL_Driver/Src/stm32f4xx_hal_cortex.o
LOAD ./Drivers/STM32F4xx_HAL_Driver/Src/stm32f4xx_hal_dma.o
LOAD ./Drivers/STM32F4xx_HAL_Driver/Src/stm32f4xx_hal_dma_ex.o
LOAD ./Drivers/STM32F4xx_HAL_Driver/Src/stm32f4xx_hal_exti.o
LOAD ./Drivers/STM32F4xx_HAL_Driver/Src/stm32f4xx_hal_flash.o
LOAD ./Drivers/STM32F4xx_HAL_Driver/Src/stm32f4xx_hal_flash_ex.o
LOAD ./Drivers/STM32F4xx_HAL_Driver/Src/stm32f4xx_hal_flash_ramfunc.o
LOAD ./Drivers/STM32F4xx_HAL_Driver/Src/stm32f4xx_hal_gpio.o
LOAD ./Drivers/STM32F4xx_HAL_Driver/Src/stm32f4xx_hal_i2c.o
LOAD ./Drivers/STM32F4xx_HAL_Driver/Src/stm32f4xx_hal_i2c_ex.o
LOAD ./Drivers/STM32F4xx_HAL_Driver/Src/stm32f4xx_hal_pcd.o
LOAD ./Drivers/STM32F4xx_HAL_Driver/Src/stm32f4xx_hal_pcd_ex.o
LOAD ./Drivers/STM32F4xx_HAL_Driver/Src/stm32f4xx_hal_pwr.o
LOAD ./Drivers/STM32F4xx_HAL_Driver/Src/stm32f4xx_hal_pwr_ex.o
LOAD ./Drivers/STM32F4xx_HAL_Driver/Src/stm32f4xx_hal_rcc.o
LOAD ./Drivers/STM32F4xx_HAL_Driver/Src/stm32f4xx_hal_rcc_ex.o
LOAD ./Drivers/STM32F4xx_HAL_Driver/Src/stm32f4xx_hal_tim.o
LOAD ./Drivers/STM32F4xx_HAL_Driver/Src/stm32f4xx_hal_tim_ex.o
LOAD ./Drivers/STM32F4xx_HAL_Driver/Src/stm32f4xx_ll_usb.o
LOAD ./tinyusb-0.20.0/src/class/audio/audio_device.o
LOAD ./tinyusb-0.20.0/src/class/bth/bth_device.o
LOAD ./tinyusb-0.20.0/src/class/cdc/cdc_device.o
LOAD ./tinyusb-0.20.0/src/class/cdc/cdc_host.o
LOAD ./tinyusb-0.20.0/src/class/cdc/cdc_rndis_host.o
LOAD ./tinyusb-0.20.0/src/class/dfu/dfu_device.o
LOAD ./tinyusb-0.20.0/src/class/dfu/dfu_rt_device.o
LOAD ./tinyusb-0.20.0/src/class/hid/hid_device.o
LOAD ./tinyusb-0.20.0/src/class/hid/hid_host.o
LOAD ./tinyusb-0.20.0/src/class/midi/midi_device.o
LOAD ./tinyusb-0.20.0/src/class/midi/midi_host.o
LOAD ./tinyusb-0.20.0/src/class/msc/msc_device.o
LOAD ./tinyusb-0.20.0/src/class/msc/msc_host.o
LOAD ./tinyusb-0.20.0/src/class/mtp/mtp_device.o
LOAD ./tinyusb-0.20.0/src/class/net/ecm_rndis_device.o
LOAD ./tinyusb-0.20.0/src/class/net/ncm_device.o
LOAD ./tinyusb-0.20.0/src/class/usbtmc/usbtmc_device.o
LOAD ./tinyusb-0.20.0/src/class/vendor/vendor_device.o
LOAD ./tinyusb-0.20.0/src/class/vendor/vendor_host.o
LOAD ./tinyusb-0.20.0/src/class/video/video_device.o
LOAD ./tinyusb-0.20.0/src/common/tusb_fifo.o
LOAD ./tinyusb-0.20.0/src/device/usbd.o
LOAD ./tinyusb-0.20.0/src/device/usbd_control.o
LOAD ./tinyusb-0.20.0/src/host/hub.o
LOAD ./tinyusb-0.20.0/src/host/usbh.o
LOAD ./tinyusb-0.20.0/src/portable/analog/max3421/hcd_max3421.o
LOAD ./tinyusb-0.20.0/src/portable/bridgetek/ft9xx/dcd_ft9xx.o
LOAD ./tinyusb-0.20.0/src/portable/chipidea/ci_fs/dcd_ci_fs.o
LOAD ./tinyusb-0.20.0/src/portable/chipidea/ci_hs/dcd_ci_hs.o
LOAD ./tinyusb-0.20.0/src/portable/chipidea/ci_hs/hcd_ci_hs.o
LOAD ./tinyusb-0.20.0/src/portable/dialog/da146xx/dcd_da146xx.o
LOAD ./tinyusb-0.20.0/src/portable/ehci/ehci.o
LOAD ./tinyusb-0.20.0/src/portable/mentor/musb/dcd_musb.o
LOAD ./tinyusb-0.20.0/src/portable/mentor/musb/hcd_musb.o
LOAD ./tinyusb-0.20.0/src/portable/microchip/pic/dcd_pic.o
LOAD ./tinyusb-0.20.0/src/portable/microchip/pic32mz/dcd_pic32mz.o
LOAD ./tinyusb-0.20.0/src/portable/microchip/samd/dcd_samd.o
LOAD ./tinyusb-0.20.0/src/portable/microchip/samd/hcd_samd.o
LOAD ./tinyusb-0.20.0/src/portable/microchip/samg/dcd_samg.o
LOAD ./tinyusb-0.20.0/src/portable/microchip/samx7x/dcd_samx7x.o
LOAD ./tinyusb-0.20.0/src/portable/mindmotion/mm32/dcd_mm32f327x_otg.o
LOAD ./tinyusb-0.20.0/src/portable/nordic/nrf5x/dcd_nrf5x.o
LOAD ./tinyusb-0.20.0/src/portable/nuvoton/nuc120/dcd_nuc120.o
LOAD ./tinyusb-0.20.0/src/portable/nuvoton/nuc121/dcd_nuc121.o
LOAD ./tinyusb-0.20.0/src/portable/nuvoton/nuc505/dcd_nuc505.o
LOAD ./tinyusb-0.20.0/src/portable/nxp/khci/dcd_khci.o
LOAD ./tinyusb-0.20.0/src/portable/nxp/khci/hcd_khci.o
LOAD ./tinyusb-0.20.0/src/portable/nxp/lpc17_40/dcd_lpc17_40.o
LOAD ./tinyusb-0.20.0/src/portable/nxp/lpc_ip3511/dcd_lpc_ip3511.o
LOAD ./tinyusb-0.20.0/src/portable/ohci/ohci.o
LOAD ./tinyusb-0.20.0/src/portable/raspberrypi/pio_usb/dcd_pio_usb.o
LOAD ./tinyusb-0.20.0/src/portable/raspberrypi/pio_usb/hcd_pio_usb.o
LOAD ./tinyusb-0.20.0/src/portable/raspberrypi/rp2040/dcd_rp2040.o
LOAD ./tinyusb-0.20.0/src/portable/raspberrypi/rp2040/hcd_rp2040.o
LOAD ./tinyusb-0.20.0/src/portable/raspberrypi/rp2040/rp2040_usb.o
LOAD ./tinyusb-0.20.0/src/portable/renesas/rusb2/dcd_rusb2.o
LOAD ./tinyusb-0.20.0/src/portable/renesas/rusb2/hcd_rusb2.o
LOAD ./tinyusb-0.20.0/src/portable/renesas/rusb2/rusb2_common.o
LOAD ./tinyusb-0.20.0/src/portable/sony/cxd56/dcd_cxd56.o
LOAD ./tinyusb-0.20.0/src/portable/st/stm32_fsdev/dcd_stm32_fsdev.o
LOAD ./tinyusb-0.20.0/src/portable/st/typec/typec_stm32.o
LOAD ./tinyusb-0.20.0/src/portable/sunxi/dcd_sunxi_musb.o
LOAD ./tinyusb-0.20.0/src/portable/synopsys/dwc2/dcd_dwc2.o
LOAD ./tinyusb-0.20.0/src/portable/synopsys/dwc2/dwc2_common.o
LOAD ./tinyusb-0.20.0/src/portable/synopsys/dwc2/hcd_dwc2.o
LOAD ./tinyusb-0.20.0/src/portable/template/dcd_template.o
LOAD ./tinyusb-0.20.0/src/portable/template/hcd_template.o
LOAD ./tinyusb-0.20.0/src/portable/ti/msp430x5xx/dcd_msp430x5xx.o
LOAD ./tinyusb-0.20.0/src/portable/valentyusb/eptri/dcd_eptri.o
LOAD ./tinyusb-0.20.0/src/portable/wch/dcd_ch32_usbfs.o
LOAD ./tinyusb-0.20.0/src/portable/wch/dcd_ch32_usbhs.o
LOAD ./tinyusb-0.20.0/src/portable/wch/hcd_ch32_usbfs.o
LOAD ./tinyusb-0.20.0/src/tusb.o
LOAD ./tinyusb-0.20.0/src/typec/usbc.o
START GROUP
LOAD C:/ST/STM32CubeIDE_2.0.0/STM32CubeIDE/plugins/com.st.stm32cube.ide.mcu.externaltools.gnu-tools-for-stm32.14.3.rel1.win32_1.0.100.202602081740/tools/bin/../lib/gcc/arm-none-eabi/14.3.1/../../../../arm-none-eabi/lib/thumb/v7e-m+fp/hard\libc_nano.a
LOAD C:/ST/STM32CubeIDE_2.0.0/STM32CubeIDE/plugins/com.st.stm32cube.ide.mcu.externaltools.gnu-tools-for-stm32.14.3.rel1.win32_1.0.100.202602081740/tools/bin/../lib/gcc/arm-none-eabi/14.3.1/../../../../arm-none-eabi/lib/thumb/v7e-m+fp/hard\libm.a
END GROUP
START GROUP
LOAD C:/ST/STM32CubeIDE_2.0.0/STM32CubeIDE/plugins/com.st.stm32cube.ide.mcu.externaltools.gnu-tools-for-stm32.14.3.rel1.win32_1.0.100.202602081740/tools/bin/../lib/gcc/arm-none-eabi/14.3.1/thumb/v7e-m+fp/hard\libgcc.a
LOAD C:/ST/STM32CubeIDE_2.0.0/STM32CubeIDE/plugins/com.st.stm32cube.ide.mcu.externaltools.gnu-tools-for-stm32.14.3.rel1.win32_1.0.100.202602081740/tools/bin/../lib/gcc/arm-none-eabi/14.3.1/../../../../arm-none-eabi/lib/thumb/v7e-m+fp/hard\libc_nano.a
END GROUP
START GROUP
LOAD C:/ST/STM32CubeIDE_2.0.0/STM32CubeIDE/plugins/com.st.stm32cube.ide.mcu.externaltools.gnu-tools-for-stm32.14.3.rel1.win32_1.0.100.202602081740/tools/bin/../lib/gcc/arm-none-eabi/14.3.1/thumb/v7e-m+fp/hard\libgcc.a
LOAD C:/ST/STM32CubeIDE_2.0.0/STM32CubeIDE/plugins/com.st.stm32cube.ide.mcu.externaltools.gnu-tools-for-stm32.14.3.rel1.win32_1.0.100.202602081740/tools/bin/../lib/gcc/arm-none-eabi/14.3.1/../../../../arm-none-eabi/lib/thumb/v7e-m+fp/hard\libc_nano.a
LOAD C:/ST/STM32CubeIDE_2.0.0/STM32CubeIDE/plugins/com.st.stm32cube.ide.mcu.externaltools.gnu-tools-for-stm32.14.3.rel1.win32_1.0.100.202602081740/tools/bin/../lib/gcc/arm-none-eabi/14.3.1/../../../../arm-none-eabi/lib/thumb/v7e-m+fp/hard\libnosys.a
END GROUP
START GROUP
LOAD C:/ST/STM32CubeIDE_2.0.0/STM32CubeIDE/plugins/com.st.stm32cube.ide.mcu.externaltools.gnu-tools-for-stm32.14.3.rel1.win32_1.0.100.202602081740/tools/bin/../lib/gcc/arm-none-eabi/14.3.1/thumb/v7e-m+fp/hard\libgcc.a
LOAD C:/ST/STM32CubeIDE_2.0.0/STM32CubeIDE/plugins/com.st.stm32cube.ide.mcu.externaltools.gnu-tools-for-stm32.14.3.rel1.win32_1.0.100.202602081740/tools/bin/../lib/gcc/arm-none-eabi/14.3.1/../../../../arm-none-eabi/lib/thumb/v7e-m+fp/hard\libc_nano.a
LOAD C:/ST/STM32CubeIDE_2.0.0/STM32CubeIDE/plugins/com.st.stm32cube.ide.mcu.externaltools.gnu-tools-for-stm32.14.3.rel1.win32_1.0.100.202602081740/tools/bin/../lib/gcc/arm-none-eabi/14.3.1/../../../../arm-none-eabi/lib/thumb/v7e-m+fp/hard\libnosys.a
END GROUP
LOAD C:/ST/STM32CubeIDE_2.0.0/STM32CubeIDE/plugins/com.st.stm32cube.ide.mcu.externaltools.gnu-tools-for-stm32.14.3.rel1.win32_1.0.100.202602081740/tools/bin/../lib/gcc/arm-none-eabi/14.3.1/thumb/v7e-m+fp/hard/crtend.o
LOAD C:/ST/STM32CubeIDE_2.0.0/STM32CubeIDE/plugins/com.st.stm32cube.ide.mcu.externaltools.gnu-tools-for-stm32.14.3.rel1.win32_1.0.100.202602081740/tools/bin/../lib/gcc/arm-none-eabi/14.3.1/thumb/v7e-m+fp/hard/crtn.o
                0x20020000                        _estack = (ORIGIN (RAM) + LENGTH (RAM))
                0x00000600                        _Min_Heap_Size = 0x600
                0x00001000                        _Min_Stack_Size = 0x1000

.isr_vector     0x08000000      0x1c4
                0x08000000                        . = ALIGN (0x4)
 *(.isr_vector)
 .isr_vector    0x08000000      0x1c4 ./Core/Startup/startup_stm32f446retx.o
                0x08000000                g_pfnVectors
                0x080001c4                        . = ALIGN (0x4)

.text           0x080001d0     0xedd8
                0x080001d0                        . = ALIGN (0x4)
 *(.text)
 .text          0x080001d0       0x40 C:/ST/STM32CubeIDE_2.0.0/STM32CubeIDE/plugins/com.st.stm32cube.ide.mcu.externaltools.gnu-tools-for-stm32.14.3.rel1.win32_1.0.100.202602081740/tools/bin/../lib/gcc/arm-none-eabi/14.3.1/thumb/v7e-m+fp/hard/crtbegin.o
 .text          0x08000210       0x10 C:/ST/STM32CubeIDE_2.0.0/STM32CubeIDE/plugins/com.st.stm32cube.ide.mcu.externaltools.gnu-tools-for-stm32.14.3.rel1.win32_1.0.100.202602081740/tools/bin/../lib/gcc/arm-none-eabi/14.3.1/../../../../arm-none-eabi/lib/thumb/v7e-m+fp/hard\libc_nano.a(libc_a-strlen.o)
                0x08000210                strlen
 .text          0x08000220       0xa0 C:/ST/STM32CubeIDE_2.0.0/STM32CubeIDE/plugins/com.st.stm32cube.ide.mcu.externaltools.gnu-tools-for-stm32.14.3.rel1.win32_1.0.100.202602081740/tools/bin/../lib/gcc/arm-none-eabi/14.3.1/../../../../arm-none-eabi/lib/thumb/v7e-m+fp/hard\libc_nano.a(libc_a-memchr.o)
                0x08000220                memchr
 .text          0x080002c0       0x30 C:/ST/STM32CubeIDE_2.0.0/STM32CubeIDE/plugins/com.st.stm32cube.ide.mcu.externaltools.gnu-tools-for-stm32.14.3.rel1.win32_1.0.100.202602081740/tools/bin/../lib/gcc/arm-none-eabi/14.3.1/thumb/v7e-m+fp/hard\libgcc.a(_aeabi_uldivmod.o)
                0x080002c0                __aeabi_uldivmod
 .text          0x080002f0      0x2f8 C:/ST/STM32CubeIDE_2.0.0/STM32CubeIDE/plugins/com.st.stm32cube.ide.mcu.externaltools.gnu-tools-for-stm32.14.3.rel1.win32_1.0.100.202602081740/tools/bin/../lib/gcc/arm-none-eabi/14.3.1/thumb/v7e-m+fp/hard\libgcc.a(_udivmoddi4.o)
                0x080002f0                __udivmoddi4
 .text          0x080005e8        0x4 C:/ST/STM32CubeIDE_2.0.0/STM32CubeIDE/plugins/com.st.stm32cube.ide.mcu.externaltools.gnu-tools-for-stm32.14.3.rel1.win32_1.0.100.202602081740/tools/bin/../lib/gcc/arm-none-eabi/14.3.1/thumb/v7e-m+fp/hard\libgcc.a(_dvmd_tls.o)
                0x080005e8                __aeabi_idiv0
                0x080005e8                __aeabi_ldiv0
 *(.text*)
 .text.tud_cdc_line_state_cb
                0x080005ec       0x1e ./Core/Src/cdc_app.o
                0x080005ec                tud_cdc_line_state_cb
 *fill*         0x0800060a        0x2 
 .text.process_cat_command
                0x0800060c      0x29c ./Core/Src/cdc_app.o
                0x0800060c                process_cat_command
 .text.tud_cdc_rx_cb
                0x080008a8       0xc8 ./Core/Src/cdc_app.o
                0x080008a8                tud_cdc_rx_cb
 .text.push_audio_fifo
                0x08000970       0x70 ./Core/Src/main.o
                0x08000970                push_audio_fifo
 .text.get_audio_fifo_count
                0x080009e0       0x50 ./Core/Src/main.o
                0x080009e0                get_audio_fifo_count
 .text.pop_audio_fifo
                0x08000a30       0x74 ./Core/Src/main.o
                0x08000a30                pop_audio_fifo
 .text.Setup_Tayloe_Mixer_LO
                0x08000aa4       0x60 ./Core/Src/main.o
                0x08000aa4                Setup_Tayloe_Mixer_LO
 .text.main     0x08000b04       0xa8 ./Core/Src/main.o
                0x08000b04                main
 .text.SystemClock_Config
                0x08000bac       0xd8 ./Core/Src/main.o
                0x08000bac                SystemClock_Config
 .text.MX_ADC1_Init
                0x08000c84       0xd4 ./Core/Src/main.o
 .text.MX_ADC2_Init
                0x08000d58       0x94 ./Core/Src/main.o
 .text.MX_I2C1_Init
                0x08000dec       0x5c ./Core/Src/main.o
 .text.MX_TIM3_Init
                0x08000e48       0x9c ./Core/Src/main.o
 .text.MX_USB_OTG_FS_PCD_Init
                0x08000ee4       0x5c ./Core/Src/main.o
 .text.MX_DMA_Init
                0x08000f40       0x40 ./Core/Src/main.o
 .text.MX_GPIO_Init
                0x08000f80       0x88 ./Core/Src/main.o
 .text.process_adc_buffer
                0x08001008       0xa8 ./Core/Src/main.o
                0x08001008                process_adc_buffer
 .text.HAL_ADC_ConvHalfCpltCallback
                0x080010b0       0x2c ./Core/Src/main.o
                0x080010b0                HAL_ADC_ConvHalfCpltCallback
 .text.HAL_ADC_ConvCpltCallback
                0x080010dc       0x2c ./Core/Src/main.o
                0x080010dc                HAL_ADC_ConvCpltCallback
 .text.Error_Handler
                0x08001108        0xc ./Core/Src/main.o
                0x08001108                Error_Handler
 .text.si5351_Init
                0x08001114       0x70 ./Core/Src/si5351.o
                0x08001114                si5351_Init
 .text.si5351_SetupPLL
                0x08001184       0x7e ./Core/Src/si5351.o
                0x08001184                si5351_SetupPLL
 .text.si5351_SetupOutput
                0x08001202      0x15a ./Core/Src/si5351.o
                0x08001202                si5351_SetupOutput
 .text.si5351_CalcIQ
                0x0800135c      0x120 ./Core/Src/si5351.o
                0x0800135c                si5351_CalcIQ
 .text.si5351_EnableOutputs
                0x0800147c       0x20 ./Core/Src/si5351.o
                0x0800147c                si5351_EnableOutputs
 .text.si5351_write
                0x0800149c       0x50 ./Core/Src/si5351.o
                0x0800149c                si5351_write
 .text.si5351_writeBulk
                0x080014ec       0xee ./Core/Src/si5351.o
                0x080014ec                si5351_writeBulk
 *fill*         0x080015da        0x2 
 .text.HAL_MspInit
                0x080015dc       0x50 ./Core/Src/stm32f4xx_hal_msp.o
                0x080015dc                HAL_MspInit
 .text.HAL_ADC_MspInit
                0x0800162c      0x150 ./Core/Src/stm32f4xx_hal_msp.o
                0x0800162c                HAL_ADC_MspInit
 .text.HAL_I2C_MspInit
                0x0800177c       0x90 ./Core/Src/stm32f4xx_hal_msp.o
                0x0800177c                HAL_I2C_MspInit
 .text.HAL_TIM_Base_MspInit
                0x0800180c       0x44 ./Core/Src/stm32f4xx_hal_msp.o
                0x0800180c                HAL_TIM_Base_MspInit
 .text.HAL_PCD_MspInit
                0x08001850       0xd4 ./Core/Src/stm32f4xx_hal_msp.o
                0x08001850                HAL_PCD_MspInit
 .text.NMI_Handler
                0x08001924        0x8 ./Core/Src/stm32f4xx_it.o
                0x08001924                NMI_Handler
 .text.HardFault_Handler
                0x0800192c        0x8 ./Core/Src/stm32f4xx_it.o
                0x0800192c                HardFault_Handler
 .text.MemManage_Handler
                0x08001934        0x8 ./Core/Src/stm32f4xx_it.o
                0x08001934                MemManage_Handler
 .text.BusFault_Handler
                0x0800193c        0x8 ./Core/Src/stm32f4xx_it.o
                0x0800193c                BusFault_Handler
 .text.UsageFault_Handler
                0x08001944        0x8 ./Core/Src/stm32f4xx_it.o
                0x08001944                UsageFault_Handler
 .text.SVC_Handler
                0x0800194c        0xe ./Core/Src/stm32f4xx_it.o
                0x0800194c                SVC_Handler
 .text.DebugMon_Handler
                0x0800195a        0xe ./Core/Src/stm32f4xx_it.o
                0x0800195a                DebugMon_Handler
 .text.PendSV_Handler
                0x08001968        0xe ./Core/Src/stm32f4xx_it.o
                0x08001968                PendSV_Handler
 .text.SysTick_Handler
                0x08001976        0xc ./Core/Src/stm32f4xx_it.o
                0x08001976                SysTick_Handler
 *fill*         0x08001982        0x2 
 .text.DMA2_Stream0_IRQHandler
                0x08001984       0x14 ./Core/Src/stm32f4xx_it.o
                0x08001984                DMA2_Stream0_IRQHandler
 .text.OTG_FS_IRQHandler
                0x08001998        0xe ./Core/Src/stm32f4xx_it.o
                0x08001998                OTG_FS_IRQHandler
 *fill*         0x080019a6        0x2 
 .text._sbrk    0x080019a8       0x6c ./Core/Src/sysmem.o
                0x080019a8                _sbrk
 .text.SystemInit
                0x08001a14       0x24 ./Core/Src/system_stm32f4xx.o
                0x08001a14                SystemInit
 .text.audio_task
                0x08001a38        0xe ./Core/Src/uac2_app.o
                0x08001a38                audio_task
 *fill*         0x08001a46        0x2 
 .text.tud_audio_clock_get_request
                0x08001a48      0x138 ./Core/Src/uac2_app.o
 .text.tud_audio_clock_set_request
                0x08001b80       0x74 ./Core/Src/uac2_app.o
 .text.tud_audio_feature_unit_get_request
                0x08001bf4       0xcc ./Core/Src/uac2_app.o
 .text.tud_audio_feature_unit_set_request
                0x08001cc0       0xac ./Core/Src/uac2_app.o
 .text.tud_audio_get_req_entity_cb
                0x08001d6c       0x46 ./Core/Src/uac2_app.o
                0x08001d6c                tud_audio_get_req_entity_cb
 .text.tud_audio_set_req_entity_cb
                0x08001db2       0x4c ./Core/Src/uac2_app.o
                0x08001db2                tud_audio_set_req_entity_cb
 *fill*         0x08001dfe        0x2 
 .text.tud_audio_set_itf_close_ep_cb
                0x08001e00       0x50 ./Core/Src/uac2_app.o
                0x08001e00                tud_audio_set_itf_close_ep_cb
 .text.tud_audio_set_itf_cb
                0x08001e50       0xe0 ./Core/Src/uac2_app.o
                0x08001e50                tud_audio_set_itf_cb
 .text.tud_audio_rx_done_isr
                0x08001f30       0x4c ./Core/Src/uac2_app.o
                0x08001f30                tud_audio_rx_done_isr
 .text.tud_audio_tx_done_isr
                0x08001f7c      0x15c ./Core/Src/uac2_app.o
                0x08001f7c                tud_audio_tx_done_isr
 .text.tud_descriptor_device_cb
                0x080020d8       0x14 ./Core/Src/usb_descriptors.o
                0x080020d8                tud_descriptor_device_cb
 .text.tud_descriptor_configuration_cb
                0x080020ec       0x1c ./Core/Src/usb_descriptors.o
                0x080020ec                tud_descriptor_configuration_cb
 .text.tud_descriptor_string_cb
                0x08002108       0xa4 ./Core/Src/usb_descriptors.o
                0x08002108                tud_descriptor_string_cb
 .text.Reset_Handler
                0x080021ac       0x50 ./Core/Startup/startup_stm32f446retx.o
                0x080021ac                Reset_Handler
 .text.Default_Handler
                0x080021fc        0x2 ./Core/Startup/startup_stm32f446retx.o
                0x080021fc                RTC_Alarm_IRQHandler
                0x080021fc                EXTI2_IRQHandler
                0x080021fc                TIM8_CC_IRQHandler
                0x080021fc                FMPI2C1_EV_IRQHandler
                0x080021fc                SPI4_IRQHandler
                0x080021fc                TIM1_CC_IRQHandler
                0x080021fc                DMA2_Stream5_IRQHandler
                0x080021fc                DMA1_Stream5_IRQHandler
                0x080021fc                PVD_IRQHandler
                0x080021fc                SDIO_IRQHandler
                0x080021fc                TAMP_STAMP_IRQHandler
                0x080021fc                CAN2_RX1_IRQHandler
                0x080021fc                EXTI3_IRQHandler
                0x080021fc                TIM8_TRG_COM_TIM14_IRQHandler
                0x080021fc                TIM1_UP_TIM10_IRQHandler
                0x080021fc                TIM8_UP_TIM13_IRQHandler
                0x080021fc                I2C3_ER_IRQHandler
                0x080021fc                EXTI0_IRQHandler
                0x080021fc                I2C2_EV_IRQHandler
                0x080021fc                DMA1_Stream2_IRQHandler
                0x080021fc                CAN1_RX0_IRQHandler
                0x080021fc                FPU_IRQHandler
                0x080021fc                OTG_HS_WKUP_IRQHandler
                0x080021fc                CAN2_SCE_IRQHandler
                0x080021fc                DMA2_Stream2_IRQHandler
                0x080021fc                SPI1_IRQHandler
                0x080021fc                TIM6_DAC_IRQHandler
                0x080021fc                TIM1_BRK_TIM9_IRQHandler
                0x080021fc                DCMI_IRQHandler
                0x080021fc                CAN2_RX0_IRQHandler
                0x080021fc                DMA2_Stream3_IRQHandler
                0x080021fc                SAI2_IRQHandler
                0x080021fc                USART6_IRQHandler
                0x080021fc                USART3_IRQHandler
                0x080021fc                CAN1_RX1_IRQHandler
                0x080021fc                UART5_IRQHandler
                0x080021fc                TIM4_IRQHandler
                0x080021fc                QUADSPI_IRQHandler
                0x080021fc                I2C1_EV_IRQHandler
                0x080021fc                DMA1_Stream6_IRQHandler
                0x080021fc                DMA1_Stream1_IRQHandler
                0x080021fc                UART4_IRQHandler
                0x080021fc                TIM3_IRQHandler
                0x080021fc                RCC_IRQHandler
                0x080021fc                TIM8_BRK_TIM12_IRQHandler
                0x080021fc                Default_Handler
                0x080021fc                CEC_IRQHandler
                0x080021fc                EXTI15_10_IRQHandler
                0x080021fc                ADC_IRQHandler
                0x080021fc                DMA1_Stream7_IRQHandler
                0x080021fc                TIM7_IRQHandler
                0x080021fc                CAN2_TX_IRQHandler
                0x080021fc                TIM5_IRQHandler
                0x080021fc                DMA2_Stream7_IRQHandler
                0x080021fc                I2C3_EV_IRQHandler
                0x080021fc                EXTI9_5_IRQHandler
                0x080021fc                RTC_WKUP_IRQHandler
                0x080021fc                SPDIF_RX_IRQHandler
                0x080021fc                SPI2_IRQHandler
                0x080021fc                OTG_HS_EP1_IN_IRQHandler
                0x080021fc                DMA1_Stream0_IRQHandler
                0x080021fc                CAN1_TX_IRQHandler
                0x080021fc                FMPI2C1_ER_IRQHandler
                0x080021fc                EXTI4_IRQHandler
                0x080021fc                OTG_HS_EP1_OUT_IRQHandler
                0x080021fc                WWDG_IRQHandler
                0x080021fc                TIM2_IRQHandler
                0x080021fc                OTG_FS_WKUP_IRQHandler
                0x080021fc                TIM1_TRG_COM_TIM11_IRQHandler
                0x080021fc                OTG_HS_IRQHandler
                0x080021fc                EXTI1_IRQHandler
                0x080021fc                USART2_IRQHandler
                0x080021fc                I2C2_ER_IRQHandler
                0x080021fc                DMA2_Stream1_IRQHandler
                0x080021fc                CAN1_SCE_IRQHandler
                0x080021fc                FLASH_IRQHandler
                0x080021fc                DMA2_Stream4_IRQHandler
                0x080021fc                USART1_IRQHandler
                0x080021fc                SPI3_IRQHandler
                0x080021fc                DMA1_Stream4_IRQHandler
                0x080021fc                I2C1_ER_IRQHandler
                0x080021fc                FMC_IRQHandler
                0x080021fc                DMA2_Stream6_IRQHandler
                0x080021fc                SAI1_IRQHandler
                0x080021fc                DMA1_Stream3_IRQHandler
 *fill*         0x080021fe        0x2 
 .text.HAL_Init
                0x08002200       0x44 ./Drivers/STM32F4xx_HAL_Driver/Src/stm32f4xx_hal.o
                0x08002200                HAL_Init
 .text.HAL_InitTick
                0x08002244       0x60 ./Drivers/STM32F4xx_HAL_Driver/Src/stm32f4xx_hal.o
                0x08002244                HAL_InitTick
 .text.HAL_IncTick
                0x080022a4       0x28 ./Drivers/STM32F4xx_HAL_Driver/Src/stm32f4xx_hal.o
                0x080022a4                HAL_IncTick
 .text.HAL_GetTick
                0x080022cc       0x18 ./Drivers/STM32F4xx_HAL_Driver/Src/stm32f4xx_hal.o
                0x080022cc                HAL_GetTick
 .text.HAL_Delay
                0x080022e4       0x48 ./Drivers/STM32F4xx_HAL_Driver/Src/stm32f4xx_hal.o
                0x080022e4                HAL_Delay
 .text.HAL_ADC_Init
                0x0800232c       0x86 ./Drivers/STM32F4xx_HAL_Driver/Src/stm32f4xx_hal_adc.o
                0x0800232c                HAL_ADC_Init
 *fill*         0x080023b2        0x2 
 .text.HAL_ADC_Start
                0x080023b4      0x1a4 ./Drivers/STM32F4xx_HAL_Driver/Src/stm32f4xx_hal_adc.o
                0x080023b4                HAL_ADC_Start
 .text.HAL_ADC_ErrorCallback
                0x08002558       0x14 ./Drivers/STM32F4xx_HAL_Driver/Src/stm32f4xx_hal_adc.o
                0x08002558                HAL_ADC_ErrorCallback
 .text.HAL_ADC_ConfigChannel
                0x0800256c      0x264 ./Drivers/STM32F4xx_HAL_Driver/Src/stm32f4xx_hal_adc.o
                0x0800256c                HAL_ADC_ConfigChannel
 .text.ADC_Init
                0x080027d0      0x1f8 ./Drivers/STM32F4xx_HAL_Driver/Src/stm32f4xx_hal_adc.o
 .text.HAL_ADCEx_MultiModeStart_DMA
                0x080029c8      0x1a0 ./Drivers/STM32F4xx_HAL_Driver/Src/stm32f4xx_hal_adc_ex.o
                0x080029c8                HAL_ADCEx_MultiModeStart_DMA
 .text.HAL_ADCEx_MultiModeConfigChannel
                0x08002b68       0x8c ./Drivers/STM32F4xx_HAL_Driver/Src/stm32f4xx_hal_adc_ex.o
                0x08002b68                HAL_ADCEx_MultiModeConfigChannel
 .text.ADC_MultiModeDMAConvCplt
                0x08002bf4       0xa6 ./Drivers/STM32F4xx_HAL_Driver/Src/stm32f4xx_hal_adc_ex.o
 .text.ADC_MultiModeDMAHalfConvCplt
                0x08002c9a       0x1c ./Drivers/STM32F4xx_HAL_Driver/Src/stm32f4xx_hal_adc_ex.o
 .text.ADC_MultiModeDMAError
                0x08002cb6       0x2e ./Drivers/STM32F4xx_HAL_Driver/Src/stm32f4xx_hal_adc_ex.o
 .text.__NVIC_SetPriorityGrouping
                0x08002ce4       0x48 ./Drivers/STM32F4xx_HAL_Driver/Src/stm32f4xx_hal_cortex.o
 .text.__NVIC_GetPriorityGrouping
                0x08002d2c       0x1c ./Drivers/STM32F4xx_HAL_Driver/Src/stm32f4xx_hal_cortex.o
 .text.__NVIC_EnableIRQ
                0x08002d48       0x3c ./Drivers/STM32F4xx_HAL_Driver/Src/stm32f4xx_hal_cortex.o
 .text.__NVIC_SetPriority
                0x08002d84       0x54 ./Drivers/STM32F4xx_HAL_Driver/Src/stm32f4xx_hal_cortex.o
 .text.NVIC_EncodePriority
                0x08002dd8       0x66 ./Drivers/STM32F4xx_HAL_Driver/Src/stm32f4xx_hal_cortex.o
 *fill*         0x08002e3e        0x2 
 .text.SysTick_Config
                0x08002e40       0x44 ./Drivers/STM32F4xx_HAL_Driver/Src/stm32f4xx_hal_cortex.o
 .text.HAL_NVIC_SetPriorityGrouping
                0x08002e84       0x16 ./Drivers/STM32F4xx_HAL_Driver/Src/stm32f4xx_hal_cortex.o
                0x08002e84                HAL_NVIC_SetPriorityGrouping
 .text.HAL_NVIC_SetPriority
                0x08002e9a       0x38 ./Drivers/STM32F4xx_HAL_Driver/Src/stm32f4xx_hal_cortex.o
                0x08002e9a                HAL_NVIC_SetPriority
 .text.HAL_NVIC_EnableIRQ
                0x08002ed2       0x1c ./Drivers/STM32F4xx_HAL_Driver/Src/stm32f4xx_hal_cortex.o
                0x08002ed2                HAL_NVIC_EnableIRQ
 .text.HAL_SYSTICK_Config
                0x08002eee       0x18 ./Drivers/STM32F4xx_HAL_Driver/Src/stm32f4xx_hal_cortex.o
                0x08002eee                HAL_SYSTICK_Config
 *fill*         0x08002f06        0x2 
 .text.HAL_DMA_Init
                0x08002f08      0x15c ./Drivers/STM32F4xx_HAL_Driver/Src/stm32f4xx_hal_dma.o
                0x08002f08                HAL_DMA_Init
 .text.HAL_DMA_Start_IT
                0x08003064       0xb0 ./Drivers/STM32F4xx_HAL_Driver/Src/stm32f4xx_hal_dma.o
                0x08003064                HAL_DMA_Start_IT
 .text.HAL_DMA_IRQHandler
                0x08003114      0x314 ./Drivers/STM32F4xx_HAL_Driver/Src/stm32f4xx_hal_dma.o
                0x08003114                HAL_DMA_IRQHandler
 .text.DMA_SetConfig
                0x08003428       0x5c ./Drivers/STM32F4xx_HAL_Driver/Src/stm32f4xx_hal_dma.o
 .text.DMA_CalcBaseAndBitshift
                0x08003484       0x6c ./Drivers/STM32F4xx_HAL_Driver/Src/stm32f4xx_hal_dma.o
 .text.DMA_CheckFifoParam
                0x080034f0       0xf8 ./Drivers/STM32F4xx_HAL_Driver/Src/stm32f4xx_hal_dma.o
 .text.HAL_GPIO_Init
                0x080035e8      0x328 ./Drivers/STM32F4xx_HAL_Driver/Src/stm32f4xx_hal_gpio.o
                0x080035e8                HAL_GPIO_Init
 .text.HAL_I2C_Init
                0x08003910      0x288 ./Drivers/STM32F4xx_HAL_Driver/Src/stm32f4xx_hal_i2c.o
                0x08003910                HAL_I2C_Init
 .text.HAL_I2C_Mem_Write
                0x08003b98      0x1f4 ./Drivers/STM32F4xx_HAL_Driver/Src/stm32f4xx_hal_i2c.o
                0x08003b98                HAL_I2C_Mem_Write
 .text.HAL_I2C_IsDeviceReady
                0x08003d8c      0x25c ./Drivers/STM32F4xx_HAL_Driver/Src/stm32f4xx_hal_i2c.o
                0x08003d8c                HAL_I2C_IsDeviceReady
 .text.I2C_RequestMemoryWrite
                0x08003fe8      0x12c ./Drivers/STM32F4xx_HAL_Driver/Src/stm32f4xx_hal_i2c.o
 .text.I2C_WaitOnFlagUntilTimeout
                0x08004114       0xf4 ./Drivers/STM32F4xx_HAL_Driver/Src/stm32f4xx_hal_i2c.o
 .text.I2C_WaitOnMasterAddressFlagUntilTimeout
                0x08004208      0x140 ./Drivers/STM32F4xx_HAL_Driver/Src/stm32f4xx_hal_i2c.o
 .text.I2C_WaitOnTXEFlagUntilTimeout
                0x08004348       0x90 ./Drivers/STM32F4xx_HAL_Driver/Src/stm32f4xx_hal_i2c.o
 .text.I2C_WaitOnBTFFlagUntilTimeout
                0x080043d8       0x90 ./Drivers/STM32F4xx_HAL_Driver/Src/stm32f4xx_hal_i2c.o
 .text.I2C_IsAcknowledgeFailed
                0x08004468       0x5e ./Drivers/STM32F4xx_HAL_Driver/Src/stm32f4xx_hal_i2c.o
 .text.HAL_PCD_Init
                0x080044c6      0x22c ./Drivers/STM32F4xx_HAL_Driver/Src/stm32f4xx_hal_pcd.o
                0x080044c6                HAL_PCD_Init
 .text.HAL_PCDEx_ActivateLPM
                0x080046f2       0x48 ./Drivers/STM32F4xx_HAL_Driver/Src/stm32f4xx_hal_pcd_ex.o
                0x080046f2                HAL_PCDEx_ActivateLPM
 *fill*         0x0800473a        0x2 
 .text.HAL_RCC_ClockConfig
                0x0800473c      0x1cc ./Drivers/STM32F4xx_HAL_Driver/Src/stm32f4xx_hal_rcc.o
                0x0800473c                HAL_RCC_ClockConfig
 .text.HAL_RCC_GetHCLKFreq
                0x08004908       0x18 ./Drivers/STM32F4xx_HAL_Driver/Src/stm32f4xx_hal_rcc.o
                0x08004908                HAL_RCC_GetHCLKFreq
 .text.HAL_RCC_GetPCLK1Freq
                0x08004920       0x28 ./Drivers/STM32F4xx_HAL_Driver/Src/stm32f4xx_hal_rcc.o
                0x08004920                HAL_RCC_GetPCLK1Freq
 .text.HAL_RCCEx_PeriphCLKConfig
                0x08004948      0x654 ./Drivers/STM32F4xx_HAL_Driver/Src/stm32f4xx_hal_rcc_ex.o
                0x08004948                HAL_RCCEx_PeriphCLKConfig
 .text.HAL_RCC_GetSysClockFreq
                0x08004f9c      0x460 ./Drivers/STM32F4xx_HAL_Driver/Src/stm32f4xx_hal_rcc_ex.o
                0x08004f9c                HAL_RCC_GetSysClockFreq
 .text.HAL_RCC_OscConfig
                0x080053fc      0x53c ./Drivers/STM32F4xx_HAL_Driver/Src/stm32f4xx_hal_rcc_ex.o
                0x080053fc                HAL_RCC_OscConfig
 .text.HAL_TIM_Base_Init
                0x08005938       0x9e ./Drivers/STM32F4xx_HAL_Driver/Src/stm32f4xx_hal_tim.o
                0x08005938                HAL_TIM_Base_Init
 *fill*         0x080059d6        0x2 
 .text.HAL_TIM_Base_Start
                0x080059d8       0xd0 ./Drivers/STM32F4xx_HAL_Driver/Src/stm32f4xx_hal_tim.o
                0x080059d8                HAL_TIM_Base_Start
 .text.HAL_TIM_ConfigClockSource
                0x08005aa8      0x18e ./Drivers/STM32F4xx_HAL_Driver/Src/stm32f4xx_hal_tim.o
                0x08005aa8                HAL_TIM_ConfigClockSource
 *fill*         0x08005c36        0x2 
 .text.TIM_Base_SetConfig
                0x08005c38      0x14c ./Drivers/STM32F4xx_HAL_Driver/Src/stm32f4xx_hal_tim.o
                0x08005c38                TIM_Base_SetConfig
 .text.TIM_TI1_ConfigInputStage
                0x08005d84       0x5e ./Drivers/STM32F4xx_HAL_Driver/Src/stm32f4xx_hal_tim.o
 .text.TIM_TI2_ConfigInputStage
                0x08005de2       0x60 ./Drivers/STM32F4xx_HAL_Driver/Src/stm32f4xx_hal_tim.o
 .text.TIM_ITRx_SetConfig
                0x08005e42       0x36 ./Drivers/STM32F4xx_HAL_Driver/Src/stm32f4xx_hal_tim.o
 .text.TIM_ETR_SetConfig
                0x08005e78       0x40 ./Drivers/STM32F4xx_HAL_Driver/Src/stm32f4xx_hal_tim.o
                0x08005e78                TIM_ETR_SetConfig
 .text.HAL_TIMEx_MasterConfigSynchronization
                0x08005eb8       0xf8 ./Drivers/STM32F4xx_HAL_Driver/Src/stm32f4xx_hal_tim_ex.o
                0x08005eb8                HAL_TIMEx_MasterConfigSynchronization
 .text.USB_CoreInit
                0x08005fb0       0xc8 ./Drivers/STM32F4xx_HAL_Driver/Src/stm32f4xx_ll_usb.o
                0x08005fb0                USB_CoreInit
 .text.USB_DisableGlobalInt
                0x08006078       0x22 ./Drivers/STM32F4xx_HAL_Driver/Src/stm32f4xx_ll_usb.o
                0x08006078                USB_DisableGlobalInt
 .text.USB_SetCurrentMode
                0x0800609a       0x98 ./Drivers/STM32F4xx_HAL_Driver/Src/stm32f4xx_ll_usb.o
                0x0800609a                USB_SetCurrentMode
 *fill*         0x08006132        0x2 
 .text.USB_DevInit
                0x08006134      0x2bc ./Drivers/STM32F4xx_HAL_Driver/Src/stm32f4xx_ll_usb.o
                0x08006134                USB_DevInit
 .text.USB_FlushTxFifo
                0x080063f0       0x64 ./Drivers/STM32F4xx_HAL_Driver/Src/stm32f4xx_ll_usb.o
                0x080063f0                USB_FlushTxFifo
 .text.USB_FlushRxFifo
                0x08006454       0x5c ./Drivers/STM32F4xx_HAL_Driver/Src/stm32f4xx_ll_usb.o
                0x08006454                USB_FlushRxFifo
 .text.USB_SetDevSpeed
                0x080064b0       0x32 ./Drivers/STM32F4xx_HAL_Driver/Src/stm32f4xx_ll_usb.o
                0x080064b0                USB_SetDevSpeed
 .text.USB_DevDisconnect
                0x080064e2       0x42 ./Drivers/STM32F4xx_HAL_Driver/Src/stm32f4xx_ll_usb.o
                0x080064e2                USB_DevDisconnect
 .text.USB_GetMode
                0x08006524       0x1c ./Drivers/STM32F4xx_HAL_Driver/Src/stm32f4xx_ll_usb.o
                0x08006524                USB_GetMode
 .text.USB_CoreReset
                0x08006540       0x70 ./Drivers/STM32F4xx_HAL_Driver/Src/stm32f4xx_ll_usb.o
 .text.tud_audio_set_req_ep_cb
                0x080065b0       0x1c ./tinyusb-0.20.0/src/class/audio/audio_device.o
                0x080065b0                tud_audio_set_req_ep_cb
 .text.tud_audio_set_req_itf_cb
                0x080065cc       0x1c ./tinyusb-0.20.0/src/class/audio/audio_device.o
                0x080065cc                tud_audio_set_req_itf_cb
 .text.tud_audio_get_req_ep_cb
                0x080065e8       0x1a ./tinyusb-0.20.0/src/class/audio/audio_device.o
                0x080065e8                tud_audio_get_req_ep_cb
 .text.tud_audio_get_req_itf_cb
                0x08006602       0x1a ./tinyusb-0.20.0/src/class/audio/audio_device.o
                0x08006602                tud_audio_get_req_itf_cb
 .text.tud_audio_n_read
                0x0800661c       0x58 ./tinyusb-0.20.0/src/class/audio/audio_device.o
                0x0800661c                tud_audio_n_read
 .text.audiod_rx_xfer_isr
                0x08006674       0x88 ./tinyusb-0.20.0/src/class/audio/audio_device.o
 .text.tud_audio_n_write
                0x080066fc       0x5c ./tinyusb-0.20.0/src/class/audio/audio_device.o
                0x080066fc                tud_audio_n_write
 .text.audiod_tx_xfer_isr
                0x08006758       0xba ./tinyusb-0.20.0/src/class/audio/audio_device.o
 *fill*         0x08006812        0x2 
 .text.tud_audio_n_version
                0x08006814       0x68 ./tinyusb-0.20.0/src/class/audio/audio_device.o
                0x08006814                tud_audio_n_version
 .text.audiod_init
                0x0800687c       0xa8 ./tinyusb-0.20.0/src/class/audio/audio_device.o
                0x0800687c                audiod_init
 .text.audiod_deinit
                0x08006924       0x10 ./tinyusb-0.20.0/src/class/audio/audio_device.o
                0x08006924                audiod_deinit
 .text.audiod_reset
                0x08006934       0x58 ./tinyusb-0.20.0/src/class/audio/audio_device.o
                0x08006934                audiod_reset
 .text.audiod_open
                0x0800698c      0x590 ./tinyusb-0.20.0/src/class/audio/audio_device.o
                0x0800698c                audiod_open
 .text.audiod_get_interface
                0x08006f1c       0xc8 ./tinyusb-0.20.0/src/class/audio/audio_device.o
 .text.audiod_set_interface
                0x08006fe4      0x3c0 ./tinyusb-0.20.0/src/class/audio/audio_device.o
 .text.audiod_control_complete
                0x080073a4      0x208 ./tinyusb-0.20.0/src/class/audio/audio_device.o
 .text.audiod_control_request
                0x080075ac      0x1b8 ./tinyusb-0.20.0/src/class/audio/audio_device.o
 .text.audiod_control_xfer_cb
                0x08007764       0x42 ./tinyusb-0.20.0/src/class/audio/audio_device.o
                0x08007764                audiod_control_xfer_cb
 .text.audiod_xfer_cb
                0x080077a6       0x22 ./tinyusb-0.20.0/src/class/audio/audio_device.o
                0x080077a6                audiod_xfer_cb
 .text.audiod_xfer_isr
                0x080077c8       0x7c ./tinyusb-0.20.0/src/class/audio/audio_device.o
                0x080077c8                audiod_xfer_isr
 .text.audiod_sof_isr
                0x08007844       0x18 ./tinyusb-0.20.0/src/class/audio/audio_device.o
                0x08007844                audiod_sof_isr
 .text.tud_audio_buffer_and_schedule_control_xfer
                0x0800785c      0x208 ./tinyusb-0.20.0/src/class/audio/audio_device.o
                0x0800785c                tud_audio_buffer_and_schedule_control_xfer
 .text.audiod_verify_entity_exists
                0x08007a64       0xf4 ./tinyusb-0.20.0/src/class/audio/audio_device.o
 .text.audiod_verify_itf_exists
                0x08007b58       0xc4 ./tinyusb-0.20.0/src/class/audio/audio_device.o
 .text.audiod_verify_ep_exists
                0x08007c1c       0xc4 ./tinyusb-0.20.0/src/class/audio/audio_device.o
 .text.audiod_parse_flow_control_params
                0x08007ce0      0x118 ./tinyusb-0.20.0/src/class/audio/audio_device.o
 .text.audiod_calc_tx_packet_sz
                0x08007df8      0x170 ./tinyusb-0.20.0/src/class/audio/audio_device.o
 .text.audiod_tx_packet_size
                0x08007f68      0x108 ./tinyusb-0.20.0/src/class/audio/audio_device.o
 .text.audiod_get_audio_fct_idx
                0x08008070       0x2c ./tinyusb-0.20.0/src/class/audio/audio_device.o
 .text.tud_cdc_rx_wanted_cb
                0x0800809c       0x1c ./tinyusb-0.20.0/src/class/cdc/cdc_device.o
                0x0800809c                tud_cdc_rx_wanted_cb
 .text.tud_cdc_tx_complete_cb
                0x080080b8       0x16 ./tinyusb-0.20.0/src/class/cdc/cdc_device.o
                0x080080b8                tud_cdc_tx_complete_cb
 .text.tud_cdc_notify_complete_cb
                0x080080ce       0x16 ./tinyusb-0.20.0/src/class/cdc/cdc_device.o
                0x080080ce                tud_cdc_notify_complete_cb
 .text.tud_cdc_line_coding_cb
                0x080080e4       0x18 ./tinyusb-0.20.0/src/class/cdc/cdc_device.o
                0x080080e4                tud_cdc_line_coding_cb
 .text.tud_cdc_send_break_cb
                0x080080fc       0x1c ./tinyusb-0.20.0/src/class/cdc/cdc_device.o
                0x080080fc                tud_cdc_send_break_cb
 .text.tud_cdc_n_connected
                0x08008118       0x84 ./tinyusb-0.20.0/src/class/cdc/cdc_device.o
                0x08008118                tud_cdc_n_connected
 .text.tud_cdc_n_available
                0x0800819c       0x40 ./tinyusb-0.20.0/src/class/cdc/cdc_device.o
                0x0800819c                tud_cdc_n_available
 .text.tud_cdc_n_read
                0x080081dc       0x48 ./tinyusb-0.20.0/src/class/cdc/cdc_device.o
                0x080081dc                tud_cdc_n_read
 .text.tud_cdc_n_write
                0x08008224       0x48 ./tinyusb-0.20.0/src/class/cdc/cdc_device.o
                0x08008224                tud_cdc_n_write
 .text.tud_cdc_n_write_flush
                0x0800826c       0x40 ./tinyusb-0.20.0/src/class/cdc/cdc_device.o
                0x0800826c                tud_cdc_n_write_flush
 .text.cdcd_init
                0x080082ac       0xc0 ./tinyusb-0.20.0/src/class/cdc/cdc_device.o
                0x080082ac                cdcd_init
 .text.cdcd_deinit
                0x0800836c       0x48 ./tinyusb-0.20.0/src/class/cdc/cdc_device.o
                0x0800836c                cdcd_deinit
 .text.cdcd_reset
                0x080083b4       0x7c ./tinyusb-0.20.0/src/class/cdc/cdc_device.o
                0x080083b4                cdcd_reset
 .text.cdcd_open
                0x08008430      0x444 ./tinyusb-0.20.0/src/class/cdc/cdc_device.o
                0x08008430                cdcd_open
 .text.cdcd_control_xfer_cb
                0x08008874      0x1d4 ./tinyusb-0.20.0/src/class/cdc/cdc_device.o
                0x08008874                cdcd_control_xfer_cb
 .text.cdcd_xfer_cb
                0x08008a48      0x1ec ./tinyusb-0.20.0/src/class/cdc/cdc_device.o
                0x08008a48                cdcd_xfer_cb
 .text.tu_fifo_config
                0x08008c34       0x66 ./tinyusb-0.20.0/src/common/tusb_fifo.o
                0x08008c34                tu_fifo_config
 .text._ff_push_const_addr
                0x08008c9a       0x68 ./tinyusb-0.20.0/src/common/tusb_fifo.o
 .text._ff_pull_const_addr
                0x08008d02       0x66 ./tinyusb-0.20.0/src/common/tusb_fifo.o
 .text._ff_push
                0x08008d68       0x3e ./tinyusb-0.20.0/src/common/tusb_fifo.o
 .text._ff_push_n
                0x08008da6      0x1bc ./tinyusb-0.20.0/src/common/tusb_fifo.o
 .text._ff_pull
                0x08008f62       0x3e ./tinyusb-0.20.0/src/common/tusb_fifo.o
 .text._ff_pull_n
                0x08008fa0      0x1c0 ./tinyusb-0.20.0/src/common/tusb_fifo.o
 .text.advance_index
                0x08009160       0x4c ./tinyusb-0.20.0/src/common/tusb_fifo.o
 .text._tu_fifo_peek
                0x080091ac       0xc6 ./tinyusb-0.20.0/src/common/tusb_fifo.o
 .text._tu_fifo_peek_n
                0x08009272       0xe0 ./tinyusb-0.20.0/src/common/tusb_fifo.o
 .text._tu_fifo_write_n
                0x08009352      0x1a2 ./tinyusb-0.20.0/src/common/tusb_fifo.o
 .text._tu_fifo_read_n
                0x080094f4       0x5e ./tinyusb-0.20.0/src/common/tusb_fifo.o
 .text.tu_fifo_count
                0x08009552       0x64 ./tinyusb-0.20.0/src/common/tusb_fifo.o
                0x08009552                tu_fifo_count
 .text.tu_fifo_full
                0x080095b6       0x5c ./tinyusb-0.20.0/src/common/tusb_fifo.o
                0x080095b6                tu_fifo_full
 .text.tu_fifo_remaining
                0x08009612       0x70 ./tinyusb-0.20.0/src/common/tusb_fifo.o
                0x08009612                tu_fifo_remaining
 .text.tu_fifo_read
                0x08009682       0x48 ./tinyusb-0.20.0/src/common/tusb_fifo.o
                0x08009682                tu_fifo_read
 .text.tu_fifo_read_n
                0x080096ca       0x24 ./tinyusb-0.20.0/src/common/tusb_fifo.o
                0x080096ca                tu_fifo_read_n
 .text.tu_fifo_read_n_const_addr_full_words
                0x080096ee       0x24 ./tinyusb-0.20.0/src/common/tusb_fifo.o
                0x080096ee                tu_fifo_read_n_const_addr_full_words
 .text.tu_fifo_write
                0x08009712       0x86 ./tinyusb-0.20.0/src/common/tusb_fifo.o
                0x08009712                tu_fifo_write
 .text.tu_fifo_write_n
                0x08009798       0x24 ./tinyusb-0.20.0/src/common/tusb_fifo.o
                0x08009798                tu_fifo_write_n
 .text.tu_fifo_write_n_const_addr_full_words
                0x080097bc       0x24 ./tinyusb-0.20.0/src/common/tusb_fifo.o
                0x080097bc                tu_fifo_write_n_const_addr_full_words
 .text.tu_fifo_clear
                0x080097e0       0x22 ./tinyusb-0.20.0/src/common/tusb_fifo.o
                0x080097e0                tu_fifo_clear
 .text.tu_fifo_set_overwritable
                0x08009802       0x3a ./tinyusb-0.20.0/src/common/tusb_fifo.o
                0x08009802                tu_fifo_set_overwritable
 .text.tud_event_hook_cb
                0x0800983c       0x1c ./tinyusb-0.20.0/src/device/usbd.o
                0x0800983c                tud_event_hook_cb
 .text.tud_sof_cb
                0x08009858       0x14 ./tinyusb-0.20.0/src/device/usbd.o
                0x08009858                tud_sof_cb
 .text.tud_descriptor_bos_cb
                0x0800986c       0x10 ./tinyusb-0.20.0/src/device/usbd.o
                0x0800986c                tud_descriptor_bos_cb
 .text.tud_descriptor_device_qualifier_cb
                0x0800987c       0x10 ./tinyusb-0.20.0/src/device/usbd.o
                0x0800987c                tud_descriptor_device_qualifier_cb
 .text.tud_descriptor_other_speed_configuration_cb
                0x0800988c       0x18 ./tinyusb-0.20.0/src/device/usbd.o
                0x0800988c                tud_descriptor_other_speed_configuration_cb
 .text.tud_mount_cb
                0x080098a4        0xe ./tinyusb-0.20.0/src/device/usbd.o
                0x080098a4                tud_mount_cb
 .text.tud_umount_cb
                0x080098b2        0xe ./tinyusb-0.20.0/src/device/usbd.o
                0x080098b2                tud_umount_cb
 .text.tud_suspend_cb
                0x080098c0       0x16 ./tinyusb-0.20.0/src/device/usbd.o
                0x080098c0                tud_suspend_cb
 .text.tud_resume_cb
                0x080098d6        0xe ./tinyusb-0.20.0/src/device/usbd.o
                0x080098d6                tud_resume_cb
 .text.tud_vendor_control_xfer_cb
                0x080098e4       0x1e ./tinyusb-0.20.0/src/device/usbd.o
                0x080098e4                tud_vendor_control_xfer_cb
 .text.dcd_dcache_clean
                0x08009902       0x18 ./tinyusb-0.20.0/src/device/usbd.o
                0x08009902                dcd_dcache_clean
 .text.usbd_app_driver_get_cb
                0x0800991a       0x1c ./tinyusb-0.20.0/src/device/usbd.o
                0x0800991a                usbd_app_driver_get_cb
 *fill*         0x08009936        0x2 
 .text.tud_speed_get
                0x08009938       0x18 ./tinyusb-0.20.0/src/device/usbd.o
                0x08009938                tud_speed_get
 .text.tud_mounted
                0x08009950       0x24 ./tinyusb-0.20.0/src/device/usbd.o
                0x08009950                tud_mounted
 .text.tud_suspended
                0x08009974       0x28 ./tinyusb-0.20.0/src/device/usbd.o
                0x08009974                tud_suspended
 .text.tud_inited
                0x0800999c       0x20 ./tinyusb-0.20.0/src/device/usbd.o
                0x0800999c                tud_inited
 .text.tud_rhport_init
                0x080099bc      0x1ac ./tinyusb-0.20.0/src/device/usbd.o
                0x080099bc                tud_rhport_init
 .text.configuration_reset
                0x08009b68       0xd8 ./tinyusb-0.20.0/src/device/usbd.o
 .text.usbd_reset
                0x08009c40       0x1e ./tinyusb-0.20.0/src/device/usbd.o
 *fill*         0x08009c5e        0x2 
 .text.tud_task_ext
                0x08009c60      0x340 ./tinyusb-0.20.0/src/device/usbd.o
                0x08009c60                tud_task_ext
 .text.invoke_class_control
                0x08009fa0       0x2e ./tinyusb-0.20.0/src/device/usbd.o
 *fill*         0x08009fce        0x2 
 .text.process_control_request
                0x08009fd0      0x5e8 ./tinyusb-0.20.0/src/device/usbd.o
 .text.process_set_config
                0x0800a5b8      0x32c ./tinyusb-0.20.0/src/device/usbd.o
 .text.process_get_descriptor
                0x0800a8e4      0x1b4 ./tinyusb-0.20.0/src/device/usbd.o
 .text.dcd_event_handler
                0x0800aa98      0x564 ./tinyusb-0.20.0/src/device/usbd.o
                0x0800aa98                dcd_event_handler
 .text.usbd_int_set
                0x0800affc       0x34 ./tinyusb-0.20.0/src/device/usbd.o
                0x0800affc                usbd_int_set
 .text.usbd_spin_lock
                0x0800b030       0x48 ./tinyusb-0.20.0/src/device/usbd.o
                0x0800b030                usbd_spin_lock
 .text.usbd_spin_unlock
                0x0800b078       0x50 ./tinyusb-0.20.0/src/device/usbd.o
                0x0800b078                usbd_spin_unlock
 .text.usbd_edpt_open
                0x0800b0c8       0x8c ./tinyusb-0.20.0/src/device/usbd.o
                0x0800b0c8                usbd_edpt_open
 .text.usbd_edpt_claim
                0x0800b154       0x50 ./tinyusb-0.20.0/src/device/usbd.o
                0x0800b154                usbd_edpt_claim
 .text.usbd_edpt_release
                0x0800b1a4       0x50 ./tinyusb-0.20.0/src/device/usbd.o
                0x0800b1a4                usbd_edpt_release
 .text.usbd_edpt_xfer
                0x0800b1f4       0xec ./tinyusb-0.20.0/src/device/usbd.o
                0x0800b1f4                usbd_edpt_xfer
 .text.usbd_edpt_stall
                0x0800b2e0       0x7c ./tinyusb-0.20.0/src/device/usbd.o
                0x0800b2e0                usbd_edpt_stall
 .text.usbd_edpt_clear_stall
                0x0800b35c       0x7c ./tinyusb-0.20.0/src/device/usbd.o
                0x0800b35c                usbd_edpt_clear_stall
 .text.usbd_edpt_stalled
                0x0800b3d8       0x5c ./tinyusb-0.20.0/src/device/usbd.o
                0x0800b3d8                usbd_edpt_stalled
 .text.usbd_edpt_iso_alloc
                0x0800b434       0x5c ./tinyusb-0.20.0/src/device/usbd.o
                0x0800b434                usbd_edpt_iso_alloc
 .text.usbd_edpt_iso_activate
                0x0800b490       0xe4 ./tinyusb-0.20.0/src/device/usbd.o
                0x0800b490                usbd_edpt_iso_activate
 .text.dcd_edpt0_status_complete
                0x0800b574       0x18 ./tinyusb-0.20.0/src/device/usbd_control.o
                0x0800b574                dcd_edpt0_status_complete
 .text.status_stage_xact
                0x0800b58c       0x38 ./tinyusb-0.20.0/src/device/usbd_control.o
 .text.tud_control_status
                0x0800b5c4       0x40 ./tinyusb-0.20.0/src/device/usbd_control.o
                0x0800b5c4                tud_control_status
 .text.data_stage_xact
                0x0800b604       0xc4 ./tinyusb-0.20.0/src/device/usbd_control.o
 .text.tud_control_xfer
                0x0800b6c8       0xe0 ./tinyusb-0.20.0/src/device/usbd_control.o
                0x0800b6c8                tud_control_xfer
 .text.usbd_control_reset
                0x0800b7a8       0x18 ./tinyusb-0.20.0/src/device/usbd_control.o
                0x0800b7a8                usbd_control_reset
 .text.usbd_control_set_complete_callback
                0x0800b7c0       0x20 ./tinyusb-0.20.0/src/device/usbd_control.o
                0x0800b7c0                usbd_control_set_complete_callback
 .text.usbd_control_set_request
                0x0800b7e0       0x34 ./tinyusb-0.20.0/src/device/usbd_control.o
                0x0800b7e0                usbd_control_set_request
 .text.usbd_control_xfer_cb
                0x0800b814      0x168 ./tinyusb-0.20.0/src/device/usbd_control.o
                0x0800b814                usbd_control_xfer_cb
 .text.__NVIC_EnableIRQ
                0x0800b97c       0x3c ./tinyusb-0.20.0/src/portable/synopsys/dwc2/dcd_dwc2.o
 .text.__NVIC_DisableIRQ
                0x0800b9b8       0x48 ./tinyusb-0.20.0/src/portable/synopsys/dwc2/dcd_dwc2.o
 .text.dma_setup_prepare
                0x0800ba00       0x80 ./tinyusb-0.20.0/src/portable/synopsys/dwc2/dcd_dwc2.o
 .text.dfifo_alloc
                0x0800ba80      0x1c0 ./tinyusb-0.20.0/src/portable/synopsys/dwc2/dcd_dwc2.o
 .text.dfifo_device_init
                0x0800bc40       0xb4 ./tinyusb-0.20.0/src/portable/synopsys/dwc2/dcd_dwc2.o
 .text.edpt_activate
                0x0800bcf4      0x164 ./tinyusb-0.20.0/src/portable/synopsys/dwc2/dcd_dwc2.o
 .text.edpt_disable
                0x0800be58      0x1a0 ./tinyusb-0.20.0/src/portable/synopsys/dwc2/dcd_dwc2.o
 .text.epin_write_tx_fifo
                0x0800bff8      0x10c ./tinyusb-0.20.0/src/portable/synopsys/dwc2/dcd_dwc2.o
 .text.edpt_schedule_packets
                0x0800c104      0x214 ./tinyusb-0.20.0/src/portable/synopsys/dwc2/dcd_dwc2.o
 .text.dcd_init
                0x0800c318      0x13c ./tinyusb-0.20.0/src/portable/synopsys/dwc2/dcd_dwc2.o
                0x0800c318                dcd_init
 .text.dcd_int_enable
                0x0800c454       0x50 ./tinyusb-0.20.0/src/portable/synopsys/dwc2/dcd_dwc2.o
                0x0800c454                dcd_int_enable
 .text.dcd_int_disable
                0x0800c4a4       0x50 ./tinyusb-0.20.0/src/portable/synopsys/dwc2/dcd_dwc2.o
                0x0800c4a4                dcd_int_disable
 .text.dcd_set_address
                0x0800c4f4       0x70 ./tinyusb-0.20.0/src/portable/synopsys/dwc2/dcd_dwc2.o
                0x0800c4f4                dcd_set_address
 .text.dcd_connect
                0x0800c564       0x44 ./tinyusb-0.20.0/src/portable/synopsys/dwc2/dcd_dwc2.o
                0x0800c564                dcd_connect
 .text.dcd_disconnect
                0x0800c5a8       0x44 ./tinyusb-0.20.0/src/portable/synopsys/dwc2/dcd_dwc2.o
                0x0800c5a8                dcd_disconnect
 .text.dcd_sof_enable
                0x0800c5ec       0x6c ./tinyusb-0.20.0/src/portable/synopsys/dwc2/dcd_dwc2.o
                0x0800c5ec                dcd_sof_enable
 .text.dcd_edpt_open
                0x0800c658       0x64 ./tinyusb-0.20.0/src/portable/synopsys/dwc2/dcd_dwc2.o
                0x0800c658                dcd_edpt_open
 .text.dcd_edpt_close_all
                0x0800c6bc      0x130 ./tinyusb-0.20.0/src/portable/synopsys/dwc2/dcd_dwc2.o
                0x0800c6bc                dcd_edpt_close_all
 .text.dcd_edpt_iso_alloc
                0x0800c7ec       0x50 ./tinyusb-0.20.0/src/portable/synopsys/dwc2/dcd_dwc2.o
                0x0800c7ec                dcd_edpt_iso_alloc
 .text.dcd_edpt_iso_activate
                0x0800c83c       0x2e ./tinyusb-0.20.0/src/portable/synopsys/dwc2/dcd_dwc2.o
                0x0800c83c                dcd_edpt_iso_activate
 *fill*         0x0800c86a        0x2 
 .text.dcd_edpt_xfer
                0x0800c86c       0xa8 ./tinyusb-0.20.0/src/portable/synopsys/dwc2/dcd_dwc2.o
                0x0800c86c                dcd_edpt_xfer
 .text.dcd_edpt_stall
                0x0800c914       0x6c ./tinyusb-0.20.0/src/portable/synopsys/dwc2/dcd_dwc2.o
                0x0800c914                dcd_edpt_stall
 .text.dcd_edpt_clear_stall
                0x0800c980       0x8c ./tinyusb-0.20.0/src/portable/synopsys/dwc2/dcd_dwc2.o
                0x0800c980                dcd_edpt_clear_stall
 .text.handle_bus_reset
                0x0800ca0c      0x204 ./tinyusb-0.20.0/src/portable/synopsys/dwc2/dcd_dwc2.o
 .text.handle_enum_done
                0x0800cc10       0x8c ./tinyusb-0.20.0/src/portable/synopsys/dwc2/dcd_dwc2.o
 .text.handle_rxflvl_irq
                0x0800cc9c      0x140 ./tinyusb-0.20.0/src/portable/synopsys/dwc2/dcd_dwc2.o
 .text.handle_epout_slave
                0x0800cddc      0x144 ./tinyusb-0.20.0/src/portable/synopsys/dwc2/dcd_dwc2.o
 .text.handle_epin_slave
                0x0800cf20      0x138 ./tinyusb-0.20.0/src/portable/synopsys/dwc2/dcd_dwc2.o
 .text.handle_ep_irq
                0x0800d058      0x120 ./tinyusb-0.20.0/src/portable/synopsys/dwc2/dcd_dwc2.o
 .text.handle_incomplete_iso_in
                0x0800d178      0x1bc ./tinyusb-0.20.0/src/portable/synopsys/dwc2/dcd_dwc2.o
 .text.dcd_int_handler
                0x0800d334      0x27c ./tinyusb-0.20.0/src/portable/synopsys/dwc2/dcd_dwc2.o
                0x0800d334                dcd_int_handler
 .text.dwc2_phy_init
                0x0800d5b0       0x54 ./tinyusb-0.20.0/src/portable/synopsys/dwc2/dwc2_common.o
 .text.dwc2_phy_update
                0x0800d604       0xec ./tinyusb-0.20.0/src/portable/synopsys/dwc2/dwc2_common.o
 .text.reset_core
                0x0800d6f0       0x7a ./tinyusb-0.20.0/src/portable/synopsys/dwc2/dwc2_common.o
 .text.phy_fs_init
                0x0800d76a       0x50 ./tinyusb-0.20.0/src/portable/synopsys/dwc2/dwc2_common.o
 .text.phy_hs_init
                0x0800d7ba       0xe6 ./tinyusb-0.20.0/src/portable/synopsys/dwc2/dwc2_common.o
 .text.check_dwc2
                0x0800d8a0       0x60 ./tinyusb-0.20.0/src/portable/synopsys/dwc2/dwc2_common.o
 .text.dwc2_core_is_highspeed
                0x0800d900       0x3a ./tinyusb-0.20.0/src/portable/synopsys/dwc2/dwc2_common.o
                0x0800d900                dwc2_core_is_highspeed
 *fill*         0x0800d93a        0x2 
 .text.dwc2_core_init
                0x0800d93c      0x118 ./tinyusb-0.20.0/src/portable/synopsys/dwc2/dwc2_common.o
                0x0800d93c                dwc2_core_init
 .text.dfifo_read_packet
                0x0800da54       0xa2 ./tinyusb-0.20.0/src/portable/synopsys/dwc2/dwc2_common.o
                0x0800da54                dfifo_read_packet
 .text.dfifo_write_packet
                0x0800daf6       0x94 ./tinyusb-0.20.0/src/portable/synopsys/dwc2/dwc2_common.o
                0x0800daf6                dfifo_write_packet
 *fill*         0x0800db8a        0x2 
 .text.tusb_rhport_init
                0x0800db8c       0xc8 ./tinyusb-0.20.0/src/tusb.o
                0x0800db8c                tusb_rhport_init
 .text.tu_edpt_claim
                0x0800dc54       0x78 ./tinyusb-0.20.0/src/tusb.o
                0x0800dc54                tu_edpt_claim
 .text.tu_edpt_release
                0x0800dccc       0x54 ./tinyusb-0.20.0/src/tusb.o
                0x0800dccc                tu_edpt_release
 .text.tu_edpt_validate
                0x0800dd20      0x134 ./tinyusb-0.20.0/src/tusb.o
                0x0800dd20                tu_edpt_validate
 .text.tu_edpt_bind_driver
                0x0800de54       0x8a ./tinyusb-0.20.0/src/tusb.o
                0x0800de54                tu_edpt_bind_driver
 .text.tu_edpt_stream_init
                0x0800dede       0x50 ./tinyusb-0.20.0/src/tusb.o
                0x0800dede                tu_edpt_stream_init
 .text.tu_edpt_stream_deinit
                0x0800df2e       0x16 ./tinyusb-0.20.0/src/tusb.o
                0x0800df2e                tu_edpt_stream_deinit
 .text.tu_edpt_stream_write_zlp_if_needed
                0x0800df44      0x108 ./tinyusb-0.20.0/src/tusb.o
                0x0800df44                tu_edpt_stream_write_zlp_if_needed
 .text.tu_edpt_stream_write_xfer
                0x0800e04c      0x10c ./tinyusb-0.20.0/src/tusb.o
                0x0800e04c                tu_edpt_stream_write_xfer
 .text.tu_edpt_stream_write
                0x0800e158      0x158 ./tinyusb-0.20.0/src/tusb.o
                0x0800e158                tu_edpt_stream_write
 .text.tu_edpt_stream_read_xfer
                0x0800e2b0      0x21c ./tinyusb-0.20.0/src/tusb.o
                0x0800e2b0                tu_edpt_stream_read_xfer
 .text.tu_edpt_stream_read
                0x0800e4cc       0x38 ./tinyusb-0.20.0/src/tusb.o
                0x0800e4cc                tu_edpt_stream_read
 .text._strtoul_l.isra.0
                0x0800e504       0xdc C:/ST/STM32CubeIDE_2.0.0/STM32CubeIDE/plugins/com.st.stm32cube.ide.mcu.externaltools.gnu-tools-for-stm32.14.3.rel1.win32_1.0.100.202602081740/tools/bin/../lib/gcc/arm-none-eabi/14.3.1/../../../../arm-none-eabi/lib/thumb/v7e-m+fp/hard\libc_nano.a(libc_a-strtoul.o)
 .text.strtoul  0x0800e5e0       0x14 C:/ST/STM32CubeIDE_2.0.0/STM32CubeIDE/plugins/com.st.stm32cube.ide.mcu.externaltools.gnu-tools-for-stm32.14.3.rel1.win32_1.0.100.202602081740/tools/bin/../lib/gcc/arm-none-eabi/14.3.1/../../../../arm-none-eabi/lib/thumb/v7e-m+fp/hard\libc_nano.a(libc_a-strtoul.o)
                0x0800e5e0                strtoul
 .text.sprintf  0x0800e5f4       0x44 C:/ST/STM32CubeIDE_2.0.0/STM32CubeIDE/plugins/com.st.stm32cube.ide.mcu.externaltools.gnu-tools-for-stm32.14.3.rel1.win32_1.0.100.202602081740/tools/bin/../lib/gcc/arm-none-eabi/14.3.1/../../../../arm-none-eabi/lib/thumb/v7e-m+fp/hard\libc_nano.a(libc_a-sprintf.o)
                0x0800e5f4                siprintf
                0x0800e5f4                sprintf
 .text.memset   0x0800e638       0x10 C:/ST/STM32CubeIDE_2.0.0/STM32CubeIDE/plugins/com.st.stm32cube.ide.mcu.externaltools.gnu-tools-for-stm32.14.3.rel1.win32_1.0.100.202602081740/tools/bin/../lib/gcc/arm-none-eabi/14.3.1/../../../../arm-none-eabi/lib/thumb/v7e-m+fp/hard\libc_nano.a(libc_a-memset.o)
                0x0800e638                memset
 .text.strncmp  0x0800e648       0x24 C:/ST/STM32CubeIDE_2.0.0/STM32CubeIDE/plugins/com.st.stm32cube.ide.mcu.externaltools.gnu-tools-for-stm32.14.3.rel1.win32_1.0.100.202602081740/tools/bin/../lib/gcc/arm-none-eabi/14.3.1/../../../../arm-none-eabi/lib/thumb/v7e-m+fp/hard\libc_nano.a(libc_a-strncmp.o)
                0x0800e648                strncmp
 .text.strncpy  0x0800e66c       0x26 C:/ST/STM32CubeIDE_2.0.0/STM32CubeIDE/plugins/com.st.stm32cube.ide.mcu.externaltools.gnu-tools-for-stm32.14.3.rel1.win32_1.0.100.202602081740/tools/bin/../lib/gcc/arm-none-eabi/14.3.1/../../../../arm-none-eabi/lib/thumb/v7e-m+fp/hard\libc_nano.a(libc_a-strncpy.o)
                0x0800e66c                strncpy
 *fill*         0x0800e692        0x2 
 .text.__errno  0x0800e694        0xc C:/ST/STM32CubeIDE_2.0.0/STM32CubeIDE/plugins/com.st.stm32cube.ide.mcu.externaltools.gnu-tools-for-stm32.14.3.rel1.win32_1.0.100.202602081740/tools/bin/../lib/gcc/arm-none-eabi/14.3.1/../../../../arm-none-eabi/lib/thumb/v7e-m+fp/hard\libc_nano.a(libc_a-errno.o)
                0x0800e694                __errno
 .text.__libc_init_array
                0x0800e6a0       0x48 C:/ST/STM32CubeIDE_2.0.0/STM32CubeIDE/plugins/com.st.stm32cube.ide.mcu.externaltools.gnu-tools-for-stm32.14.3.rel1.win32_1.0.100.202602081740/tools/bin/../lib/gcc/arm-none-eabi/14.3.1/../../../../arm-none-eabi/lib/thumb/v7e-m+fp/hard\libc_nano.a(libc_a-init.o)
                0x0800e6a0                __libc_init_array
 .text.__retarget_lock_acquire_recursive
                0x0800e6e8        0x2 C:/ST/STM32CubeIDE_2.0.0/STM32CubeIDE/plugins/com.st.stm32cube.ide.mcu.externaltools.gnu-tools-for-stm32.14.3.rel1.win32_1.0.100.202602081740/tools/bin/../lib/gcc/arm-none-eabi/14.3.1/../../../../arm-none-eabi/lib/thumb/v7e-m+fp/hard\libc_nano.a(libc_a-lock.o)
                0x0800e6e8                __retarget_lock_acquire_recursive
 .text.__retarget_lock_release_recursive
                0x0800e6ea        0x2 C:/ST/STM32CubeIDE_2.0.0/STM32CubeIDE/plugins/com.st.stm32cube.ide.mcu.externaltools.gnu-tools-for-stm32.14.3.rel1.win32_1.0.100.202602081740/tools/bin/../lib/gcc/arm-none-eabi/14.3.1/../../../../arm-none-eabi/lib/thumb/v7e-m+fp/hard\libc_nano.a(libc_a-lock.o)
                0x0800e6ea                __retarget_lock_release_recursive
 .text.memcpy   0x0800e6ec       0x1c C:/ST/STM32CubeIDE_2.0.0/STM32CubeIDE/plugins/com.st.stm32cube.ide.mcu.externaltools.gnu-tools-for-stm32.14.3.rel1.win32_1.0.100.202602081740/tools/bin/../lib/gcc/arm-none-eabi/14.3.1/../../../../arm-none-eabi/lib/thumb/v7e-m+fp/hard\libc_nano.a(libc_a-memcpy-stub.o)
                0x0800e6ec                memcpy
 .text._free_r  0x0800e708       0x94 C:/ST/STM32CubeIDE_2.0.0/STM32CubeIDE/plugins/com.st.stm32cube.ide.mcu.externaltools.gnu-tools-for-stm32.14.3.rel1.win32_1.0.100.202602081740/tools/bin/../lib/gcc/arm-none-eabi/14.3.1/../../../../arm-none-eabi/lib/thumb/v7e-m+fp/hard\libc_nano.a(libc_a-freer.o)
                0x0800e708                _free_r
 .text.sbrk_aligned
                0x0800e79c       0x44 C:/ST/STM32CubeIDE_2.0.0/STM32CubeIDE/plugins/com.st.stm32cube.ide.mcu.externaltools.gnu-tools-for-stm32.14.3.rel1.win32_1.0.100.202602081740/tools/bin/../lib/gcc/arm-none-eabi/14.3.1/../../../../arm-none-eabi/lib/thumb/v7e-m+fp/hard\libc_nano.a(libc_a-mallocr.o)
 .text._malloc_r
                0x0800e7e0      0x100 C:/ST/STM32CubeIDE_2.0.0/STM32CubeIDE/plugins/com.st.stm32cube.ide.mcu.externaltools.gnu-tools-for-stm32.14.3.rel1.win32_1.0.100.202602081740/tools/bin/../lib/gcc/arm-none-eabi/14.3.1/../../../../arm-none-eabi/lib/thumb/v7e-m+fp/hard\libc_nano.a(libc_a-mallocr.o)
                0x0800e7e0                _malloc_r
 .text.__malloc_lock
                0x0800e8e0        0xc C:/ST/STM32CubeIDE_2.0.0/STM32CubeIDE/plugins/com.st.stm32cube.ide.mcu.externaltools.gnu-tools-for-stm32.14.3.rel1.win32_1.0.100.202602081740/tools/bin/../lib/gcc/arm-none-eabi/14.3.1/../../../../arm-none-eabi/lib/thumb/v7e-m+fp/hard\libc_nano.a(libc_a-mlock.o)
                0x0800e8e0                __malloc_lock
 .text.__malloc_unlock
                0x0800e8ec        0xc C:/ST/STM32CubeIDE_2.0.0/STM32CubeIDE/plugins/com.st.stm32cube.ide.mcu.externaltools.gnu-tools-for-stm32.14.3.rel1.win32_1.0.100.202602081740/tools/bin/../lib/gcc/arm-none-eabi/14.3.1/../../../../arm-none-eabi/lib/thumb/v7e-m+fp/hard\libc_nano.a(libc_a-mlock.o)
                0x0800e8ec                __malloc_unlock
 .text.__ssputs_r
                0x0800e8f8       0xc0 C:/ST/STM32CubeIDE_2.0.0/STM32CubeIDE/plugins/com.st.stm32cube.ide.mcu.externaltools.gnu-tools-for-stm32.14.3.rel1.win32_1.0.100.202602081740/tools/bin/../lib/gcc/arm-none-eabi/14.3.1/../../../../arm-none-eabi/lib/thumb/v7e-m+fp/hard\libc_nano.a(libc_a-nano-svfprintf.o)
                0x0800e8f8                __ssputs_r
 .text._svfprintf_r
                0x0800e9b8      0x1f0 C:/ST/STM32CubeIDE_2.0.0/STM32CubeIDE/plugins/com.st.stm32cube.ide.mcu.externaltools.gnu-tools-for-stm32.14.3.rel1.win32_1.0.100.202602081740/tools/bin/../lib/gcc/arm-none-eabi/14.3.1/../../../../arm-none-eabi/lib/thumb/v7e-m+fp/hard\libc_nano.a(libc_a-nano-svfprintf.o)
                0x0800e9b8                _svfiprintf_r
                0x0800e9b8                _svfprintf_r
 .text._printf_common
                0x0800eba8       0xda C:/ST/STM32CubeIDE_2.0.0/STM32CubeIDE/plugins/com.st.stm32cube.ide.mcu.externaltools.gnu-tools-for-stm32.14.3.rel1.win32_1.0.100.202602081740/tools/bin/../lib/gcc/arm-none-eabi/14.3.1/../../../../arm-none-eabi/lib/thumb/v7e-m+fp/hard\libc_nano.a(libc_a-nano-vfprintf_i.o)
                0x0800eba8                _printf_common
 *fill*         0x0800ec82        0x2 
 .text._printf_i
                0x0800ec84      0x24c C:/ST/STM32CubeIDE_2.0.0/STM32CubeIDE/plugins/com.st.stm32cube.ide.mcu.externaltools.gnu-tools-for-stm32.14.3.rel1.win32_1.0.100.202602081740/tools/bin/../lib/gcc/arm-none-eabi/14.3.1/../../../../arm-none-eabi/lib/thumb/v7e-m+fp/hard\libc_nano.a(libc_a-nano-vfprintf_i.o)
                0x0800ec84                _printf_i
 .text.memmove  0x0800eed0       0x32 C:/ST/STM32CubeIDE_2.0.0/STM32CubeIDE/plugins/com.st.stm32cube.ide.mcu.externaltools.gnu-tools-for-stm32.14.3.rel1.win32_1.0.100.202602081740/tools/bin/../lib/gcc/arm-none-eabi/14.3.1/../../../../arm-none-eabi/lib/thumb/v7e-m+fp/hard\libc_nano.a(libc_a-memmove.o)
                0x0800eed0                memmove
 *fill*         0x0800ef02        0x2 
 .text._sbrk_r  0x0800ef04       0x20 C:/ST/STM32CubeIDE_2.0.0/STM32CubeIDE/plugins/com.st.stm32cube.ide.mcu.externaltools.gnu-tools-for-stm32.14.3.rel1.win32_1.0.100.202602081740/tools/bin/../lib/gcc/arm-none-eabi/14.3.1/../../../../arm-none-eabi/lib/thumb/v7e-m+fp/hard\libc_nano.a(libc_a-sbrkr.o)
                0x0800ef04                _sbrk_r
 .text._realloc_r
                0x0800ef24       0x5c C:/ST/STM32CubeIDE_2.0.0/STM32CubeIDE/plugins/com.st.stm32cube.ide.mcu.externaltools.gnu-tools-for-stm32.14.3.rel1.win32_1.0.100.202602081740/tools/bin/../lib/gcc/arm-none-eabi/14.3.1/../../../../arm-none-eabi/lib/thumb/v7e-m+fp/hard\libc_nano.a(libc_a-reallocr.o)
                0x0800ef24                _realloc_r
 .text._malloc_usable_size_r
                0x0800ef80       0x10 C:/ST/STM32CubeIDE_2.0.0/STM32CubeIDE/plugins/com.st.stm32cube.ide.mcu.externaltools.gnu-tools-for-stm32.14.3.rel1.win32_1.0.100.202602081740/tools/bin/../lib/gcc/arm-none-eabi/14.3.1/../../../../arm-none-eabi/lib/thumb/v7e-m+fp/hard\libc_nano.a(libc_a-msizer.o)
                0x0800ef80                _malloc_usable_size_r
 *(.glue_7)
 .glue_7        0x0800ef90        0x0 linker stubs
 *(.glue_7t)
 .glue_7t       0x0800ef90        0x0 linker stubs
 *(.eh_frame)
 .eh_frame      0x0800ef90        0x0 C:/ST/STM32CubeIDE_2.0.0/STM32CubeIDE/plugins/com.st.stm32cube.ide.mcu.externaltools.gnu-tools-for-stm32.14.3.rel1.win32_1.0.100.202602081740/tools/bin/../lib/gcc/arm-none-eabi/14.3.1/thumb/v7e-m+fp/hard/crtbegin.o
 *(.init)
 .init          0x0800ef90        0x4 C:/ST/STM32CubeIDE_2.0.0/STM32CubeIDE/plugins/com.st.stm32cube.ide.mcu.externaltools.gnu-tools-for-stm32.14.3.rel1.win32_1.0.100.202602081740/tools/bin/../lib/gcc/arm-none-eabi/14.3.1/thumb/v7e-m+fp/hard/crti.o
                0x0800ef90                _init
 .init          0x0800ef94        0x8 C:/ST/STM32CubeIDE_2.0.0/STM32CubeIDE/plugins/com.st.stm32cube.ide.mcu.externaltools.gnu-tools-for-stm32.14.3.rel1.win32_1.0.100.202602081740/tools/bin/../lib/gcc/arm-none-eabi/14.3.1/thumb/v7e-m+fp/hard/crtn.o
 *(.fini)
 .fini          0x0800ef9c        0x4 C:/ST/STM32CubeIDE_2.0.0/STM32CubeIDE/plugins/com.st.stm32cube.ide.mcu.externaltools.gnu-tools-for-stm32.14.3.rel1.win32_1.0.100.202602081740/tools/bin/../lib/gcc/arm-none-eabi/14.3.1/thumb/v7e-m+fp/hard/crti.o
                0x0800ef9c                _fini
 .fini          0x0800efa0        0x8 C:/ST/STM32CubeIDE_2.0.0/STM32CubeIDE/plugins/com.st.stm32cube.ide.mcu.externaltools.gnu-tools-for-stm32.14.3.rel1.win32_1.0.100.202602081740/tools/bin/../lib/gcc/arm-none-eabi/14.3.1/thumb/v7e-m+fp/hard/crtn.o
                0x0800efa8                        . = ALIGN (0x4)
                0x0800efa8                        _etext = .

.vfp11_veneer   0x0800efa8        0x0
 .vfp11_veneer  0x0800efa8        0x0 linker stubs

.v4_bx          0x0800efa8        0x0
 .v4_bx         0x0800efa8        0x0 linker stubs

.iplt           0x0800efa8        0x0
 .iplt          0x0800efa8        0x0 C:/ST/STM32CubeIDE_2.0.0/STM32CubeIDE/plugins/com.st.stm32cube.ide.mcu.externaltools.gnu-tools-for-stm32.14.3.rel1.win32_1.0.100.202602081740/tools/bin/../lib/gcc/arm-none-eabi/14.3.1/thumb/v7e-m+fp/hard/crtbegin.o

.rodata         0x0800efa8      0x468
                0x0800efa8                        . = ALIGN (0x4)
 *(.rodata)
 .rodata        0x0800efa8       0x8b ./Core/Src/cdc_app.o
 *fill*         0x0800f033        0x1 
 .rodata        0x0800f034        0x8 ./Core/Src/uac2_app.o
 .rodata        0x0800f03c       0x54 ./Core/Src/usb_descriptors.o
 *(.rodata*)
 .rodata.AHBPrescTable
                0x0800f090       0x10 ./Core/Src/system_stm32f4xx.o
                0x0800f090                AHBPrescTable
 .rodata.APBPrescTable
                0x0800f0a0        0x8 ./Core/Src/system_stm32f4xx.o
                0x0800f0a0                APBPrescTable
 .rodata.sample_rates
                0x0800f0a8        0x8 ./Core/Src/uac2_app.o
                0x0800f0a8                sample_rates
 .rodata.desc_device
                0x0800f0b0       0x12 ./Core/Src/usb_descriptors.o
                0x0800f0b0                desc_device
 *fill*         0x0800f0c2        0x2 
 .rodata.desc_configuration
                0x0800f0c4      0x183 ./Core/Src/usb_descriptors.o
                0x0800f0c4                desc_configuration
 *fill*         0x0800f247        0x1 
 .rodata.__compound_literal.0
                0x0800f248        0x2 ./Core/Src/usb_descriptors.o
 *fill*         0x0800f24a        0x2 
 .rodata.flagBitshiftOffset.0
                0x0800f24c        0x8 ./Drivers/STM32F4xx_HAL_Driver/Src/stm32f4xx_hal_dma.o
 .rodata._usbd_driver
                0x0800f254       0x48 ./tinyusb-0.20.0/src/device/usbd.o
 .rodata._dwc2_controller
                0x0800f29c       0x20 ./tinyusb-0.20.0/src/portable/synopsys/dwc2/dcd_dwc2.o
 .rodata._dwc2_controller
                0x0800f2bc       0x20 ./tinyusb-0.20.0/src/portable/synopsys/dwc2/dwc2_common.o
 .rodata._ctype_
                0x0800f2dc      0x101 C:/ST/STM32CubeIDE_2.0.0/STM32CubeIDE/plugins/com.st.stm32cube.ide.mcu.externaltools.gnu-tools-for-stm32.14.3.rel1.win32_1.0.100.202602081740/tools/bin/../lib/gcc/arm-none-eabi/14.3.1/../../../../arm-none-eabi/lib/thumb/v7e-m+fp/hard\libc_nano.a(libc_a-ctype_.o)
                0x0800f2dc                _ctype_
 .rodata._svfprintf_r.str1.1
                0x0800f3dd       0x33 C:/ST/STM32CubeIDE_2.0.0/STM32CubeIDE/plugins/com.st.stm32cube.ide.mcu.externaltools.gnu-tools-for-stm32.14.3.rel1.win32_1.0.100.202602081740/tools/bin/../lib/gcc/arm-none-eabi/14.3.1/../../../../arm-none-eabi/lib/thumb/v7e-m+fp/hard\libc_nano.a(libc_a-nano-svfprintf.o)
                                 0x11 (size before relaxing)
 .rodata._printf_i.str1.1
                0x0800f410       0x22 C:/ST/STM32CubeIDE_2.0.0/STM32CubeIDE/plugins/com.st.stm32cube.ide.mcu.externaltools.gnu-tools-for-stm32.14.3.rel1.win32_1.0.100.202602081740/tools/bin/../lib/gcc/arm-none-eabi/14.3.1/../../../../arm-none-eabi/lib/thumb/v7e-m+fp/hard\libc_nano.a(libc_a-nano-vfprintf_i.o)
                0x0800f434                        . = ALIGN (0x4)

.ARM.extab      0x0800f410        0x0
                0x0800f410                        . = ALIGN (0x4)
 *(.ARM.extab* .gnu.linkonce.armextab.*)
                0x0800f410                        . = ALIGN (0x4)

.ARM            0x0800f410        0x8
                0x0800f410                        . = ALIGN (0x4)
                0x0800f410                        __exidx_start = .
 *(.ARM.exidx*)
 .ARM.exidx     0x0800f410        0x8 C:/ST/STM32CubeIDE_2.0.0/STM32CubeIDE/plugins/com.st.stm32cube.ide.mcu.externaltools.gnu-tools-for-stm32.14.3.rel1.win32_1.0.100.202602081740/tools/bin/../lib/gcc/arm-none-eabi/14.3.1/../../../../arm-none-eabi/lib/thumb/v7e-m+fp/hard\libc_nano.a(libc_a-strlen.o)
 .ARM.exidx     0x0800f418        0x0 C:/ST/STM32CubeIDE_2.0.0/STM32CubeIDE/plugins/com.st.stm32cube.ide.mcu.externaltools.gnu-tools-for-stm32.14.3.rel1.win32_1.0.100.202602081740/tools/bin/../lib/gcc/arm-none-eabi/14.3.1/../../../../arm-none-eabi/lib/thumb/v7e-m+fp/hard\libc_nano.a(libc_a-memchr.o)
                                  0x8 (size before relaxing)
 .ARM.exidx     0x0800f418        0x0 C:/ST/STM32CubeIDE_2.0.0/STM32CubeIDE/plugins/com.st.stm32cube.ide.mcu.externaltools.gnu-tools-for-stm32.14.3.rel1.win32_1.0.100.202602081740/tools/bin/../lib/gcc/arm-none-eabi/14.3.1/thumb/v7e-m+fp/hard\libgcc.a(_udivmoddi4.o)
                                  0x8 (size before relaxing)
                0x0800f418                        __exidx_end = .
                0x0800f418                        . = ALIGN (0x4)

.preinit_array  0x0800f418        0x0
                0x0800f418                        . = ALIGN (0x4)
                0x0800f418                        PROVIDE (__preinit_array_start = .)
 *(.preinit_array*)
                0x0800f418                        PROVIDE (__preinit_array_end = .)
                0x0800f418                        . = ALIGN (0x4)

.init_array     0x0800f418        0x4
                0x0800f418                        . = ALIGN (0x4)
                0x0800f418                        PROVIDE (__init_array_start = .)
 *(SORT_BY_NAME(.init_array.*))
 *(.init_array*)
 .init_array    0x0800f418        0x4 C:/ST/STM32CubeIDE_2.0.0/STM32CubeIDE/plugins/com.st.stm32cube.ide.mcu.externaltools.gnu-tools-for-stm32.14.3.rel1.win32_1.0.100.202602081740/tools/bin/../lib/gcc/arm-none-eabi/14.3.1/thumb/v7e-m+fp/hard/crtbegin.o
                0x0800f41c                        PROVIDE (__init_array_end = .)
                0x0800f41c                        . = ALIGN (0x4)

.fini_array     0x0800f41c        0x4
                0x0800f41c                        . = ALIGN (0x4)
                [!provide]                        PROVIDE (__fini_array_start = .)
 *(SORT_BY_NAME(.fini_array.*))
 *(.fini_array*)
 .fini_array    0x0800f41c        0x4 C:/ST/STM32CubeIDE_2.0.0/STM32CubeIDE/plugins/com.st.stm32cube.ide.mcu.externaltools.gnu-tools-for-stm32.14.3.rel1.win32_1.0.100.202602081740/tools/bin/../lib/gcc/arm-none-eabi/14.3.1/thumb/v7e-m+fp/hard/crtbegin.o
                [!provide]                        PROVIDE (__fini_array_end = .)
                0x0800f420                        . = ALIGN (0x4)
                0x0800f420                        _sidata = LOADADDR (.data)

.rel.dyn        0x0800f420        0x0
 .rel.iplt      0x0800f420        0x0 C:/ST/STM32CubeIDE_2.0.0/STM32CubeIDE/plugins/com.st.stm32cube.ide.mcu.externaltools.gnu-tools-for-stm32.14.3.rel1.win32_1.0.100.202602081740/tools/bin/../lib/gcc/arm-none-eabi/14.3.1/thumb/v7e-m+fp/hard/crtbegin.o

.data           0x20000000       0xa8 load address 0x0800f420
                0x20000000                        . = ALIGN (0x4)
                0x20000000                        _sdata = .
 *(.data)
 *(.data*)
 .data.current_freq
                0x20000000        0x4 ./Core/Src/cdc_app.o
 .data.current_mode
                0x20000004        0x1 ./Core/Src/cdc_app.o
 *fill*         0x20000005        0x3 
 .data.dc_offset_i
                0x20000008        0x4 ./Core/Src/main.o
                0x20000008                dc_offset_i
 .data.SystemCoreClock
                0x2000000c        0x4 ./Core/Src/system_stm32f4xx.o
                0x2000000c                SystemCoreClock
 .data.current_sample_rate
                0x20000010        0x4 ./Core/Src/uac2_app.o
                0x20000010                current_sample_rate
 .data.blink_interval_ms
                0x20000014        0x4 ./Core/Src/uac2_app.o
                0x20000014                blink_interval_ms
 .data.string_desc_arr
                0x20000018       0x1c ./Core/Src/usb_descriptors.o
                0x20000018                string_desc_arr
 .data.uwTickPrio
                0x20000034        0x4 ./Drivers/STM32F4xx_HAL_Driver/Src/stm32f4xx_hal.o
                0x20000034                uwTickPrio
 .data.uwTickFreq
                0x20000038        0x1 ./Drivers/STM32F4xx_HAL_Driver/Src/stm32f4xx_hal.o
                0x20000038                uwTickFreq
 *fill*         0x20000039        0x3 
 .data._cdcd_cfg
                0x2000003c        0x1 ./tinyusb-0.20.0/src/class/cdc/cdc_device.o
 .data._usbd_rhport
                0x2000003d        0x1 ./tinyusb-0.20.0/src/device/usbd.o
 *fill*         0x2000003e        0x2 
 .data._usbd_spin
                0x20000040        0x8 ./tinyusb-0.20.0/src/device/usbd.o
 .data._usbd_qdef
                0x20000048       0x10 ./tinyusb-0.20.0/src/device/usbd.o
                0x20000048                _usbd_qdef
 .data._impure_ptr
                0x20000058        0x4 C:/ST/STM32CubeIDE_2.0.0/STM32CubeIDE/plugins/com.st.stm32cube.ide.mcu.externaltools.gnu-tools-for-stm32.14.3.rel1.win32_1.0.100.202602081740/tools/bin/../lib/gcc/arm-none-eabi/14.3.1/../../../../arm-none-eabi/lib/thumb/v7e-m+fp/hard\libc_nano.a(libc_a-impure.o)
                0x20000058                _impure_ptr
 .data._impure_data
                0x2000005c       0x4c C:/ST/STM32CubeIDE_2.0.0/STM32CubeIDE/plugins/com.st.stm32cube.ide.mcu.externaltools.gnu-tools-for-stm32.14.3.rel1.win32_1.0.100.202602081740/tools/bin/../lib/gcc/arm-none-eabi/14.3.1/../../../../arm-none-eabi/lib/thumb/v7e-m+fp/hard\libc_nano.a(libc_a-impure.o)
                0x2000005c                _impure_data
 *(.RamFunc)
 *(.RamFunc*)
                0x200000a8                        . = ALIGN (0x4)
                0x200000a8                        _edata = .

.igot.plt       0x200000a8        0x0 load address 0x0800f4c8
 .igot.plt      0x200000a8        0x0 C:/ST/STM32CubeIDE_2.0.0/STM32CubeIDE/plugins/com.st.stm32cube.ide.mcu.externaltools.gnu-tools-for-stm32.14.3.rel1.win32_1.0.100.202602081740/tools/bin/../lib/gcc/arm-none-eabi/14.3.1/thumb/v7e-m+fp/hard/crtbegin.o
                0x200000a8                        . = ALIGN (0x4)

.bss            0x200000a8     0x3b80 load address 0x0800f4c8
                0x200000a8                        _sbss = .
                0x200000a8                        __bss_start__ = _sbss
 *(.bss)
 .bss           0x200000a8       0x1c C:/ST/STM32CubeIDE_2.0.0/STM32CubeIDE/plugins/com.st.stm32cube.ide.mcu.externaltools.gnu-tools-for-stm32.14.3.rel1.win32_1.0.100.202602081740/tools/bin/../lib/gcc/arm-none-eabi/14.3.1/thumb/v7e-m+fp/hard/crtbegin.o
 *(.bss*)
 .bss.cat_rx_buf
                0x200000c4       0x40 ./Core/Src/cdc_app.o
 .bss.cat_rx_idx
                0x20000104        0x1 ./Core/Src/cdc_app.o
 .bss.is_tx     0x20000105        0x1 ./Core/Src/cdc_app.o
 *fill*         0x20000106        0x2 
 .bss.hadc1     0x20000108       0x48 ./Core/Src/main.o
                0x20000108                hadc1
 .bss.hadc2     0x20000150       0x48 ./Core/Src/main.o
                0x20000150                hadc2
 .bss.hdma_adc1
                0x20000198       0x60 ./Core/Src/main.o
                0x20000198                hdma_adc1
 .bss.hi2c1     0x200001f8       0x54 ./Core/Src/main.o
                0x200001f8                hi2c1
 .bss.htim3     0x2000024c       0x48 ./Core/Src/main.o
                0x2000024c                htim3
 .bss.hpcd_USB_OTG_FS
                0x20000294      0x4e4 ./Core/Src/main.o
                0x20000294                hpcd_USB_OTG_FS
 .bss.adc_dma_buf
                0x20000778      0x400 ./Core/Src/main.o
                0x20000778                adc_dma_buf
 .bss.audio_fifo
                0x20000b78     0x2000 ./Core/Src/main.o
                0x20000b78                audio_fifo
 .bss.audio_fifo_head
                0x20002b78        0x2 ./Core/Src/main.o
                0x20002b78                audio_fifo_head
 .bss.audio_fifo_tail
                0x20002b7a        0x2 ./Core/Src/main.o
                0x20002b7a                audio_fifo_tail
 .bss.audio_fifo_count
                0x20002b7c        0x2 ./Core/Src/main.o
                0x20002b7c                audio_fifo_count
 *fill*         0x20002b7e        0x2 
 .bss.si5351Correction
                0x20002b80        0x4 ./Core/Src/si5351.o
                0x20002b80                si5351Correction
 .bss.__sbrk_heap_end
                0x20002b84        0x4 ./Core/Src/sysmem.o
 .bss.mute      0x20002b88        0x3 ./Core/Src/uac2_app.o
                0x20002b88                mute
 *fill*         0x20002b8b        0x1 
 .bss.volume    0x20002b8c        0x6 ./Core/Src/uac2_app.o
                0x20002b8c                volume
 *fill*         0x20002b92        0x2 
 .bss.spk_buf   0x20002b94      0x310 ./Core/Src/uac2_app.o
                0x20002b94                spk_buf
 .bss.mic_buf   0x20002ea4       0xc4 ./Core/Src/uac2_app.o
                0x20002ea4                mic_buf
 .bss.spk_data_size
                0x20002f68        0x2 ./Core/Src/uac2_app.o
                0x20002f68                spk_data_size
 .bss.current_resolution
                0x20002f6a        0x1 ./Core/Src/uac2_app.o
                0x20002f6a                current_resolution
 *fill*         0x20002f6b        0x1 
 .bss._desc_str
                0x20002f6c       0x40 ./Core/Src/usb_descriptors.o
 .bss.uwTick    0x20002fac        0x4 ./Drivers/STM32F4xx_HAL_Driver/Src/stm32f4xx_hal.o
                0x20002fac                uwTick
 .bss.ep_in_sw_buf
                0x20002fb0      0x188 ./tinyusb-0.20.0/src/class/audio/audio_device.o
 .bss.lin_buf_in
                0x20003138       0xc4 ./tinyusb-0.20.0/src/class/audio/audio_device.o
 .bss.ep_out_sw_buf
                0x200031fc      0x310 ./tinyusb-0.20.0/src/class/audio/audio_device.o
 .bss.lin_buf_out
                0x2000350c      0x188 ./tinyusb-0.20.0/src/class/audio/audio_device.o
 .bss.ctrl_buf  0x20003694       0x40 ./tinyusb-0.20.0/src/class/audio/audio_device.o
                0x20003694                ctrl_buf
 .bss._audiod_fct
                0x200036d4       0x50 ./tinyusb-0.20.0/src/class/audio/audio_device.o
 .bss.ctrl_blackout.0
                0x20003724        0x4 ./tinyusb-0.20.0/src/class/audio/audio_device.o
 .bss._cdcd_itf
                0x20003728       0xb4 ./tinyusb-0.20.0/src/class/cdc/cdc_device.o
 .bss._cdcd_epbuf
                0x200037dc       0x80 ./tinyusb-0.20.0/src/class/cdc/cdc_device.o
 .bss._usbd_dev
                0x2000385c       0x2c ./tinyusb-0.20.0/src/device/usbd.o
 .bss._usbd_queued_setup
                0x20003888        0x1 ./tinyusb-0.20.0/src/device/usbd.o
 *fill*         0x20003889        0x3 
 .bss._app_driver
                0x2000388c        0x4 ./tinyusb-0.20.0/src/device/usbd.o
 .bss._app_driver_count
                0x20003890        0x1 ./tinyusb-0.20.0/src/device/usbd.o
 *fill*         0x20003891        0x3 
 .bss._usbd_qdef_buf
                0x20003894       0xc0 ./tinyusb-0.20.0/src/device/usbd.o
                0x20003894                _usbd_qdef_buf
 .bss._usbd_q   0x20003954        0x4 ./tinyusb-0.20.0/src/device/usbd.o
 .bss._ctrl_xfer
                0x20003958       0x14 ./tinyusb-0.20.0/src/device/usbd_control.o
 .bss._ctrl_epbuf
                0x2000396c       0x40 ./tinyusb-0.20.0/src/device/usbd_control.o
 .bss.xfer_status
                0x200039ac      0x120 ./tinyusb-0.20.0/src/portable/synopsys/dwc2/dcd_dwc2.o
 .bss._dcd_data
                0x20003acc        0x8 ./tinyusb-0.20.0/src/portable/synopsys/dwc2/dcd_dwc2.o
 .bss._dcd_usbbuf
                0x20003ad4        0x8 ./tinyusb-0.20.0/src/portable/synopsys/dwc2/dcd_dwc2.o
 .bss._tusb_rhport_role
                0x20003adc        0x2 ./tinyusb-0.20.0/src/tusb.o
                0x20003adc                _tusb_rhport_role
 *fill*         0x20003ade        0x2 
 .bss.__sf      0x20003ae0      0x138 C:/ST/STM32CubeIDE_2.0.0/STM32CubeIDE/plugins/com.st.stm32cube.ide.mcu.externaltools.gnu-tools-for-stm32.14.3.rel1.win32_1.0.100.202602081740/tools/bin/../lib/gcc/arm-none-eabi/14.3.1/../../../../arm-none-eabi/lib/thumb/v7e-m+fp/hard\libc_nano.a(libc_a-findfp.o)
                0x20003ae0                __sf
 .bss.errno     0x20003c18        0x4 C:/ST/STM32CubeIDE_2.0.0/STM32CubeIDE/plugins/com.st.stm32cube.ide.mcu.externaltools.gnu-tools-for-stm32.14.3.rel1.win32_1.0.100.202602081740/tools/bin/../lib/gcc/arm-none-eabi/14.3.1/../../../../arm-none-eabi/lib/thumb/v7e-m+fp/hard\libc_nano.a(libc_a-reent.o)
                0x20003c18                errno
 .bss.__lock___malloc_recursive_mutex
                0x20003c1c        0x1 C:/ST/STM32CubeIDE_2.0.0/STM32CubeIDE/plugins/com.st.stm32cube.ide.mcu.externaltools.gnu-tools-for-stm32.14.3.rel1.win32_1.0.100.202602081740/tools/bin/../lib/gcc/arm-none-eabi/14.3.1/../../../../arm-none-eabi/lib/thumb/v7e-m+fp/hard\libc_nano.a(libc_a-lock.o)
                0x20003c1c                __lock___malloc_recursive_mutex
 *fill*         0x20003c1d        0x3 
 .bss.__malloc_sbrk_start
                0x20003c20        0x4 C:/ST/STM32CubeIDE_2.0.0/STM32CubeIDE/plugins/com.st.stm32cube.ide.mcu.externaltools.gnu-tools-for-stm32.14.3.rel1.win32_1.0.100.202602081740/tools/bin/../lib/gcc/arm-none-eabi/14.3.1/../../../../arm-none-eabi/lib/thumb/v7e-m+fp/hard\libc_nano.a(libc_a-mallocr.o)
                0x20003c20                __malloc_sbrk_start
 .bss.__malloc_free_list
                0x20003c24        0x4 C:/ST/STM32CubeIDE_2.0.0/STM32CubeIDE/plugins/com.st.stm32cube.ide.mcu.externaltools.gnu-tools-for-stm32.14.3.rel1.win32_1.0.100.202602081740/tools/bin/../lib/gcc/arm-none-eabi/14.3.1/../../../../arm-none-eabi/lib/thumb/v7e-m+fp/hard\libc_nano.a(libc_a-mallocr.o)
                0x20003c24                __malloc_free_list
 *(COMMON)
                0x20003c28                        . = ALIGN (0x4)
                0x20003c28                        _ebss = .
                0x20003c28                        __bss_end__ = _ebss

._user_heap_stack
                0x20003c28     0x1600 load address 0x0800f4c8
                0x20003c28                        . = ALIGN (0x8)
                [!provide]                        PROVIDE (end = .)
                0x20003c28                        PROVIDE (_end = .)
                0x20004228                        . = (. + _Min_Heap_Size)
 *fill*         0x20003c28      0x600 
                0x20005228                        . = (. + _Min_Stack_Size)
 *fill*         0x20004228     0x1000 
                0x20005228                        . = ALIGN (0x8)

/DISCARD/
 libc.a(*)
 libm.a(*)
 libgcc.a(*)

.ARM.attributes
                0x00000000       0x30
 *(.ARM.attributes)
 .ARM.attributes
                0x00000000       0x22 C:/ST/STM32CubeIDE_2.0.0/STM32CubeIDE/plugins/com.st.stm32cube.ide.mcu.externaltools.gnu-tools-for-stm32.14.3.rel1.win32_1.0.100.202602081740/tools/bin/../lib/gcc/arm-none-eabi/14.3.1/thumb/v7e-m+fp/hard/crti.o
 .ARM.attributes
                0x00000022       0x34 C:/ST/STM32CubeIDE_2.0.0/STM32CubeIDE/plugins/com.st.stm32cube.ide.mcu.externaltools.gnu-tools-for-stm32.14.3.rel1.win32_1.0.100.202602081740/tools/bin/../lib/gcc/arm-none-eabi/14.3.1/thumb/v7e-m+fp/hard/crtbegin.o
 .ARM.attributes
                0x00000056       0x34 ./Core/Src/cdc_app.o
 .ARM.attributes
                0x0000008a       0x34 ./Core/Src/main.o
 .ARM.attributes
                0x000000be       0x34 ./Core/Src/si5351.o
 .ARM.attributes
                0x000000f2       0x34 ./Core/Src/stm32f4xx_hal_msp.o
 .ARM.attributes
                0x00000126       0x34 ./Core/Src/stm32f4xx_it.o
 .ARM.attributes
                0x0000015a       0x34 ./Core/Src/sysmem.o
 .ARM.attributes
                0x0000018e       0x34 ./Core/Src/system_stm32f4xx.o
 .ARM.attributes
                0x000001c2       0x34 ./Core/Src/uac2_app.o
 .ARM.attributes
                0x000001f6       0x34 ./Core/Src/usb_descriptors.o
 .ARM.attributes
                0x0000022a       0x21 ./Core/Startup/startup_stm32f446retx.o
 .ARM.attributes
                0x0000024b       0x34 ./Drivers/STM32F4xx_HAL_Driver/Src/stm32f4xx_hal.o
 .ARM.attributes
                0x0000027f       0x34 ./Drivers/STM32F4xx_HAL_Driver/Src/stm32f4xx_hal_adc.o
 .ARM.attributes
                0x000002b3       0x34 ./Drivers/STM32F4xx_HAL_Driver/Src/stm32f4xx_hal_adc_ex.o
 .ARM.attributes
                0x000002e7       0x34 ./Drivers/STM32F4xx_HAL_Driver/Src/stm32f4xx_hal_cortex.o
 .ARM.attributes
                0x0000031b       0x34 ./Drivers/STM32F4xx_HAL_Driver/Src/stm32f4xx_hal_dma.o
 .ARM.attributes
                0x0000034f       0x34 ./Drivers/STM32F4xx_HAL_Driver/Src/stm32f4xx_hal_gpio.o
 .ARM.attributes
                0x00000383       0x34 ./Drivers/STM32F4xx_HAL_Driver/Src/stm32f4xx_hal_i2c.o
 .ARM.attributes
                0x000003b7       0x34 ./Drivers/STM32F4xx_HAL_Driver/Src/stm32f4xx_hal_pcd.o
 .ARM.attributes
                0x000003eb       0x34 ./Drivers/STM32F4xx_HAL_Driver/Src/stm32f4xx_hal_pcd_ex.o
 .ARM.attributes
                0x0000041f       0x34 ./Drivers/STM32F4xx_HAL_Driver/Src/stm32f4xx_hal_rcc.o
 .ARM.attributes
                0x00000453       0x34 ./Drivers/STM32F4xx_HAL_Driver/Src/stm32f4xx_hal_rcc_ex.o
 .ARM.attributes
                0x00000487       0x34 ./Drivers/STM32F4xx_HAL_Driver/Src/stm32f4xx_hal_tim.o
 .ARM.attributes
                0x000004bb       0x34 ./Drivers/STM32F4xx_HAL_Driver/Src/stm32f4xx_hal_tim_ex.o
 .ARM.attributes
                0x000004ef       0x34 ./Drivers/STM32F4xx_HAL_Driver/Src/stm32f4xx_ll_usb.o
 .ARM.attributes
                0x00000523       0x34 ./tinyusb-0.20.0/src/class/audio/audio_device.o
 .ARM.attributes
                0x00000557       0x34 ./tinyusb-0.20.0/src/class/cdc/cdc_device.o
 .ARM.attributes